/home/jsmoon/yax_jeju/install/my_custom_pkg/lib/python3.10/site-packages/my_custom_pkg/__init__.py
/home/jsmoon/yax_jeju/install/my_custom_pkg/lib/python3.10/site-packages/my_custom_pkg/waypoint_follower_node.py
/home/jsmoon/yax_jeju/install/my_custom_pkg/lib/python3.10/site-packages/my_custom_pkg/cone_camera_node.py
/home/jsmoon/yax_jeju/install/my_custom_pkg/lib/python3.10/site-packages/my_custom_pkg/lane_detection_node.py
/home/jsmoon/yax_jeju/install/my_custom_pkg/lib/python3.10/site-packages/my_custom_pkg/tunnel_nav_node.py
/home/jsmoon/yax_jeju/install/my_custom_pkg/lib/python3.10/site-packages/my_custom_pkg/obstacle_detect_node.py
/home/jsmoon/yax_jeju/install/my_custom_pkg/lib/python3.10/site-packages/my_custom_pkg/mission_controller_node.py
/home/jsmoon/yax_jeju/install/my_custom_pkg/lib/python3.10/site-packages/my_custom_pkg/lib/__init__.py
/home/jsmoon/yax_jeju/install/my_custom_pkg/lib/python3.10/site-packages/my_custom_pkg/lib/pid_controller.py
/home/jsmoon/yax_jeju/install/my_custom_pkg/lib/python3.10/site-packages/my_custom_pkg/__pycache__/__init__.cpython-310.pyc
/home/jsmoon/yax_jeju/install/my_custom_pkg/lib/python3.10/site-packages/my_custom_pkg/__pycache__/waypoint_follower_node.cpython-310.pyc
/home/jsmoon/yax_jeju/install/my_custom_pkg/lib/python3.10/site-packages/my_custom_pkg/__pycache__/cone_camera_node.cpython-310.pyc
/home/jsmoon/yax_jeju/install/my_custom_pkg/lib/python3.10/site-packages/my_custom_pkg/__pycache__/lane_detection_node.cpython-310.pyc
/home/jsmoon/yax_jeju/install/my_custom_pkg/lib/python3.10/site-packages/my_custom_pkg/__pycache__/tunnel_nav_node.cpython-310.pyc
/home/jsmoon/yax_jeju/install/my_custom_pkg/lib/python3.10/site-packages/my_custom_pkg/__pycache__/obstacle_detect_node.cpython-310.pyc
/home/jsmoon/yax_jeju/install/my_custom_pkg/lib/python3.10/site-packages/my_custom_pkg/__pycache__/mission_controller_node.cpython-310.pyc
/home/jsmoon/yax_jeju/install/my_custom_pkg/lib/python3.10/site-packages/my_custom_pkg/lib/__pycache__/__init__.cpython-310.pyc
/home/jsmoon/yax_jeju/install/my_custom_pkg/lib/python3.10/site-packages/my_custom_pkg/lib/__pycache__/pid_controller.cpython-310.pyc
/home/jsmoon/yax_jeju/install/my_custom_pkg/share/ament_index/resource_index/packages/my_custom_pkg
/home/jsmoon/yax_jeju/install/my_custom_pkg/share/my_custom_pkg/package.xml
/home/jsmoon/yax_jeju/install/my_custom_pkg/share/my_custom_pkg/config/params.yaml
/home/jsmoon/yax_jeju/install/my_custom_pkg/share/my_custom_pkg/launch/mission_launch.py
/home/jsmoon/yax_jeju/install/my_custom_pkg/lib/python3.10/site-packages/my_custom_pkg-0.0.1-py3.10.egg-info/entry_points.txt
/home/jsmoon/yax_jeju/install/my_custom_pkg/lib/python3.10/site-packages/my_custom_pkg-0.0.1-py3.10.egg-info/requires.txt
/home/jsmoon/yax_jeju/install/my_custom_pkg/lib/python3.10/site-packages/my_custom_pkg-0.0.1-py3.10.egg-info/dependency_links.txt
/home/jsmoon/yax_jeju/install/my_custom_pkg/lib/python3.10/site-packages/my_custom_pkg-0.0.1-py3.10.egg-info/zip-safe
/home/jsmoon/yax_jeju/install/my_custom_pkg/lib/python3.10/site-packages/my_custom_pkg-0.0.1-py3.10.egg-info/SOURCES.txt
/home/jsmoon/yax_jeju/install/my_custom_pkg/lib/python3.10/site-packages/my_custom_pkg-0.0.1-py3.10.egg-info/top_level.txt
/home/jsmoon/yax_jeju/install/my_custom_pkg/lib/python3.10/site-packages/my_custom_pkg-0.0.1-py3.10.egg-info/PKG-INFO
/home/jsmoon/yax_jeju/install/my_custom_pkg/lib/my_custom_pkg/cone_camera_node
/home/jsmoon/yax_jeju/install/my_custom_pkg/lib/my_custom_pkg/lane_detection_node
/home/jsmoon/yax_jeju/install/my_custom_pkg/lib/my_custom_pkg/mission_controller_node
/home/jsmoon/yax_jeju/install/my_custom_pkg/lib/my_custom_pkg/obstacle_detect_node
/home/jsmoon/yax_jeju/install/my_custom_pkg/lib/my_custom_pkg/tunnel_nav_node
/home/jsmoon/yax_jeju/install/my_custom_pkg/lib/my_custom_pkg/waypoint_follower_node
