[2.191s] Invoking command in '/home/jsmoon/yax_jeju/build/ntrip_client': PYTHONPATH=/home/jsmoon/yax_jeju/build/ntrip_client/prefix_override:/usr/lib/python3/dist-packages/colcon_core/task/python/colcon_distutils_commands:/home/jsmoon/yax_jeju/install/ntrip_client/lib/python3.10/site-packages:${PYTHONPATH} /usr/bin/python3 -W ignore:setup.py install is deprecated -W ignore:easy_install command is deprecated setup.py develop --editable --build-directory /home/jsmoon/yax_jeju/build/ntrip_client/build --no-deps symlink_data
[2.427s] running develop
[2.603s] running egg_info
[2.603s] creating src/ntrip_client.egg-info
[2.603s] writing src/ntrip_client.egg-info/PKG-INFO
[2.604s] writing dependency_links to src/ntrip_client.egg-info/dependency_links.txt
[2.604s] writing requirements to src/ntrip_client.egg-info/requires.txt
[2.604s] writing top-level names to src/ntrip_client.egg-info/top_level.txt
[2.604s] writing manifest file 'src/ntrip_client.egg-info/SOURCES.txt'
[2.608s] reading manifest file 'src/ntrip_client.egg-info/SOURCES.txt'
[2.608s] writing manifest file 'src/ntrip_client.egg-info/SOURCES.txt'
[2.641s] running build_ext
[2.641s] Creating /home/jsmoon/yax_jeju/install/ntrip_client/lib/python3.10/site-packages/ntrip-client.egg-link (link to src)
[2.643s] Installing ntrip_ros.py script to /home/jsmoon/yax_jeju/install/ntrip_client/lib/ntrip_client
[2.643s] 
[2.643s] Installed /home/jsmoon/yax_jeju/build/ntrip_client/src
[2.643s] running symlink_data
[2.643s] creating /home/jsmoon/yax_jeju/install/ntrip_client/share/ament_index
[2.643s] creating /home/jsmoon/yax_jeju/install/ntrip_client/share/ament_index/resource_index
[2.643s] creating /home/jsmoon/yax_jeju/install/ntrip_client/share/ament_index/resource_index/packages
[2.643s] symbolically linking /home/jsmoon/yax_jeju/build/ntrip_client/resource/ntrip_client -> /home/jsmoon/yax_jeju/install/ntrip_client/share/ament_index/resource_index/packages
[2.643s] symbolically linking /home/jsmoon/yax_jeju/build/ntrip_client/package.xml -> /home/jsmoon/yax_jeju/install/ntrip_client/share/ntrip_client
[2.643s] symbolically linking /home/jsmoon/yax_jeju/build/ntrip_client/launch/ntrip_client_launch.py -> /home/jsmoon/yax_jeju/install/ntrip_client/share/ntrip_client
[2.716s] Invoked command in '/home/jsmoon/yax_jeju/build/ntrip_client' returned '0': PYTHONPATH=/home/jsmoon/yax_jeju/build/ntrip_client/prefix_override:/usr/lib/python3/dist-packages/colcon_core/task/python/colcon_distutils_commands:/home/jsmoon/yax_jeju/install/ntrip_client/lib/python3.10/site-packages:${PYTHONPATH} /usr/bin/python3 -W ignore:setup.py install is deprecated -W ignore:easy_install command is deprecated setup.py develop --editable --build-directory /home/jsmoon/yax_jeju/build/ntrip_client/build --no-deps symlink_data
