[0.040s] Invoking command in '/home/jsmoon/yax_jeju/build/rtcm_msgs': CMAKE_PREFIX_PATH=${CMAKE_PREFIX_PATH}:/opt/ros/humble /usr/bin/cmake /home/jsmoon/yax_jeju/src/RTK_GPS_NTRIP/rtcm_msgs -DAMENT_CMAKE_SYMLINK_INSTALL=1 -DCMAKE_INSTALL_PREFIX=/home/jsmoon/yax_jeju/install/rtcm_msgs
[1.385s] -- The C compiler identification is GNU 11.4.0
[1.385s] -- The CXX compiler identification is GNU 11.4.0
[1.385s] -- Detecting C compiler ABI info
[1.385s] -- Detecting C compiler ABI info - done
[1.385s] -- Check for working C compiler: /usr/bin/cc - skipped
[1.385s] -- Detecting C compile features
[1.385s] -- Detecting C compile features - done
[1.385s] -- Detecting CXX compiler ABI info
[1.385s] -- Detecting CXX compiler ABI info - done
[1.385s] -- Check for working CXX compiler: /usr/bin/c++ - skipped
[1.385s] -- Detecting CXX compile features
[1.385s] -- Detecting CXX compile features - done
[1.385s] -- Found ros_environment: 3.2.2 (/opt/ros/humble/share/ros_environment/cmake)
[1.385s] -- Found std_msgs: 4.9.0 (/opt/ros/humble/share/std_msgs/cmake)
[1.385s] -- Found Python3: /home/jsmoon/.pyenv/shims/python3 (found version "3.10.12") found components: Interpreter 
[1.386s] -- Override CMake install command with custom implementation using symlinks instead of copying resources
[1.386s] -- Found rosidl_generator_c: 3.1.7 (/opt/ros/humble/share/rosidl_generator_c/cmake)
[1.386s] -- Found rosidl_adapter: 3.1.7 (/opt/ros/humble/share/rosidl_adapter/cmake)
[1.386s] -- Found rosidl_generator_cpp: 3.1.7 (/opt/ros/humble/share/rosidl_generator_cpp/cmake)
[1.386s] -- Using all available rosidl_typesupport_c: rosidl_typesupport_fastrtps_c;rosidl_typesupport_introspection_c
[1.386s] -- Using all available rosidl_typesupport_cpp: rosidl_typesupport_fastrtps_cpp;rosidl_typesupport_introspection_cpp
[1.386s] -- Found rosidl_default_generators: 1.2.0 (/opt/ros/humble/share/rosidl_default_generators/cmake)
[1.582s] -- Found ament_cmake_cppcheck: 0.12.14 (/opt/ros/humble/share/ament_cmake_cppcheck/cmake)
[1.585s] -- Found ament_cmake_cpplint: 0.12.14 (/opt/ros/humble/share/ament_cmake_cpplint/cmake)
[1.588s] -- Found ament_cmake_uncrustify: 0.12.14 (/opt/ros/humble/share/ament_cmake_uncrustify/cmake)
[1.592s] -- Found ament_cmake_ros: 0.10.0 (/opt/ros/humble/share/ament_cmake_ros/cmake)
[2.428s] -- Using all available rosidl_typesupport_c: rosidl_typesupport_fastrtps_c;rosidl_typesupport_introspection_c
[2.718s] -- Using all available rosidl_typesupport_cpp: rosidl_typesupport_fastrtps_cpp;rosidl_typesupport_introspection_cpp
[2.791s] -- Found PythonInterp: /home/jsmoon/.pyenv/shims/python3 (found suitable version "3.10.12", minimum required is "3.6") 
[2.792s] -- Found python_cmake_module: 0.10.0 (/opt/ros/humble/share/python_cmake_module/cmake)
[2.860s] -- Found PythonLibs: /usr/lib/x86_64-linux-gnu/libpython3.10.so (found suitable version "3.10.12", minimum required is "3.5") 
[2.860s] -- Using PYTHON_EXECUTABLE: /home/jsmoon/.pyenv/shims/python3
[2.860s] -- Using PYTHON_INCLUDE_DIRS: /usr/include/python3.10
[2.860s] -- Using PYTHON_LIBRARIES: /usr/lib/x86_64-linux-gnu/libpython3.10.so
[2.931s] -- Found PythonExtra: .so  
[3.025s] -- Found ament_cmake_flake8: 0.12.14 (/opt/ros/humble/share/ament_cmake_flake8/cmake)
[3.026s] -- Found ament_cmake_pep257: 0.12.14 (/opt/ros/humble/share/ament_cmake_pep257/cmake)
[3.035s] -- Configuring done
[3.058s] -- Generating done
[3.065s] -- Build files have been written to: /home/jsmoon/yax_jeju/build/rtcm_msgs
[3.072s] Invoked command in '/home/jsmoon/yax_jeju/build/rtcm_msgs' returned '0': CMAKE_PREFIX_PATH=${CMAKE_PREFIX_PATH}:/opt/ros/humble /usr/bin/cmake /home/jsmoon/yax_jeju/src/RTK_GPS_NTRIP/rtcm_msgs -DAMENT_CMAKE_SYMLINK_INSTALL=1 -DCMAKE_INSTALL_PREFIX=/home/jsmoon/yax_jeju/install/rtcm_msgs
[3.073s] Invoking command in '/home/jsmoon/yax_jeju/build/rtcm_msgs': CMAKE_PREFIX_PATH=${CMAKE_PREFIX_PATH}:/opt/ros/humble /usr/bin/cmake --build /home/jsmoon/yax_jeju/build/rtcm_msgs -- -j16 -l16
[3.107s] [  3%] [34m[1mGenerating C code for ROS interfaces[0m
[3.115s] [  6%] [34m[1mGenerating C++ code for ROS interfaces[0m
[3.123s] [  6%] Built target ament_cmake_python_symlink_rtcm_msgs
[3.331s] running egg_info
[3.332s] creating rtcm_msgs.egg-info
[3.332s] [  6%] Built target rtcm_msgs__cpp
[3.332s] writing rtcm_msgs.egg-info/PKG-INFO
[3.332s] writing dependency_links to rtcm_msgs.egg-info/dependency_links.txt
[3.332s] writing top-level names to rtcm_msgs.egg-info/top_level.txt
[3.332s] writing manifest file 'rtcm_msgs.egg-info/SOURCES.txt'
[3.334s] reading manifest file 'rtcm_msgs.egg-info/SOURCES.txt'
[3.334s] writing manifest file 'rtcm_msgs.egg-info/SOURCES.txt'
[3.341s] [ 12%] [34m[1mGenerating C++ type support dispatch for ROS interfaces[0m
[3.341s] [ 12%] [34m[1mGenerating C++ introspection for ROS interfaces[0m
[3.341s] [ 16%] [34m[1mGenerating C++ type support for eProsima Fast-RTPS[0m
[3.342s] [ 19%] [32mBuilding C object CMakeFiles/rtcm_msgs__rosidl_generator_c.dir/rosidl_generator_c/rtcm_msgs/msg/detail/message__functions.c.o[0m
[3.363s] [ 19%] Built target ament_cmake_python_build_rtcm_msgs_egg
[3.385s] [ 22%] [32m[1mLinking C shared library librtcm_msgs__rosidl_generator_c.so[0m
[3.418s] [ 22%] Built target rtcm_msgs__rosidl_generator_c
[3.429s] [ 32%] [34m[1mGenerating C type support for eProsima Fast-RTPS[0m
[3.429s] [ 32%] [34m[1mGenerating C type support dispatch for ROS interfaces[0m
[3.429s] [ 32%] [34m[1mGenerating C introspection for ROS interfaces[0m
[3.548s] [ 35%] [32mBuilding CXX object CMakeFiles/rtcm_msgs__rosidl_typesupport_cpp.dir/rosidl_typesupport_cpp/rtcm_msgs/msg/message__type_support.cpp.o[0m
[3.576s] [ 38%] [32mBuilding CXX object CMakeFiles/rtcm_msgs__rosidl_typesupport_introspection_cpp.dir/rosidl_typesupport_introspection_cpp/rtcm_msgs/msg/detail/message__type_support.cpp.o[0m
[3.579s] [ 41%] [32mBuilding CXX object CMakeFiles/rtcm_msgs__rosidl_typesupport_fastrtps_cpp.dir/rosidl_typesupport_fastrtps_cpp/rtcm_msgs/msg/detail/dds_fastrtps/message__type_support.cpp.o[0m
[3.663s] [ 45%] [32mBuilding C object CMakeFiles/rtcm_msgs__rosidl_typesupport_introspection_c.dir/rosidl_typesupport_introspection_c/rtcm_msgs/msg/detail/message__type_support.c.o[0m
[3.690s] [ 48%] [32mBuilding CXX object CMakeFiles/rtcm_msgs__rosidl_typesupport_fastrtps_c.dir/rosidl_typesupport_fastrtps_c/rtcm_msgs/msg/detail/message__type_support_c.cpp.o[0m
[3.701s] [ 54%] [32mBuilding CXX object CMakeFiles/rtcm_msgs__rosidl_typesupport_c.dir/rosidl_typesupport_c/rtcm_msgs/msg/message__type_support.cpp.o[0m
[3.701s] [ 54%] [32m[1mLinking C shared library librtcm_msgs__rosidl_typesupport_introspection_c.so[0m
[3.736s] [ 58%] [32m[1mLinking CXX shared library librtcm_msgs__rosidl_typesupport_c.so[0m
[3.737s] [ 58%] Built target rtcm_msgs__rosidl_typesupport_introspection_c
[3.746s] [ 61%] [32m[1mLinking CXX shared library librtcm_msgs__rosidl_typesupport_cpp.so[0m
[3.780s] [ 61%] Built target rtcm_msgs__rosidl_typesupport_c
[3.781s] [ 61%] Built target rtcm_msgs__rosidl_typesupport_cpp
[3.877s] [ 64%] [32m[1mLinking CXX shared library librtcm_msgs__rosidl_typesupport_introspection_cpp.so[0m
[3.883s] [ 67%] [32m[1mLinking CXX shared library librtcm_msgs__rosidl_typesupport_fastrtps_cpp.so[0m
[3.910s] [ 70%] [32m[1mLinking CXX shared library librtcm_msgs__rosidl_typesupport_fastrtps_c.so[0m
[3.945s] [ 70%] Built target rtcm_msgs__rosidl_typesupport_introspection_cpp
[3.953s] [ 70%] Built target rtcm_msgs__rosidl_typesupport_fastrtps_cpp
[3.976s] [ 70%] Built target rtcm_msgs__rosidl_typesupport_fastrtps_c
[3.996s] [ 70%] Built target rtcm_msgs
[4.015s] [ 74%] [34m[1mGenerating Python code for ROS interfaces[0m
[4.251s] [ 74%] Built target rtcm_msgs__py
[4.275s] [ 77%] [32mBuilding C object CMakeFiles/rtcm_msgs__rosidl_generator_py.dir/rosidl_generator_py/rtcm_msgs/msg/_message_s.c.o[0m
[4.415s] [ 80%] [32m[1mLinking C shared library rosidl_generator_py/rtcm_msgs/librtcm_msgs__rosidl_generator_py.so[0m
[4.464s] [ 80%] Built target rtcm_msgs__rosidl_generator_py
[4.483s] [ 90%] [32mBuilding C object CMakeFiles/rtcm_msgs__rosidl_typesupport_c__pyext.dir/rosidl_generator_py/rtcm_msgs/_rtcm_msgs_s.ep.rosidl_typesupport_c.c.o[0m
[4.483s] [ 90%] [32mBuilding C object CMakeFiles/rtcm_msgs__rosidl_typesupport_fastrtps_c__pyext.dir/rosidl_generator_py/rtcm_msgs/_rtcm_msgs_s.ep.rosidl_typesupport_fastrtps_c.c.o[0m
[4.483s] [ 90%] [32mBuilding C object CMakeFiles/rtcm_msgs__rosidl_typesupport_introspection_c__pyext.dir/rosidl_generator_py/rtcm_msgs/_rtcm_msgs_s.ep.rosidl_typesupport_introspection_c.c.o[0m
[4.582s] [ 96%] [32m[1mLinking C shared library rosidl_generator_py/rtcm_msgs/rtcm_msgs_s__rosidl_typesupport_c.cpython-310-x86_64-linux-gnu.so[0m
[4.582s] [ 96%] [32m[1mLinking C shared library rosidl_generator_py/rtcm_msgs/rtcm_msgs_s__rosidl_typesupport_introspection_c.cpython-310-x86_64-linux-gnu.so[0m
[4.600s] [100%] [32m[1mLinking C shared library rosidl_generator_py/rtcm_msgs/rtcm_msgs_s__rosidl_typesupport_fastrtps_c.cpython-310-x86_64-linux-gnu.so[0m
[4.623s] [100%] Built target rtcm_msgs__rosidl_typesupport_c__pyext
[4.626s] [100%] Built target rtcm_msgs__rosidl_typesupport_introspection_c__pyext
[4.650s] [100%] Built target rtcm_msgs__rosidl_typesupport_fastrtps_c__pyext
[4.666s] Invoked command in '/home/jsmoon/yax_jeju/build/rtcm_msgs' returned '0': CMAKE_PREFIX_PATH=${CMAKE_PREFIX_PATH}:/opt/ros/humble /usr/bin/cmake --build /home/jsmoon/yax_jeju/build/rtcm_msgs -- -j16 -l16
[4.667s] Invoking command in '/home/jsmoon/yax_jeju/build/rtcm_msgs': CMAKE_PREFIX_PATH=${CMAKE_PREFIX_PATH}:/opt/ros/humble /usr/bin/cmake --install /home/jsmoon/yax_jeju/build/rtcm_msgs
[4.677s] -- Install configuration: ""
[4.678s] -- Execute custom install script
[4.678s] -- Symlinking: /home/jsmoon/yax_jeju/install/rtcm_msgs/share/ament_index/resource_index/rosidl_interfaces/rtcm_msgs
[4.689s] -- Symlinking: /home/jsmoon/yax_jeju/install/rtcm_msgs/include/rtcm_msgs/rtcm_msgs/msg/detail/message__functions.h
[4.700s] -- Symlinking: /home/jsmoon/yax_jeju/install/rtcm_msgs/include/rtcm_msgs/rtcm_msgs/msg/detail/message__struct.h
[4.711s] -- Symlinking: /home/jsmoon/yax_jeju/install/rtcm_msgs/include/rtcm_msgs/rtcm_msgs/msg/detail/message__type_support.h
[4.722s] -- Symlinking: /home/jsmoon/yax_jeju/install/rtcm_msgs/include/rtcm_msgs/rtcm_msgs/msg/message.h
[4.735s] -- Symlinking: /home/jsmoon/yax_jeju/install/rtcm_msgs/include/rtcm_msgs/rtcm_msgs/msg/rosidl_generator_c__visibility_control.h
[4.747s] -- Symlinking: /home/jsmoon/yax_jeju/install/rtcm_msgs/share/rtcm_msgs/environment/library_path.sh
[4.758s] -- Symlinking: /home/jsmoon/yax_jeju/install/rtcm_msgs/share/rtcm_msgs/environment/library_path.dsv
[4.771s] -- Symlinking: /home/jsmoon/yax_jeju/install/rtcm_msgs/include/rtcm_msgs/rtcm_msgs/msg/detail/message__rosidl_typesupport_fastrtps_c.h
[4.782s] -- Symlinking: /home/jsmoon/yax_jeju/install/rtcm_msgs/include/rtcm_msgs/rtcm_msgs/msg/rosidl_typesupport_fastrtps_c__visibility_control.h
[4.794s] -- Symlinking: /home/jsmoon/yax_jeju/install/rtcm_msgs/include/rtcm_msgs/rtcm_msgs/msg/detail/message__builder.hpp
[4.805s] -- Symlinking: /home/jsmoon/yax_jeju/install/rtcm_msgs/include/rtcm_msgs/rtcm_msgs/msg/detail/message__struct.hpp
[4.816s] -- Symlinking: /home/jsmoon/yax_jeju/install/rtcm_msgs/include/rtcm_msgs/rtcm_msgs/msg/detail/message__traits.hpp
[4.827s] -- Symlinking: /home/jsmoon/yax_jeju/install/rtcm_msgs/include/rtcm_msgs/rtcm_msgs/msg/detail/message__type_support.hpp
[4.838s] -- Symlinking: /home/jsmoon/yax_jeju/install/rtcm_msgs/include/rtcm_msgs/rtcm_msgs/msg/message.hpp
[4.850s] -- Symlinking: /home/jsmoon/yax_jeju/install/rtcm_msgs/include/rtcm_msgs/rtcm_msgs/msg/rosidl_generator_cpp__visibility_control.hpp
[4.862s] -- Symlinking: /home/jsmoon/yax_jeju/install/rtcm_msgs/include/rtcm_msgs/rtcm_msgs/msg/detail/message__rosidl_typesupport_fastrtps_cpp.hpp
[4.873s] -- Symlinking: /home/jsmoon/yax_jeju/install/rtcm_msgs/include/rtcm_msgs/rtcm_msgs/msg/rosidl_typesupport_fastrtps_cpp__visibility_control.h
[4.884s] -- Symlinking: /home/jsmoon/yax_jeju/install/rtcm_msgs/include/rtcm_msgs/rtcm_msgs/msg/detail/message__rosidl_typesupport_introspection_c.h
[4.895s] -- Symlinking: /home/jsmoon/yax_jeju/install/rtcm_msgs/include/rtcm_msgs/rtcm_msgs/msg/rosidl_typesupport_introspection_c__visibility_control.h
[4.906s] -- Symlinking: /home/jsmoon/yax_jeju/install/rtcm_msgs/include/rtcm_msgs/rtcm_msgs/msg/detail/message__rosidl_typesupport_introspection_cpp.hpp
[4.918s] -- Symlinking: /home/jsmoon/yax_jeju/install/rtcm_msgs/share/rtcm_msgs/environment/pythonpath.sh
[4.930s] -- Symlinking: /home/jsmoon/yax_jeju/install/rtcm_msgs/share/rtcm_msgs/environment/pythonpath.dsv
[4.943s] -- Symlinking: /home/jsmoon/yax_jeju/install/rtcm_msgs/local/lib/python3.10/dist-packages/rtcm_msgs-1.1.6-py3.10.egg-info/PKG-INFO
[4.954s] -- Symlinking: /home/jsmoon/yax_jeju/install/rtcm_msgs/local/lib/python3.10/dist-packages/rtcm_msgs-1.1.6-py3.10.egg-info/SOURCES.txt
[4.965s] -- Symlinking: /home/jsmoon/yax_jeju/install/rtcm_msgs/local/lib/python3.10/dist-packages/rtcm_msgs-1.1.6-py3.10.egg-info/dependency_links.txt
[4.976s] -- Symlinking: /home/jsmoon/yax_jeju/install/rtcm_msgs/local/lib/python3.10/dist-packages/rtcm_msgs-1.1.6-py3.10.egg-info/top_level.txt
[4.987s] -- Symlinking: /home/jsmoon/yax_jeju/install/rtcm_msgs/local/lib/python3.10/dist-packages/rtcm_msgs/__init__.py
[4.998s] -- Symlinking: /home/jsmoon/yax_jeju/install/rtcm_msgs/local/lib/python3.10/dist-packages/rtcm_msgs/_rtcm_msgs_s.ep.rosidl_typesupport_c.c
[5.009s] -- Symlinking: /home/jsmoon/yax_jeju/install/rtcm_msgs/local/lib/python3.10/dist-packages/rtcm_msgs/_rtcm_msgs_s.ep.rosidl_typesupport_fastrtps_c.c
[5.020s] -- Symlinking: /home/jsmoon/yax_jeju/install/rtcm_msgs/local/lib/python3.10/dist-packages/rtcm_msgs/_rtcm_msgs_s.ep.rosidl_typesupport_introspection_c.c
[5.031s] -- Symlinking: /home/jsmoon/yax_jeju/install/rtcm_msgs/local/lib/python3.10/dist-packages/rtcm_msgs/librtcm_msgs__rosidl_generator_py.so
[5.044s] -- Symlinking: /home/jsmoon/yax_jeju/install/rtcm_msgs/local/lib/python3.10/dist-packages/rtcm_msgs/msg/__init__.py
[5.056s] -- Symlinking: /home/jsmoon/yax_jeju/install/rtcm_msgs/local/lib/python3.10/dist-packages/rtcm_msgs/msg/_message.py
[5.067s] -- Symlinking: /home/jsmoon/yax_jeju/install/rtcm_msgs/local/lib/python3.10/dist-packages/rtcm_msgs/msg/_message_s.c
[5.077s] -- Symlinking: /home/jsmoon/yax_jeju/install/rtcm_msgs/local/lib/python3.10/dist-packages/rtcm_msgs/rtcm_msgs_s__rosidl_typesupport_c.cpython-310-x86_64-linux-gnu.so
[5.090s] -- Symlinking: /home/jsmoon/yax_jeju/install/rtcm_msgs/local/lib/python3.10/dist-packages/rtcm_msgs/rtcm_msgs_s__rosidl_typesupport_fastrtps_c.cpython-310-x86_64-linux-gnu.so
[5.100s] -- Symlinking: /home/jsmoon/yax_jeju/install/rtcm_msgs/local/lib/python3.10/dist-packages/rtcm_msgs/rtcm_msgs_s__rosidl_typesupport_introspection_c.cpython-310-x86_64-linux-gnu.so
[5.108s] -- Up-to-date symlink: /home/jsmoon/yax_jeju/install/rtcm_msgs/local/lib/python3.10/dist-packages/rtcm_msgs/rtcm_msgs_s__rosidl_typesupport_fastrtps_c.cpython-310-x86_64-linux-gnu.so
[5.109s] -- Up-to-date symlink: /home/jsmoon/yax_jeju/install/rtcm_msgs/local/lib/python3.10/dist-packages/rtcm_msgs/rtcm_msgs_s__rosidl_typesupport_introspection_c.cpython-310-x86_64-linux-gnu.so
[5.110s] -- Up-to-date symlink: /home/jsmoon/yax_jeju/install/rtcm_msgs/local/lib/python3.10/dist-packages/rtcm_msgs/rtcm_msgs_s__rosidl_typesupport_c.cpython-310-x86_64-linux-gnu.so
[5.114s] -- Symlinking: /home/jsmoon/yax_jeju/install/rtcm_msgs/share/rtcm_msgs/msg/Message.idl
[5.120s] -- Symlinking: /home/jsmoon/yax_jeju/install/rtcm_msgs/share/rtcm_msgs/msg/Message.msg
[5.131s] -- Symlinking: /home/jsmoon/yax_jeju/install/rtcm_msgs/share/ament_index/resource_index/package_run_dependencies/rtcm_msgs
[5.145s] -- Symlinking: /home/jsmoon/yax_jeju/install/rtcm_msgs/share/ament_index/resource_index/parent_prefix_path/rtcm_msgs
[5.166s] -- Symlinking: /home/jsmoon/yax_jeju/install/rtcm_msgs/share/rtcm_msgs/environment/ament_prefix_path.sh
[5.182s] -- Symlinking: /home/jsmoon/yax_jeju/install/rtcm_msgs/share/rtcm_msgs/environment/ament_prefix_path.dsv
[5.196s] -- Symlinking: /home/jsmoon/yax_jeju/install/rtcm_msgs/share/rtcm_msgs/environment/path.sh
[5.211s] -- Symlinking: /home/jsmoon/yax_jeju/install/rtcm_msgs/share/rtcm_msgs/environment/path.dsv
[5.225s] -- Symlinking: /home/jsmoon/yax_jeju/install/rtcm_msgs/share/rtcm_msgs/local_setup.bash
[5.249s] -- Symlinking: /home/jsmoon/yax_jeju/install/rtcm_msgs/share/rtcm_msgs/local_setup.sh
[5.267s] -- Symlinking: /home/jsmoon/yax_jeju/install/rtcm_msgs/share/rtcm_msgs/local_setup.zsh
[5.280s] -- Symlinking: /home/jsmoon/yax_jeju/install/rtcm_msgs/share/rtcm_msgs/local_setup.dsv
[5.294s] -- Symlinking: /home/jsmoon/yax_jeju/install/rtcm_msgs/share/rtcm_msgs/package.dsv
[5.311s] -- Symlinking: /home/jsmoon/yax_jeju/install/rtcm_msgs/share/ament_index/resource_index/packages/rtcm_msgs
[5.326s] -- Symlinking: /home/jsmoon/yax_jeju/install/rtcm_msgs/share/rtcm_msgs/cmake/rosidl_cmake-extras.cmake
[5.352s] -- Symlinking: /home/jsmoon/yax_jeju/install/rtcm_msgs/share/rtcm_msgs/cmake/ament_cmake_export_dependencies-extras.cmake
[5.366s] -- Symlinking: /home/jsmoon/yax_jeju/install/rtcm_msgs/share/rtcm_msgs/cmake/ament_cmake_export_include_directories-extras.cmake
[5.390s] -- Symlinking: /home/jsmoon/yax_jeju/install/rtcm_msgs/share/rtcm_msgs/cmake/ament_cmake_export_libraries-extras.cmake
[5.400s] -- Symlinking: /home/jsmoon/yax_jeju/install/rtcm_msgs/share/rtcm_msgs/cmake/ament_cmake_export_targets-extras.cmake
[5.410s] -- Symlinking: /home/jsmoon/yax_jeju/install/rtcm_msgs/share/rtcm_msgs/cmake/rosidl_cmake_export_typesupport_targets-extras.cmake
[5.429s] -- Symlinking: /home/jsmoon/yax_jeju/install/rtcm_msgs/share/rtcm_msgs/cmake/rosidl_cmake_export_typesupport_libraries-extras.cmake
[5.451s] -- Symlinking: /home/jsmoon/yax_jeju/install/rtcm_msgs/share/rtcm_msgs/cmake/rtcm_msgsConfig.cmake
[5.460s] -- Symlinking: /home/jsmoon/yax_jeju/install/rtcm_msgs/share/rtcm_msgs/cmake/rtcm_msgsConfig-version.cmake
[5.482s] -- Symlinking: /home/jsmoon/yax_jeju/install/rtcm_msgs/share/rtcm_msgs/package.xml
[5.492s] -- Installing: /home/jsmoon/yax_jeju/install/rtcm_msgs/lib/librtcm_msgs__rosidl_generator_c.so
[5.492s] -- Set runtime path of "/home/jsmoon/yax_jeju/install/rtcm_msgs/lib/librtcm_msgs__rosidl_generator_c.so" to ""
[5.492s] -- Installing: /home/jsmoon/yax_jeju/install/rtcm_msgs/lib/librtcm_msgs__rosidl_typesupport_fastrtps_c.so
[5.496s] -- Set runtime path of "/home/jsmoon/yax_jeju/install/rtcm_msgs/lib/librtcm_msgs__rosidl_typesupport_fastrtps_c.so" to ""
[5.496s] -- Installing: /home/jsmoon/yax_jeju/install/rtcm_msgs/lib/librtcm_msgs__rosidl_typesupport_fastrtps_cpp.so
[5.496s] -- Set runtime path of "/home/jsmoon/yax_jeju/install/rtcm_msgs/lib/librtcm_msgs__rosidl_typesupport_fastrtps_cpp.so" to ""
[5.496s] -- Installing: /home/jsmoon/yax_jeju/install/rtcm_msgs/lib/librtcm_msgs__rosidl_typesupport_introspection_c.so
[5.503s] -- Set runtime path of "/home/jsmoon/yax_jeju/install/rtcm_msgs/lib/librtcm_msgs__rosidl_typesupport_introspection_c.so" to ""
[5.503s] -- Installing: /home/jsmoon/yax_jeju/install/rtcm_msgs/lib/librtcm_msgs__rosidl_typesupport_c.so
[5.503s] -- Set runtime path of "/home/jsmoon/yax_jeju/install/rtcm_msgs/lib/librtcm_msgs__rosidl_typesupport_c.so" to ""
[5.503s] -- Installing: /home/jsmoon/yax_jeju/install/rtcm_msgs/lib/librtcm_msgs__rosidl_typesupport_introspection_cpp.so
[5.503s] -- Set runtime path of "/home/jsmoon/yax_jeju/install/rtcm_msgs/lib/librtcm_msgs__rosidl_typesupport_introspection_cpp.so" to ""
[5.504s] -- Installing: /home/jsmoon/yax_jeju/install/rtcm_msgs/lib/librtcm_msgs__rosidl_typesupport_cpp.so
[5.504s] -- Set runtime path of "/home/jsmoon/yax_jeju/install/rtcm_msgs/lib/librtcm_msgs__rosidl_typesupport_cpp.so" to ""
[5.753s] Listing '/home/jsmoon/yax_jeju/install/rtcm_msgs/local/lib/python3.10/dist-packages/rtcm_msgs'...
[5.753s] Compiling '/home/jsmoon/yax_jeju/install/rtcm_msgs/local/lib/python3.10/dist-packages/rtcm_msgs/__init__.py'...
[5.753s] Listing '/home/jsmoon/yax_jeju/install/rtcm_msgs/local/lib/python3.10/dist-packages/rtcm_msgs/msg'...
[5.753s] Compiling '/home/jsmoon/yax_jeju/install/rtcm_msgs/local/lib/python3.10/dist-packages/rtcm_msgs/msg/__init__.py'...
[5.753s] Compiling '/home/jsmoon/yax_jeju/install/rtcm_msgs/local/lib/python3.10/dist-packages/rtcm_msgs/msg/_message.py'...
[5.764s] -- Installing: /home/jsmoon/yax_jeju/install/rtcm_msgs/lib/librtcm_msgs__rosidl_generator_py.so
[5.764s] -- Set runtime path of "/home/jsmoon/yax_jeju/install/rtcm_msgs/lib/librtcm_msgs__rosidl_generator_py.so" to ""
[5.765s] -- Installing: /home/jsmoon/yax_jeju/install/rtcm_msgs/share/rtcm_msgs/cmake/export_rtcm_msgs__rosidl_generator_cExport.cmake
[5.772s] -- Installing: /home/jsmoon/yax_jeju/install/rtcm_msgs/share/rtcm_msgs/cmake/export_rtcm_msgs__rosidl_generator_cExport-noconfig.cmake
[5.772s] -- Installing: /home/jsmoon/yax_jeju/install/rtcm_msgs/share/rtcm_msgs/cmake/export_rtcm_msgs__rosidl_typesupport_fastrtps_cExport.cmake
[5.772s] -- Installing: /home/jsmoon/yax_jeju/install/rtcm_msgs/share/rtcm_msgs/cmake/export_rtcm_msgs__rosidl_typesupport_fastrtps_cExport-noconfig.cmake
[5.772s] -- Installing: /home/jsmoon/yax_jeju/install/rtcm_msgs/share/rtcm_msgs/cmake/export_rtcm_msgs__rosidl_generator_cppExport.cmake
[5.772s] -- Installing: /home/jsmoon/yax_jeju/install/rtcm_msgs/share/rtcm_msgs/cmake/export_rtcm_msgs__rosidl_typesupport_fastrtps_cppExport.cmake
[5.772s] -- Installing: /home/jsmoon/yax_jeju/install/rtcm_msgs/share/rtcm_msgs/cmake/export_rtcm_msgs__rosidl_typesupport_fastrtps_cppExport-noconfig.cmake
[5.772s] -- Installing: /home/jsmoon/yax_jeju/install/rtcm_msgs/share/rtcm_msgs/cmake/rtcm_msgs__rosidl_typesupport_introspection_cExport.cmake
[5.772s] -- Installing: /home/jsmoon/yax_jeju/install/rtcm_msgs/share/rtcm_msgs/cmake/rtcm_msgs__rosidl_typesupport_introspection_cExport-noconfig.cmake
[5.774s] -- Installing: /home/jsmoon/yax_jeju/install/rtcm_msgs/share/rtcm_msgs/cmake/rtcm_msgs__rosidl_typesupport_cExport.cmake
[5.774s] -- Installing: /home/jsmoon/yax_jeju/install/rtcm_msgs/share/rtcm_msgs/cmake/rtcm_msgs__rosidl_typesupport_cExport-noconfig.cmake
[5.774s] -- Installing: /home/jsmoon/yax_jeju/install/rtcm_msgs/share/rtcm_msgs/cmake/rtcm_msgs__rosidl_typesupport_introspection_cppExport.cmake
[5.774s] -- Installing: /home/jsmoon/yax_jeju/install/rtcm_msgs/share/rtcm_msgs/cmake/rtcm_msgs__rosidl_typesupport_introspection_cppExport-noconfig.cmake
[5.774s] -- Installing: /home/jsmoon/yax_jeju/install/rtcm_msgs/share/rtcm_msgs/cmake/rtcm_msgs__rosidl_typesupport_cppExport.cmake
[5.774s] -- Installing: /home/jsmoon/yax_jeju/install/rtcm_msgs/share/rtcm_msgs/cmake/rtcm_msgs__rosidl_typesupport_cppExport-noconfig.cmake
[5.775s] -- Installing: /home/jsmoon/yax_jeju/install/rtcm_msgs/share/rtcm_msgs/cmake/export_rtcm_msgs__rosidl_generator_pyExport.cmake
[5.780s] -- Installing: /home/jsmoon/yax_jeju/install/rtcm_msgs/share/rtcm_msgs/cmake/export_rtcm_msgs__rosidl_generator_pyExport-noconfig.cmake
[5.791s] Invoked command in '/home/jsmoon/yax_jeju/build/rtcm_msgs' returned '0': CMAKE_PREFIX_PATH=${CMAKE_PREFIX_PATH}:/opt/ros/humble /usr/bin/cmake --install /home/jsmoon/yax_jeju/build/rtcm_msgs
