[0.054s] Invoking command in '/home/jsmoon/yax_jeju/build/rtcm_msgs': CMAKE_PREFIX_PATH=${CMAKE_PREFIX_PATH}:/home/jsmoon/yax_jeju/install/my_custom_pkg:/home/jsmoon/yax_jeju/install/serial_communication_pkg:/home/jsmoon/yax_jeju/install/ntrip_client:/home/jsmoon/yax_jeju/install/lidar_perception_pkg:/home/jsmoon/yax_jeju/install/latlong_utm:/home/jsmoon/yax_jeju/install/decision_making_pkg:/home/jsmoon/yax_jeju/install/debug_pkg:/home/jsmoon/yax_jeju/install/camera_perception_pkg:/opt/ros/humble /usr/bin/cmake --build /home/jsmoon/yax_jeju/build/rtcm_msgs -- -j16 -l16
[1.855s] [35m[1mConsolidate compiler generated dependencies of target rtcm_msgs__rosidl_generator_c[0m
[1.856s] [  3%] Built target rtcm_msgs__cpp
[1.856s] [ 12%] Built target rtcm_msgs__rosidl_generator_c
[1.856s] [ 12%] Built target ament_cmake_python_symlink_rtcm_msgs
[1.856s] [35m[1mConsolidate compiler generated dependencies of target rtcm_msgs__rosidl_typesupport_introspection_cpp[0m
[1.856s] [35m[1mConsolidate compiler generated dependencies of target rtcm_msgs__rosidl_typesupport_fastrtps_cpp[0m
[1.856s] [35m[1mConsolidate compiler generated dependencies of target rtcm_msgs__rosidl_typesupport_cpp[0m
[1.856s] [35m[1mConsolidate compiler generated dependencies of target rtcm_msgs__rosidl_typesupport_c[0m
[1.857s] [35m[1mConsolidate compiler generated dependencies of target rtcm_msgs__rosidl_typesupport_introspection_c[0m
[1.857s] [35m[1mConsolidate compiler generated dependencies of target rtcm_msgs__rosidl_typesupport_fastrtps_c[0m
[1.857s] [ 61%] Built target rtcm_msgs__rosidl_typesupport_fastrtps_cpp
[1.857s] [ 61%] Built target rtcm_msgs__rosidl_typesupport_c
[1.857s] [ 61%] Built target rtcm_msgs__rosidl_typesupport_introspection_cpp
[1.857s] [ 61%] Built target rtcm_msgs__rosidl_typesupport_cpp
[1.857s] [ 61%] Built target rtcm_msgs__rosidl_typesupport_introspection_c
[1.857s] [ 70%] Built target rtcm_msgs__rosidl_typesupport_fastrtps_c
[1.857s] [ 70%] Built target rtcm_msgs
[1.857s] [ 74%] Built target rtcm_msgs__py
[1.857s] [35m[1mConsolidate compiler generated dependencies of target rtcm_msgs__rosidl_generator_py[0m
[1.857s] [ 80%] Built target rtcm_msgs__rosidl_generator_py
[1.857s] [35m[1mConsolidate compiler generated dependencies of target rtcm_msgs__rosidl_typesupport_c__pyext[0m
[1.857s] [35m[1mConsolidate compiler generated dependencies of target rtcm_msgs__rosidl_typesupport_introspection_c__pyext[0m
[1.858s] [35m[1mConsolidate compiler generated dependencies of target rtcm_msgs__rosidl_typesupport_fastrtps_c__pyext[0m
[1.858s] [ 93%] Built target rtcm_msgs__rosidl_typesupport_fastrtps_c__pyext
[1.858s] [ 93%] Built target rtcm_msgs__rosidl_typesupport_introspection_c__pyext
[1.858s] [100%] Built target rtcm_msgs__rosidl_typesupport_c__pyext
[1.858s] running egg_info
[1.858s] writing rtcm_msgs.egg-info/PKG-INFO
[1.858s] writing dependency_links to rtcm_msgs.egg-info/dependency_links.txt
[1.858s] writing top-level names to rtcm_msgs.egg-info/top_level.txt
[1.858s] reading manifest file 'rtcm_msgs.egg-info/SOURCES.txt'
[1.858s] writing manifest file 'rtcm_msgs.egg-info/SOURCES.txt'
[1.858s] [100%] Built target ament_cmake_python_build_rtcm_msgs_egg
[1.871s] Invoked command in '/home/jsmoon/yax_jeju/build/rtcm_msgs' returned '0': CMAKE_PREFIX_PATH=${CMAKE_PREFIX_PATH}:/home/jsmoon/yax_jeju/install/my_custom_pkg:/home/jsmoon/yax_jeju/install/serial_communication_pkg:/home/jsmoon/yax_jeju/install/ntrip_client:/home/jsmoon/yax_jeju/install/lidar_perception_pkg:/home/jsmoon/yax_jeju/install/latlong_utm:/home/jsmoon/yax_jeju/install/decision_making_pkg:/home/jsmoon/yax_jeju/install/debug_pkg:/home/jsmoon/yax_jeju/install/camera_perception_pkg:/opt/ros/humble /usr/bin/cmake --build /home/jsmoon/yax_jeju/build/rtcm_msgs -- -j16 -l16
[1.873s] Invoking command in '/home/jsmoon/yax_jeju/build/rtcm_msgs': CMAKE_PREFIX_PATH=${CMAKE_PREFIX_PATH}:/home/jsmoon/yax_jeju/install/my_custom_pkg:/home/jsmoon/yax_jeju/install/serial_communication_pkg:/home/jsmoon/yax_jeju/install/ntrip_client:/home/jsmoon/yax_jeju/install/lidar_perception_pkg:/home/jsmoon/yax_jeju/install/latlong_utm:/home/jsmoon/yax_jeju/install/decision_making_pkg:/home/jsmoon/yax_jeju/install/debug_pkg:/home/jsmoon/yax_jeju/install/camera_perception_pkg:/opt/ros/humble /usr/bin/cmake --install /home/jsmoon/yax_jeju/build/rtcm_msgs
[2.159s] -- Install configuration: ""
[2.160s] -- Execute custom install script
[2.160s] -- Up-to-date symlink: /home/jsmoon/yax_jeju/install/rtcm_msgs/share/ament_index/resource_index/rosidl_interfaces/rtcm_msgs
[2.160s] -- Up-to-date symlink: /home/jsmoon/yax_jeju/install/rtcm_msgs/include/rtcm_msgs/rtcm_msgs/msg/detail/message__functions.h
[2.160s] -- Up-to-date symlink: /home/jsmoon/yax_jeju/install/rtcm_msgs/include/rtcm_msgs/rtcm_msgs/msg/detail/message__struct.h
[2.160s] -- Up-to-date symlink: /home/jsmoon/yax_jeju/install/rtcm_msgs/include/rtcm_msgs/rtcm_msgs/msg/detail/message__type_support.h
[2.161s] -- Up-to-date symlink: /home/jsmoon/yax_jeju/install/rtcm_msgs/include/rtcm_msgs/rtcm_msgs/msg/message.h
[2.161s] -- Up-to-date symlink: /home/jsmoon/yax_jeju/install/rtcm_msgs/include/rtcm_msgs/rtcm_msgs/msg/rosidl_generator_c__visibility_control.h
[2.162s] -- Up-to-date symlink: /home/jsmoon/yax_jeju/install/rtcm_msgs/share/rtcm_msgs/environment/library_path.sh
[2.162s] -- Up-to-date symlink: /home/jsmoon/yax_jeju/install/rtcm_msgs/share/rtcm_msgs/environment/library_path.dsv
[2.162s] -- Up-to-date symlink: /home/jsmoon/yax_jeju/install/rtcm_msgs/include/rtcm_msgs/rtcm_msgs/msg/detail/message__rosidl_typesupport_fastrtps_c.h
[2.162s] -- Up-to-date symlink: /home/jsmoon/yax_jeju/install/rtcm_msgs/include/rtcm_msgs/rtcm_msgs/msg/rosidl_typesupport_fastrtps_c__visibility_control.h
[2.162s] -- Up-to-date symlink: /home/jsmoon/yax_jeju/install/rtcm_msgs/include/rtcm_msgs/rtcm_msgs/msg/detail/message__builder.hpp
[2.162s] -- Up-to-date symlink: /home/jsmoon/yax_jeju/install/rtcm_msgs/include/rtcm_msgs/rtcm_msgs/msg/detail/message__struct.hpp
[2.163s] -- Up-to-date symlink: /home/jsmoon/yax_jeju/install/rtcm_msgs/include/rtcm_msgs/rtcm_msgs/msg/detail/message__traits.hpp
[2.163s] -- Up-to-date symlink: /home/jsmoon/yax_jeju/install/rtcm_msgs/include/rtcm_msgs/rtcm_msgs/msg/detail/message__type_support.hpp
[2.163s] -- Up-to-date symlink: /home/jsmoon/yax_jeju/install/rtcm_msgs/include/rtcm_msgs/rtcm_msgs/msg/message.hpp
[2.163s] -- Up-to-date symlink: /home/jsmoon/yax_jeju/install/rtcm_msgs/include/rtcm_msgs/rtcm_msgs/msg/rosidl_generator_cpp__visibility_control.hpp
[2.163s] -- Up-to-date symlink: /home/jsmoon/yax_jeju/install/rtcm_msgs/include/rtcm_msgs/rtcm_msgs/msg/detail/message__rosidl_typesupport_fastrtps_cpp.hpp
[2.163s] -- Up-to-date symlink: /home/jsmoon/yax_jeju/install/rtcm_msgs/include/rtcm_msgs/rtcm_msgs/msg/rosidl_typesupport_fastrtps_cpp__visibility_control.h
[2.163s] -- Up-to-date symlink: /home/jsmoon/yax_jeju/install/rtcm_msgs/include/rtcm_msgs/rtcm_msgs/msg/detail/message__rosidl_typesupport_introspection_c.h
[2.164s] -- Up-to-date symlink: /home/jsmoon/yax_jeju/install/rtcm_msgs/include/rtcm_msgs/rtcm_msgs/msg/rosidl_typesupport_introspection_c__visibility_control.h
[2.165s] -- Up-to-date symlink: /home/jsmoon/yax_jeju/install/rtcm_msgs/include/rtcm_msgs/rtcm_msgs/msg/detail/message__rosidl_typesupport_introspection_cpp.hpp
[2.165s] -- Up-to-date symlink: /home/jsmoon/yax_jeju/install/rtcm_msgs/share/rtcm_msgs/environment/pythonpath.sh
[2.165s] -- Up-to-date symlink: /home/jsmoon/yax_jeju/install/rtcm_msgs/share/rtcm_msgs/environment/pythonpath.dsv
[2.165s] -- Up-to-date symlink: /home/jsmoon/yax_jeju/install/rtcm_msgs/local/lib/python3.10/dist-packages/rtcm_msgs-1.1.6-py3.10.egg-info/PKG-INFO
[2.165s] -- Up-to-date symlink: /home/jsmoon/yax_jeju/install/rtcm_msgs/local/lib/python3.10/dist-packages/rtcm_msgs-1.1.6-py3.10.egg-info/SOURCES.txt
[2.165s] -- Up-to-date symlink: /home/jsmoon/yax_jeju/install/rtcm_msgs/local/lib/python3.10/dist-packages/rtcm_msgs-1.1.6-py3.10.egg-info/dependency_links.txt
[2.166s] -- Up-to-date symlink: /home/jsmoon/yax_jeju/install/rtcm_msgs/local/lib/python3.10/dist-packages/rtcm_msgs-1.1.6-py3.10.egg-info/top_level.txt
[2.166s] -- Up-to-date symlink: /home/jsmoon/yax_jeju/install/rtcm_msgs/local/lib/python3.10/dist-packages/rtcm_msgs/__init__.py
[2.166s] -- Up-to-date symlink: /home/jsmoon/yax_jeju/install/rtcm_msgs/local/lib/python3.10/dist-packages/rtcm_msgs/_rtcm_msgs_s.ep.rosidl_typesupport_c.c
[2.166s] -- Up-to-date symlink: /home/jsmoon/yax_jeju/install/rtcm_msgs/local/lib/python3.10/dist-packages/rtcm_msgs/_rtcm_msgs_s.ep.rosidl_typesupport_fastrtps_c.c
[2.166s] -- Up-to-date symlink: /home/jsmoon/yax_jeju/install/rtcm_msgs/local/lib/python3.10/dist-packages/rtcm_msgs/_rtcm_msgs_s.ep.rosidl_typesupport_introspection_c.c
[2.166s] -- Up-to-date symlink: /home/jsmoon/yax_jeju/install/rtcm_msgs/local/lib/python3.10/dist-packages/rtcm_msgs/librtcm_msgs__rosidl_generator_py.so
[2.166s] -- Up-to-date symlink: /home/jsmoon/yax_jeju/install/rtcm_msgs/local/lib/python3.10/dist-packages/rtcm_msgs/msg/__init__.py
[2.166s] -- Up-to-date symlink: /home/jsmoon/yax_jeju/install/rtcm_msgs/local/lib/python3.10/dist-packages/rtcm_msgs/msg/_message.py
[2.166s] -- Up-to-date symlink: /home/jsmoon/yax_jeju/install/rtcm_msgs/local/lib/python3.10/dist-packages/rtcm_msgs/msg/_message_s.c
[2.166s] -- Up-to-date symlink: /home/jsmoon/yax_jeju/install/rtcm_msgs/local/lib/python3.10/dist-packages/rtcm_msgs/rtcm_msgs_s__rosidl_typesupport_c.cpython-310-x86_64-linux-gnu.so
[2.166s] -- Up-to-date symlink: /home/jsmoon/yax_jeju/install/rtcm_msgs/local/lib/python3.10/dist-packages/rtcm_msgs/rtcm_msgs_s__rosidl_typesupport_fastrtps_c.cpython-310-x86_64-linux-gnu.so
[2.167s] -- Up-to-date symlink: /home/jsmoon/yax_jeju/install/rtcm_msgs/local/lib/python3.10/dist-packages/rtcm_msgs/rtcm_msgs_s__rosidl_typesupport_introspection_c.cpython-310-x86_64-linux-gnu.so
[2.167s] -- Up-to-date symlink: /home/jsmoon/yax_jeju/install/rtcm_msgs/local/lib/python3.10/dist-packages/rtcm_msgs/rtcm_msgs_s__rosidl_typesupport_fastrtps_c.cpython-310-x86_64-linux-gnu.so
[2.168s] -- Up-to-date symlink: /home/jsmoon/yax_jeju/install/rtcm_msgs/local/lib/python3.10/dist-packages/rtcm_msgs/rtcm_msgs_s__rosidl_typesupport_introspection_c.cpython-310-x86_64-linux-gnu.so
[2.168s] -- Up-to-date symlink: /home/jsmoon/yax_jeju/install/rtcm_msgs/local/lib/python3.10/dist-packages/rtcm_msgs/rtcm_msgs_s__rosidl_typesupport_c.cpython-310-x86_64-linux-gnu.so
[2.168s] -- Up-to-date symlink: /home/jsmoon/yax_jeju/install/rtcm_msgs/share/rtcm_msgs/msg/Message.idl
[2.168s] -- Up-to-date symlink: /home/jsmoon/yax_jeju/install/rtcm_msgs/share/rtcm_msgs/msg/Message.msg
[2.168s] -- Up-to-date symlink: /home/jsmoon/yax_jeju/install/rtcm_msgs/share/ament_index/resource_index/package_run_dependencies/rtcm_msgs
[2.168s] -- Up-to-date symlink: /home/jsmoon/yax_jeju/install/rtcm_msgs/share/ament_index/resource_index/parent_prefix_path/rtcm_msgs
[2.168s] -- Up-to-date symlink: /home/jsmoon/yax_jeju/install/rtcm_msgs/share/rtcm_msgs/environment/ament_prefix_path.sh
[2.168s] -- Up-to-date symlink: /home/jsmoon/yax_jeju/install/rtcm_msgs/share/rtcm_msgs/environment/ament_prefix_path.dsv
[2.168s] -- Up-to-date symlink: /home/jsmoon/yax_jeju/install/rtcm_msgs/share/rtcm_msgs/environment/path.sh
[2.169s] -- Up-to-date symlink: /home/jsmoon/yax_jeju/install/rtcm_msgs/share/rtcm_msgs/environment/path.dsv
[2.169s] -- Up-to-date symlink: /home/jsmoon/yax_jeju/install/rtcm_msgs/share/rtcm_msgs/local_setup.bash
[2.169s] -- Up-to-date symlink: /home/jsmoon/yax_jeju/install/rtcm_msgs/share/rtcm_msgs/local_setup.sh
[2.169s] -- Up-to-date symlink: /home/jsmoon/yax_jeju/install/rtcm_msgs/share/rtcm_msgs/local_setup.zsh
[2.169s] -- Up-to-date symlink: /home/jsmoon/yax_jeju/install/rtcm_msgs/share/rtcm_msgs/local_setup.dsv
[2.169s] -- Symlinking: /home/jsmoon/yax_jeju/install/rtcm_msgs/share/rtcm_msgs/package.dsv
[2.169s] -- Up-to-date symlink: /home/jsmoon/yax_jeju/install/rtcm_msgs/share/ament_index/resource_index/packages/rtcm_msgs
[2.169s] -- Up-to-date symlink: /home/jsmoon/yax_jeju/install/rtcm_msgs/share/rtcm_msgs/cmake/rosidl_cmake-extras.cmake
[2.169s] -- Up-to-date symlink: /home/jsmoon/yax_jeju/install/rtcm_msgs/share/rtcm_msgs/cmake/ament_cmake_export_dependencies-extras.cmake
[2.169s] -- Up-to-date symlink: /home/jsmoon/yax_jeju/install/rtcm_msgs/share/rtcm_msgs/cmake/ament_cmake_export_include_directories-extras.cmake
[2.169s] -- Up-to-date symlink: /home/jsmoon/yax_jeju/install/rtcm_msgs/share/rtcm_msgs/cmake/ament_cmake_export_libraries-extras.cmake
[2.169s] -- Up-to-date symlink: /home/jsmoon/yax_jeju/install/rtcm_msgs/share/rtcm_msgs/cmake/ament_cmake_export_targets-extras.cmake
[2.169s] -- Up-to-date symlink: /home/jsmoon/yax_jeju/install/rtcm_msgs/share/rtcm_msgs/cmake/rosidl_cmake_export_typesupport_targets-extras.cmake
[2.169s] -- Up-to-date symlink: /home/jsmoon/yax_jeju/install/rtcm_msgs/share/rtcm_msgs/cmake/rosidl_cmake_export_typesupport_libraries-extras.cmake
[2.169s] -- Up-to-date symlink: /home/jsmoon/yax_jeju/install/rtcm_msgs/share/rtcm_msgs/cmake/rtcm_msgsConfig.cmake
[2.169s] -- Up-to-date symlink: /home/jsmoon/yax_jeju/install/rtcm_msgs/share/rtcm_msgs/cmake/rtcm_msgsConfig-version.cmake
[2.169s] -- Up-to-date symlink: /home/jsmoon/yax_jeju/install/rtcm_msgs/share/rtcm_msgs/package.xml
[2.169s] -- Up-to-date: /home/jsmoon/yax_jeju/install/rtcm_msgs/lib/librtcm_msgs__rosidl_generator_c.so
[2.170s] -- Up-to-date: /home/jsmoon/yax_jeju/install/rtcm_msgs/lib/librtcm_msgs__rosidl_typesupport_fastrtps_c.so
[2.170s] -- Up-to-date: /home/jsmoon/yax_jeju/install/rtcm_msgs/lib/librtcm_msgs__rosidl_typesupport_fastrtps_cpp.so
[2.170s] -- Up-to-date: /home/jsmoon/yax_jeju/install/rtcm_msgs/lib/librtcm_msgs__rosidl_typesupport_introspection_c.so
[2.170s] -- Up-to-date: /home/jsmoon/yax_jeju/install/rtcm_msgs/lib/librtcm_msgs__rosidl_typesupport_c.so
[2.170s] -- Up-to-date: /home/jsmoon/yax_jeju/install/rtcm_msgs/lib/librtcm_msgs__rosidl_typesupport_introspection_cpp.so
[2.170s] -- Up-to-date: /home/jsmoon/yax_jeju/install/rtcm_msgs/lib/librtcm_msgs__rosidl_typesupport_cpp.so
[2.170s] Listing '/home/jsmoon/yax_jeju/install/rtcm_msgs/local/lib/python3.10/dist-packages/rtcm_msgs'...
[2.170s] Listing '/home/jsmoon/yax_jeju/install/rtcm_msgs/local/lib/python3.10/dist-packages/rtcm_msgs/msg'...
[2.170s] -- Up-to-date: /home/jsmoon/yax_jeju/install/rtcm_msgs/lib/librtcm_msgs__rosidl_generator_py.so
[2.170s] -- Up-to-date: /home/jsmoon/yax_jeju/install/rtcm_msgs/share/rtcm_msgs/cmake/export_rtcm_msgs__rosidl_generator_cExport.cmake
[2.170s] -- Up-to-date: /home/jsmoon/yax_jeju/install/rtcm_msgs/share/rtcm_msgs/cmake/export_rtcm_msgs__rosidl_generator_cExport-noconfig.cmake
[2.170s] -- Up-to-date: /home/jsmoon/yax_jeju/install/rtcm_msgs/share/rtcm_msgs/cmake/export_rtcm_msgs__rosidl_typesupport_fastrtps_cExport.cmake
[2.170s] -- Up-to-date: /home/jsmoon/yax_jeju/install/rtcm_msgs/share/rtcm_msgs/cmake/export_rtcm_msgs__rosidl_typesupport_fastrtps_cExport-noconfig.cmake
[2.170s] -- Up-to-date: /home/jsmoon/yax_jeju/install/rtcm_msgs/share/rtcm_msgs/cmake/export_rtcm_msgs__rosidl_generator_cppExport.cmake
[2.170s] -- Up-to-date: /home/jsmoon/yax_jeju/install/rtcm_msgs/share/rtcm_msgs/cmake/export_rtcm_msgs__rosidl_typesupport_fastrtps_cppExport.cmake
[2.170s] -- Up-to-date: /home/jsmoon/yax_jeju/install/rtcm_msgs/share/rtcm_msgs/cmake/export_rtcm_msgs__rosidl_typesupport_fastrtps_cppExport-noconfig.cmake
[2.170s] -- Up-to-date: /home/jsmoon/yax_jeju/install/rtcm_msgs/share/rtcm_msgs/cmake/rtcm_msgs__rosidl_typesupport_introspection_cExport.cmake
[2.170s] -- Up-to-date: /home/jsmoon/yax_jeju/install/rtcm_msgs/share/rtcm_msgs/cmake/rtcm_msgs__rosidl_typesupport_introspection_cExport-noconfig.cmake
[2.170s] -- Up-to-date: /home/jsmoon/yax_jeju/install/rtcm_msgs/share/rtcm_msgs/cmake/rtcm_msgs__rosidl_typesupport_cExport.cmake
[2.170s] -- Up-to-date: /home/jsmoon/yax_jeju/install/rtcm_msgs/share/rtcm_msgs/cmake/rtcm_msgs__rosidl_typesupport_cExport-noconfig.cmake
[2.170s] -- Up-to-date: /home/jsmoon/yax_jeju/install/rtcm_msgs/share/rtcm_msgs/cmake/rtcm_msgs__rosidl_typesupport_introspection_cppExport.cmake
[2.170s] -- Up-to-date: /home/jsmoon/yax_jeju/install/rtcm_msgs/share/rtcm_msgs/cmake/rtcm_msgs__rosidl_typesupport_introspection_cppExport-noconfig.cmake
[2.171s] -- Up-to-date: /home/jsmoon/yax_jeju/install/rtcm_msgs/share/rtcm_msgs/cmake/rtcm_msgs__rosidl_typesupport_cppExport.cmake
[2.171s] -- Up-to-date: /home/jsmoon/yax_jeju/install/rtcm_msgs/share/rtcm_msgs/cmake/rtcm_msgs__rosidl_typesupport_cppExport-noconfig.cmake
[2.171s] -- Up-to-date: /home/jsmoon/yax_jeju/install/rtcm_msgs/share/rtcm_msgs/cmake/export_rtcm_msgs__rosidl_generator_pyExport.cmake
[2.171s] -- Up-to-date: /home/jsmoon/yax_jeju/install/rtcm_msgs/share/rtcm_msgs/cmake/export_rtcm_msgs__rosidl_generator_pyExport-noconfig.cmake
[2.246s] Invoked command in '/home/jsmoon/yax_jeju/build/rtcm_msgs' returned '0': CMAKE_PREFIX_PATH=${CMAKE_PREFIX_PATH}:/home/jsmoon/yax_jeju/install/my_custom_pkg:/home/jsmoon/yax_jeju/install/serial_communication_pkg:/home/jsmoon/yax_jeju/install/ntrip_client:/home/jsmoon/yax_jeju/install/lidar_perception_pkg:/home/jsmoon/yax_jeju/install/latlong_utm:/home/jsmoon/yax_jeju/install/decision_making_pkg:/home/jsmoon/yax_jeju/install/debug_pkg:/home/jsmoon/yax_jeju/install/camera_perception_pkg:/opt/ros/humble /usr/bin/cmake --install /home/jsmoon/yax_jeju/build/rtcm_msgs
