[2.102s] Invoking command in '/home/jsmoon/yax_jeju/build/camera_perception_pkg': PYTHONPATH=/home/jsmoon/yax_jeju/build/camera_perception_pkg/prefix_override:/usr/lib/python3/dist-packages/colcon_core/task/python/colcon_distutils_commands:/home/jsmoon/yax_jeju/install/camera_perception_pkg/lib/python3.10/site-packages:${PYTHONPATH} /usr/bin/python3 -W ignore:setup.py install is deprecated -W ignore:easy_install command is deprecated setup.py develop --editable --build-directory /home/jsmoon/yax_jeju/build/camera_perception_pkg/build --no-deps symlink_data
[2.391s] running develop
[2.593s] running egg_info
[2.593s] writing camera_perception_pkg.egg-info/PKG-INFO
[2.593s] writing dependency_links to camera_perception_pkg.egg-info/dependency_links.txt
[2.593s] writing entry points to camera_perception_pkg.egg-info/entry_points.txt
[2.593s] writing requirements to camera_perception_pkg.egg-info/requires.txt
[2.593s] writing top-level names to camera_perception_pkg.egg-info/top_level.txt
[2.594s] reading manifest file 'camera_perception_pkg.egg-info/SOURCES.txt'
[2.594s] writing manifest file 'camera_perception_pkg.egg-info/SOURCES.txt'
[2.626s] running build_ext
[2.626s] Creating /home/jsmoon/yax_jeju/install/camera_perception_pkg/lib/python3.10/site-packages/camera-perception-pkg.egg-link (link to .)
[2.626s] Installing image_publisher_node script to /home/jsmoon/yax_jeju/install/camera_perception_pkg/lib/camera_perception_pkg
[2.626s] Installing lane_extract script to /home/jsmoon/yax_jeju/install/camera_perception_pkg/lib/camera_perception_pkg
[2.627s] Installing lane_info_extractor_node script to /home/jsmoon/yax_jeju/install/camera_perception_pkg/lib/camera_perception_pkg
[2.627s] Installing object_detector_node script to /home/jsmoon/yax_jeju/install/camera_perception_pkg/lib/camera_perception_pkg
[2.627s] Installing roi_merger_node script to /home/jsmoon/yax_jeju/install/camera_perception_pkg/lib/camera_perception_pkg
[2.627s] Installing traffic_light_detector_node script to /home/jsmoon/yax_jeju/install/camera_perception_pkg/lib/camera_perception_pkg
[2.627s] Installing traffic_light_yolov8_node script to /home/jsmoon/yax_jeju/install/camera_perception_pkg/lib/camera_perception_pkg
[2.627s] Installing yolov8_node script to /home/jsmoon/yax_jeju/install/camera_perception_pkg/lib/camera_perception_pkg
[2.627s] Installing yolov8_traffic_light_node script to /home/jsmoon/yax_jeju/install/camera_perception_pkg/lib/camera_perception_pkg
[2.627s] 
[2.627s] Installed /home/jsmoon/yax_jeju/build/camera_perception_pkg
[2.627s] running symlink_data
[2.681s] Invoked command in '/home/jsmoon/yax_jeju/build/camera_perception_pkg' returned '0': PYTHONPATH=/home/jsmoon/yax_jeju/build/camera_perception_pkg/prefix_override:/usr/lib/python3/dist-packages/colcon_core/task/python/colcon_distutils_commands:/home/jsmoon/yax_jeju/install/camera_perception_pkg/lib/python3.10/site-packages:${PYTHONPATH} /usr/bin/python3 -W ignore:setup.py install is deprecated -W ignore:easy_install command is deprecated setup.py develop --editable --build-directory /home/jsmoon/yax_jeju/build/camera_perception_pkg/build --no-deps symlink_data
