[2.226s] Invoking command in '/home/jsmoon/yax_jeju/build/lidar_perception_pkg': PYTHONPATH=/home/jsmoon/yax_jeju/build/lidar_perception_pkg/prefix_override:/usr/lib/python3/dist-packages/colcon_core/task/python/colcon_distutils_commands:/home/jsmoon/yax_jeju/install/lidar_perception_pkg/lib/python3.10/site-packages:${PYTHONPATH} /usr/bin/python3 -W ignore:setup.py install is deprecated -W ignore:easy_install command is deprecated setup.py develop --editable --build-directory /home/jsmoon/yax_jeju/build/lidar_perception_pkg/build --no-deps symlink_data
[2.479s] running develop
[2.632s] running egg_info
[2.632s] creating lidar_perception_pkg.egg-info
[2.633s] writing lidar_perception_pkg.egg-info/PKG-INFO
[2.633s] writing dependency_links to lidar_perception_pkg.egg-info/dependency_links.txt
[2.633s] writing entry points to lidar_perception_pkg.egg-info/entry_points.txt
[2.633s] writing requirements to lidar_perception_pkg.egg-info/requires.txt
[2.633s] writing top-level names to lidar_perception_pkg.egg-info/top_level.txt
[2.633s] writing manifest file 'lidar_perception_pkg.egg-info/SOURCES.txt'
[2.635s] reading manifest file 'lidar_perception_pkg.egg-info/SOURCES.txt'
[2.636s] writing manifest file 'lidar_perception_pkg.egg-info/SOURCES.txt'
[2.670s] running build_ext
[2.670s] Creating /home/jsmoon/yax_jeju/install/lidar_perception_pkg/lib/python3.10/site-packages/lidar-perception-pkg.egg-link (link to .)
[2.670s] Installing lidar_obstacle_detector_node script to /home/jsmoon/yax_jeju/install/lidar_perception_pkg/lib/lidar_perception_pkg
[2.671s] Installing lidar_processor_node script to /home/jsmoon/yax_jeju/install/lidar_perception_pkg/lib/lidar_perception_pkg
[2.671s] Installing lidar_publisher_node script to /home/jsmoon/yax_jeju/install/lidar_perception_pkg/lib/lidar_perception_pkg
[2.671s] 
[2.671s] Installed /home/jsmoon/yax_jeju/build/lidar_perception_pkg
[2.671s] running symlink_data
[2.671s] creating /home/jsmoon/yax_jeju/install/lidar_perception_pkg/share/ament_index
[2.671s] creating /home/jsmoon/yax_jeju/install/lidar_perception_pkg/share/ament_index/resource_index
[2.671s] creating /home/jsmoon/yax_jeju/install/lidar_perception_pkg/share/ament_index/resource_index/packages
[2.671s] symbolically linking /home/jsmoon/yax_jeju/build/lidar_perception_pkg/resource/lidar_perception_pkg -> /home/jsmoon/yax_jeju/install/lidar_perception_pkg/share/ament_index/resource_index/packages
[2.671s] symbolically linking /home/jsmoon/yax_jeju/build/lidar_perception_pkg/package.xml -> /home/jsmoon/yax_jeju/install/lidar_perception_pkg/share/lidar_perception_pkg
[2.735s] Invoked command in '/home/jsmoon/yax_jeju/build/lidar_perception_pkg' returned '0': PYTHONPATH=/home/jsmoon/yax_jeju/build/lidar_perception_pkg/prefix_override:/usr/lib/python3/dist-packages/colcon_core/task/python/colcon_distutils_commands:/home/jsmoon/yax_jeju/install/lidar_perception_pkg/lib/python3.10/site-packages:${PYTHONPATH} /usr/bin/python3 -W ignore:setup.py install is deprecated -W ignore:easy_install command is deprecated setup.py develop --editable --build-directory /home/jsmoon/yax_jeju/build/lidar_perception_pkg/build --no-deps symlink_data
