running develop
running egg_info
creating latlong_utm.egg-info
writing latlong_utm.egg-info/PKG-INFO
writing dependency_links to latlong_utm.egg-info/dependency_links.txt
writing entry points to latlong_utm.egg-info/entry_points.txt
writing requirements to latlong_utm.egg-info/requires.txt
writing top-level names to latlong_utm.egg-info/top_level.txt
writing manifest file 'latlong_utm.egg-info/SOURCES.txt'
reading manifest file 'latlong_utm.egg-info/SOURCES.txt'
writing manifest file 'latlong_utm.egg-info/SOURCES.txt'
running build_ext
Creating /home/jsmoon/yax_jeju/install/latlong_utm/lib/python3.10/site-packages/latlong-utm.egg-link (link to .)
Installing latlonpub script to /home/jsmoon/yax_jeju/install/latlong_utm/lib/latlong_utm
Installing lattoutm script to /home/jsmoon/yax_jeju/install/latlong_utm/lib/latlong_utm
Installing utmpub script to /home/jsmoon/yax_jeju/install/latlong_utm/lib/latlong_utm
Installing utmtolat script to /home/jsmoon/yax_jeju/install/latlong_utm/lib/latlong_utm

Installed /home/jsmoon/yax_jeju/build/latlong_utm
running symlink_data
creating /home/jsmoon/yax_jeju/install/latlong_utm/share/ament_index
creating /home/jsmoon/yax_jeju/install/latlong_utm/share/ament_index/resource_index
creating /home/jsmoon/yax_jeju/install/latlong_utm/share/ament_index/resource_index/packages
symbolically linking /home/jsmoon/yax_jeju/build/latlong_utm/resource/latlong_utm -> /home/jsmoon/yax_jeju/install/latlong_utm/share/ament_index/resource_index/packages
symbolically linking /home/jsmoon/yax_jeju/build/latlong_utm/package.xml -> /home/jsmoon/yax_jeju/install/latlong_utm/share/latlong_utm
