[2.644s] Invoking command in '/home/jsmoon/yax_jeju/build/debug_pkg': PYTHONPATH=/home/jsmoon/yax_jeju/build/debug_pkg/prefix_override:/usr/lib/python3/dist-packages/colcon_core/task/python/colcon_distutils_commands:/home/jsmoon/yax_jeju/install/debug_pkg/lib/python3.10/site-packages:${PYTHONPATH} /usr/bin/python3 -W ignore:setup.py install is deprecated -W ignore:easy_install command is deprecated setup.py develop --editable --build-directory /home/jsmoon/yax_jeju/build/debug_pkg/build --no-deps symlink_data
[2.924s] running develop
[3.079s] running egg_info
[3.079s] writing debug_pkg.egg-info/PKG-INFO
[3.079s] writing dependency_links to debug_pkg.egg-info/dependency_links.txt
[3.079s] writing entry points to debug_pkg.egg-info/entry_points.txt
[3.080s] writing requirements to debug_pkg.egg-info/requires.txt
[3.080s] writing top-level names to debug_pkg.egg-info/top_level.txt
[3.081s] reading manifest file 'debug_pkg.egg-info/SOURCES.txt'
[3.082s] writing manifest file 'debug_pkg.egg-info/SOURCES.txt'
[3.115s] running build_ext
[3.115s] Creating /home/jsmoon/yax_jeju/install/debug_pkg/lib/python3.10/site-packages/debug-pkg.egg-link (link to .)
[3.115s] Installing path_visualizer_node script to /home/jsmoon/yax_jeju/install/debug_pkg/lib/debug_pkg
[3.116s] Installing steering_visualizer_node script to /home/jsmoon/yax_jeju/install/debug_pkg/lib/debug_pkg
[3.116s] Installing traffic_light_visualizer_node script to /home/jsmoon/yax_jeju/install/debug_pkg/lib/debug_pkg
[3.116s] Installing yolov8_visualizer_node script to /home/jsmoon/yax_jeju/install/debug_pkg/lib/debug_pkg
[3.116s] 
[3.116s] Installed /home/jsmoon/yax_jeju/build/debug_pkg
[3.116s] running symlink_data
[3.174s] Invoked command in '/home/jsmoon/yax_jeju/build/debug_pkg' returned '0': PYTHONPATH=/home/jsmoon/yax_jeju/build/debug_pkg/prefix_override:/usr/lib/python3/dist-packages/colcon_core/task/python/colcon_distutils_commands:/home/jsmoon/yax_jeju/install/debug_pkg/lib/python3.10/site-packages:${PYTHONPATH} /usr/bin/python3 -W ignore:setup.py install is deprecated -W ignore:easy_install command is deprecated setup.py develop --editable --build-directory /home/jsmoon/yax_jeju/build/debug_pkg/build --no-deps symlink_data
