[0.014s] Invoking command in '/home/jsmoon/yax_jeju/build/ublox_gps': AMENT_PREFIX_PATH=/home/jsmoon/yax_jeju/install/ublox_msgs:/home/jsmoon/yax_jeju/install/ublox_serialization:/home/jsmoon/yax_jeju/install/rtcm_msgs:${AMENT_PREFIX_PATH} CMAKE_PREFIX_PATH=/home/jsmoon/yax_jeju/install/ublox_msgs:/home/jsmoon/yax_jeju/install/ublox_serialization:/home/jsmoon/yax_jeju/install/rtcm_msgs:/home/jsmoon/ydlidar_ws/install/ydlidar_ros2_driver:/opt/ros/humble LD_LIBRARY_PATH=/home/jsmoon/yax_jeju/install/ublox_msgs/lib:/home/jsmoon/yax_jeju/install/rtcm_msgs/lib:/opt/ros/humble/opt/rviz_ogre_vendor/lib:/opt/ros/humble/lib/x86_64-linux-gnu:/opt/ros/humble/lib:/home/jsmoon/Desktop/JSMOON/MLCS/project1/Personalized-Adaptive-Cruise/external/acados/lib PYTHONPATH=/home/jsmoon/yax_jeju/install/ublox_msgs/local/lib/python3.10/dist-packages:/home/jsmoon/yax_jeju/install/rtcm_msgs/local/lib/python3.10/dist-packages:${PYTHONPATH} /usr/bin/cmake /home/jsmoon/yax_jeju/src/RTK_GPS_NTRIP/ublox_gps -DAMENT_CMAKE_SYMLINK_INSTALL=1 -DCMAKE_INSTALL_PREFIX=/home/jsmoon/yax_jeju/install/ublox_gps
[0.058s] -- The C compiler identification is GNU 11.4.0
[0.104s] -- The CXX compiler identification is GNU 11.4.0
[0.110s] -- Detecting C compiler ABI info
[0.168s] -- Detecting C compiler ABI info - done
[0.172s] -- Check for working C compiler: /usr/bin/cc - skipped
[0.172s] -- Detecting C compile features
[0.173s] -- Detecting C compile features - done
[0.174s] -- Detecting CXX compiler ABI info
[0.242s] -- Detecting CXX compiler ABI info - done
[0.247s] -- Check for working CXX compiler: /usr/bin/c++ - skipped
[0.247s] -- Detecting CXX compile features
[0.247s] -- Detecting CXX compile features - done
[0.249s] -- Found ament_cmake_ros: 0.10.0 (/opt/ros/humble/share/ament_cmake_ros/cmake)
[0.748s] -- Found Python3: /home/jsmoon/.pyenv/shims/python3 (found version "3.10.12") found components: Interpreter 
[0.845s] -- Override CMake install command with custom implementation using symlinks instead of copying resources
[0.863s] -- Found asio: /usr/include  
[0.865s] -- Found diagnostic_msgs: 4.9.0 (/opt/ros/humble/share/diagnostic_msgs/cmake)
[0.890s] -- Found rosidl_generator_c: 3.1.7 (/opt/ros/humble/share/rosidl_generator_c/cmake)
[0.893s] -- Found rosidl_adapter: 3.1.7 (/opt/ros/humble/share/rosidl_adapter/cmake)
[0.898s] -- Found rosidl_generator_cpp: 3.1.7 (/opt/ros/humble/share/rosidl_generator_cpp/cmake)
[0.906s] -- Using all available rosidl_typesupport_c: rosidl_typesupport_fastrtps_c;rosidl_typesupport_introspection_c
[0.915s] -- Using all available rosidl_typesupport_cpp: rosidl_typesupport_fastrtps_cpp;rosidl_typesupport_introspection_cpp
[0.941s] -- Found diagnostic_updater: 4.0.6 (/opt/ros/humble/share/diagnostic_updater/cmake)
[0.969s] -- Found rmw_implementation_cmake: 6.1.2 (/opt/ros/humble/share/rmw_implementation_cmake/cmake)
[0.972s] -- Found rmw_fastrtps_cpp: 6.2.9 (/opt/ros/humble/share/rmw_fastrtps_cpp/cmake)
[1.043s] -- Found OpenSSL: /usr/lib/x86_64-linux-gnu/libcrypto.so (found version "3.0.2")  
[1.063s] -- Found FastRTPS: /opt/ros/humble/include  
[1.096s] -- Using RMW implementation 'rmw_fastrtps_cpp' as default
[1.103s] -- Looking for pthread.h
[1.166s] -- Looking for pthread.h - found
[1.166s] -- Performing Test CMAKE_HAVE_LIBC_PTHREAD
[1.237s] -- Performing Test CMAKE_HAVE_LIBC_PTHREAD - Success
[1.238s] -- Found Threads: TRUE  
[1.263s] -- Found geometry_msgs: 4.9.0 (/opt/ros/humble/share/geometry_msgs/cmake)
[1.272s] -- Found rclcpp_components: 16.0.16 (/opt/ros/humble/share/rclcpp_components/cmake)
[1.297s] -- Found sensor_msgs: 4.9.0 (/opt/ros/humble/share/sensor_msgs/cmake)
[1.308s] -- Found tf2: 0.25.17 (/opt/ros/humble/share/tf2/cmake)
[1.311s] -- Found ublox_msgs: 2.3.0 (/home/jsmoon/yax_jeju/install/ublox_msgs/share/ublox_msgs/cmake)
[1.323s] -- Found rtcm_msgs: 1.1.6 (/home/jsmoon/yax_jeju/install/rtcm_msgs/share/rtcm_msgs/cmake)
[1.451s] -- Configuring done
[1.510s] -- Generating done
[1.516s] -- Build files have been written to: /home/jsmoon/yax_jeju/build/ublox_gps
[1.525s] Invoked command in '/home/jsmoon/yax_jeju/build/ublox_gps' returned '0': AMENT_PREFIX_PATH=/home/jsmoon/yax_jeju/install/ublox_msgs:/home/jsmoon/yax_jeju/install/ublox_serialization:/home/jsmoon/yax_jeju/install/rtcm_msgs:${AMENT_PREFIX_PATH} CMAKE_PREFIX_PATH=/home/jsmoon/yax_jeju/install/ublox_msgs:/home/jsmoon/yax_jeju/install/ublox_serialization:/home/jsmoon/yax_jeju/install/rtcm_msgs:/home/jsmoon/ydlidar_ws/install/ydlidar_ros2_driver:/opt/ros/humble LD_LIBRARY_PATH=/home/jsmoon/yax_jeju/install/ublox_msgs/lib:/home/jsmoon/yax_jeju/install/rtcm_msgs/lib:/opt/ros/humble/opt/rviz_ogre_vendor/lib:/opt/ros/humble/lib/x86_64-linux-gnu:/opt/ros/humble/lib:/home/jsmoon/Desktop/JSMOON/MLCS/project1/Personalized-Adaptive-Cruise/external/acados/lib PYTHONPATH=/home/jsmoon/yax_jeju/install/ublox_msgs/local/lib/python3.10/dist-packages:/home/jsmoon/yax_jeju/install/rtcm_msgs/local/lib/python3.10/dist-packages:${PYTHONPATH} /usr/bin/cmake /home/jsmoon/yax_jeju/src/RTK_GPS_NTRIP/ublox_gps -DAMENT_CMAKE_SYMLINK_INSTALL=1 -DCMAKE_INSTALL_PREFIX=/home/jsmoon/yax_jeju/install/ublox_gps
[1.526s] Invoking command in '/home/jsmoon/yax_jeju/build/ublox_gps': AMENT_PREFIX_PATH=/home/jsmoon/yax_jeju/install/ublox_msgs:/home/jsmoon/yax_jeju/install/ublox_serialization:/home/jsmoon/yax_jeju/install/rtcm_msgs:${AMENT_PREFIX_PATH} CMAKE_PREFIX_PATH=/home/jsmoon/yax_jeju/install/ublox_msgs:/home/jsmoon/yax_jeju/install/ublox_serialization:/home/jsmoon/yax_jeju/install/rtcm_msgs:/home/jsmoon/ydlidar_ws/install/ydlidar_ros2_driver:/opt/ros/humble LD_LIBRARY_PATH=/home/jsmoon/yax_jeju/install/ublox_msgs/lib:/home/jsmoon/yax_jeju/install/rtcm_msgs/lib:/opt/ros/humble/opt/rviz_ogre_vendor/lib:/opt/ros/humble/lib/x86_64-linux-gnu:/opt/ros/humble/lib:/home/jsmoon/Desktop/JSMOON/MLCS/project1/Personalized-Adaptive-Cruise/external/acados/lib PYTHONPATH=/home/jsmoon/yax_jeju/install/ublox_msgs/local/lib/python3.10/dist-packages:/home/jsmoon/yax_jeju/install/rtcm_msgs/local/lib/python3.10/dist-packages:${PYTHONPATH} /usr/bin/cmake --build /home/jsmoon/yax_jeju/build/ublox_gps -- -j16 -l16
[1.574s] [ 13%] [32mBuilding CXX object CMakeFiles/ublox_gps.dir/src/gps.cpp.o[0m
[1.574s] [ 13%] [32mBuilding CXX object CMakeFiles/ublox_gps.dir/src/hpg_rov_product.cpp.o[0m
[1.574s] [ 13%] [32mBuilding CXX object CMakeFiles/ublox_gps.dir/src/gnss.cpp.o[0m
[1.574s] [ 22%] [32mBuilding CXX object CMakeFiles/ublox_gps.dir/src/hpg_ref_product.cpp.o[0m
[1.574s] [ 22%] [32mBuilding CXX object CMakeFiles/ublox_gps.dir/src/hp_pos_rec_product.cpp.o[0m
[1.574s] [ 31%] [32mBuilding C object CMakeFiles/ublox_gps.dir/src/mkgmtime.c.o[0m
[1.574s] [ 36%] [32mBuilding CXX object CMakeFiles/ublox_gps.dir/src/adr_udr_product.cpp.o[0m
[1.574s] [ 36%] [32mBuilding CXX object CMakeFiles/ublox_gps.dir/src/node.cpp.o[0m
[1.574s] [ 45%] [32mBuilding CXX object CMakeFiles/ublox_gps.dir/src/raw_data_product.cpp.o[0m
[1.574s] [ 45%] [32mBuilding CXX object CMakeFiles/ublox_gps.dir/src/raw_data_pa.cpp.o[0m
[1.574s] [ 50%] [32mBuilding CXX object CMakeFiles/ublox_gps.dir/src/ublox_firmware.cpp.o[0m
[1.575s] [ 54%] [32mBuilding CXX object CMakeFiles/ublox_gps.dir/src/ublox_firmware6.cpp.o[0m
[1.575s] [ 59%] [32mBuilding CXX object CMakeFiles/ublox_gps.dir/src/ublox_firmware7.cpp.o[0m
[1.575s] [ 63%] [32mBuilding CXX object CMakeFiles/ublox_gps.dir/src/ublox_firmware8.cpp.o[0m
[1.584s] [ 72%] [32mBuilding CXX object CMakeFiles/ublox_gps.dir/src/tim_product.cpp.o[0m
[1.584s] [ 72%] [32mBuilding CXX object CMakeFiles/ublox_gps.dir/src/ublox_firmware9.cpp.o[0m
[19.254s] [ 77%] [32m[1mLinking CXX shared library libublox_gps.so[0m
[21.720s] [ 77%] Built target ublox_gps
[21.740s] [ 90%] [32mBuilding CXX object CMakeFiles/ublox_gps_node.dir/src/node_main.cpp.o[0m
[21.740s] [ 90%] [32mBuilding CXX object CMakeFiles/ublox_logger.dir/src/raw_data_pa.cpp.o[0m
[21.740s] [ 90%] [32mBuilding CXX object CMakeFiles/ublox_logger.dir/src/logger_node_pa.cpp.o[0m
[25.516s] [ 95%] [32m[1mLinking CXX executable ublox_gps_node[0m
[26.362s] [ 95%] Built target ublox_gps_node
[27.188s] [100%] [32m[1mLinking CXX executable ublox_logger[0m
[27.498s] [100%] Built target ublox_logger
[27.511s] Invoked command in '/home/jsmoon/yax_jeju/build/ublox_gps' returned '0': AMENT_PREFIX_PATH=/home/jsmoon/yax_jeju/install/ublox_msgs:/home/jsmoon/yax_jeju/install/ublox_serialization:/home/jsmoon/yax_jeju/install/rtcm_msgs:${AMENT_PREFIX_PATH} CMAKE_PREFIX_PATH=/home/jsmoon/yax_jeju/install/ublox_msgs:/home/jsmoon/yax_jeju/install/ublox_serialization:/home/jsmoon/yax_jeju/install/rtcm_msgs:/home/jsmoon/ydlidar_ws/install/ydlidar_ros2_driver:/opt/ros/humble LD_LIBRARY_PATH=/home/jsmoon/yax_jeju/install/ublox_msgs/lib:/home/jsmoon/yax_jeju/install/rtcm_msgs/lib:/opt/ros/humble/opt/rviz_ogre_vendor/lib:/opt/ros/humble/lib/x86_64-linux-gnu:/opt/ros/humble/lib:/home/jsmoon/Desktop/JSMOON/MLCS/project1/Personalized-Adaptive-Cruise/external/acados/lib PYTHONPATH=/home/jsmoon/yax_jeju/install/ublox_msgs/local/lib/python3.10/dist-packages:/home/jsmoon/yax_jeju/install/rtcm_msgs/local/lib/python3.10/dist-packages:${PYTHONPATH} /usr/bin/cmake --build /home/jsmoon/yax_jeju/build/ublox_gps -- -j16 -l16
[27.512s] Invoking command in '/home/jsmoon/yax_jeju/build/ublox_gps': AMENT_PREFIX_PATH=/home/jsmoon/yax_jeju/install/ublox_msgs:/home/jsmoon/yax_jeju/install/ublox_serialization:/home/jsmoon/yax_jeju/install/rtcm_msgs:${AMENT_PREFIX_PATH} CMAKE_PREFIX_PATH=/home/jsmoon/yax_jeju/install/ublox_msgs:/home/jsmoon/yax_jeju/install/ublox_serialization:/home/jsmoon/yax_jeju/install/rtcm_msgs:/home/jsmoon/ydlidar_ws/install/ydlidar_ros2_driver:/opt/ros/humble LD_LIBRARY_PATH=/home/jsmoon/yax_jeju/install/ublox_msgs/lib:/home/jsmoon/yax_jeju/install/rtcm_msgs/lib:/opt/ros/humble/opt/rviz_ogre_vendor/lib:/opt/ros/humble/lib/x86_64-linux-gnu:/opt/ros/humble/lib:/home/jsmoon/Desktop/JSMOON/MLCS/project1/Personalized-Adaptive-Cruise/external/acados/lib PYTHONPATH=/home/jsmoon/yax_jeju/install/ublox_msgs/local/lib/python3.10/dist-packages:/home/jsmoon/yax_jeju/install/rtcm_msgs/local/lib/python3.10/dist-packages:${PYTHONPATH} /usr/bin/cmake --install /home/jsmoon/yax_jeju/build/ublox_gps
[27.518s] -- Install configuration: ""
[27.518s] -- Execute custom install script
[27.518s] -- Symlinking: /home/jsmoon/yax_jeju/install/ublox_gps/lib/ublox_gps/ublox_gps_node
[27.525s] -- Symlinking: /home/jsmoon/yax_jeju/install/ublox_gps/lib/ublox_gps/ublox_logger
[27.532s] -- Symlinking: /home/jsmoon/yax_jeju/install/ublox_gps/include/ublox_gps/ublox_gps/adr_udr_product.hpp
[27.539s] -- Symlinking: /home/jsmoon/yax_jeju/install/ublox_gps/include/ublox_gps/ublox_gps/async_worker.hpp
[27.546s] -- Symlinking: /home/jsmoon/yax_jeju/install/ublox_gps/include/ublox_gps/ublox_gps/callback.hpp
[27.553s] -- Symlinking: /home/jsmoon/yax_jeju/install/ublox_gps/include/ublox_gps/ublox_gps/component_interface.hpp
[27.559s] -- Symlinking: /home/jsmoon/yax_jeju/install/ublox_gps/include/ublox_gps/ublox_gps/fix_diagnostic.hpp
[27.565s] -- Symlinking: /home/jsmoon/yax_jeju/install/ublox_gps/include/ublox_gps/ublox_gps/fts_product.hpp
[27.572s] -- Symlinking: /home/jsmoon/yax_jeju/install/ublox_gps/include/ublox_gps/ublox_gps/gnss.hpp
[27.579s] -- Symlinking: /home/jsmoon/yax_jeju/install/ublox_gps/include/ublox_gps/ublox_gps/gps.hpp
[27.587s] -- Symlinking: /home/jsmoon/yax_jeju/install/ublox_gps/include/ublox_gps/ublox_gps/hp_pos_rec_product.hpp
[27.594s] -- Symlinking: /home/jsmoon/yax_jeju/install/ublox_gps/include/ublox_gps/ublox_gps/hpg_ref_product.hpp
[27.603s] -- Symlinking: /home/jsmoon/yax_jeju/install/ublox_gps/include/ublox_gps/ublox_gps/hpg_rov_product.hpp
[27.611s] -- Symlinking: /home/jsmoon/yax_jeju/install/ublox_gps/include/ublox_gps/ublox_gps/mkgmtime.h
[27.619s] -- Symlinking: /home/jsmoon/yax_jeju/install/ublox_gps/include/ublox_gps/ublox_gps/node.hpp
[27.626s] -- Symlinking: /home/jsmoon/yax_jeju/install/ublox_gps/include/ublox_gps/ublox_gps/raw_data_pa.hpp
[27.636s] -- Symlinking: /home/jsmoon/yax_jeju/install/ublox_gps/include/ublox_gps/ublox_gps/raw_data_product.hpp
[27.642s] -- Symlinking: /home/jsmoon/yax_jeju/install/ublox_gps/include/ublox_gps/ublox_gps/rtcm.hpp
[27.651s] -- Symlinking: /home/jsmoon/yax_jeju/install/ublox_gps/include/ublox_gps/ublox_gps/tim_product.hpp
[27.659s] -- Symlinking: /home/jsmoon/yax_jeju/install/ublox_gps/include/ublox_gps/ublox_gps/ublox_firmware.hpp
[27.667s] -- Symlinking: /home/jsmoon/yax_jeju/install/ublox_gps/include/ublox_gps/ublox_gps/ublox_firmware6.hpp
[27.675s] -- Symlinking: /home/jsmoon/yax_jeju/install/ublox_gps/include/ublox_gps/ublox_gps/ublox_firmware7.hpp
[27.683s] -- Symlinking: /home/jsmoon/yax_jeju/install/ublox_gps/include/ublox_gps/ublox_gps/ublox_firmware7plus.hpp
[27.690s] -- Symlinking: /home/jsmoon/yax_jeju/install/ublox_gps/include/ublox_gps/ublox_gps/ublox_firmware8.hpp
[27.700s] -- Symlinking: /home/jsmoon/yax_jeju/install/ublox_gps/include/ublox_gps/ublox_gps/ublox_firmware9.hpp
[27.707s] -- Symlinking: /home/jsmoon/yax_jeju/install/ublox_gps/include/ublox_gps/ublox_gps/ublox_topic_diagnostic.hpp
[27.713s] -- Symlinking: /home/jsmoon/yax_jeju/install/ublox_gps/include/ublox_gps/ublox_gps/utils.hpp
[27.720s] -- Symlinking: /home/jsmoon/yax_jeju/install/ublox_gps/include/ublox_gps/ublox_gps/worker.hpp
[27.728s] -- Symlinking: /home/jsmoon/yax_jeju/install/ublox_gps/share/ublox_gps/launch/ublox_gps_node-composed-launch.py
[27.734s] -- Symlinking: /home/jsmoon/yax_jeju/install/ublox_gps/share/ublox_gps/launch/ublox_gps_node-launch.py
[27.741s] -- Symlinking: /home/jsmoon/yax_jeju/install/ublox_gps/share/ublox_gps/config/c94_m8p_base.yaml
[27.749s] -- Symlinking: /home/jsmoon/yax_jeju/install/ublox_gps/share/ublox_gps/config/c94_m8p_rover.yaml
[27.756s] -- Symlinking: /home/jsmoon/yax_jeju/install/ublox_gps/share/ublox_gps/config/c94_m8t_base.yaml
[27.764s] -- Symlinking: /home/jsmoon/yax_jeju/install/ublox_gps/share/ublox_gps/config/c94_m8t_rover.yaml
[27.771s] -- Symlinking: /home/jsmoon/yax_jeju/install/ublox_gps/share/ublox_gps/config/neo_m8u_rover.yaml
[27.781s] -- Symlinking: /home/jsmoon/yax_jeju/install/ublox_gps/share/ublox_gps/config/nmea.yaml
[27.788s] -- Symlinking: /home/jsmoon/yax_jeju/install/ublox_gps/share/ublox_gps/config/zed_f9p.yaml
[27.795s] -- Symlinking: /home/jsmoon/yax_jeju/install/ublox_gps/share/ublox_gps/config/zed_f9p_rover.yaml
[27.805s] -- Symlinking: /home/jsmoon/yax_jeju/install/ublox_gps/share/ament_index/resource_index/package_run_dependencies/ublox_gps
[27.813s] -- Symlinking: /home/jsmoon/yax_jeju/install/ublox_gps/share/ament_index/resource_index/parent_prefix_path/ublox_gps
[27.820s] -- Symlinking: /home/jsmoon/yax_jeju/install/ublox_gps/share/ublox_gps/environment/ament_prefix_path.sh
[27.828s] -- Symlinking: /home/jsmoon/yax_jeju/install/ublox_gps/share/ublox_gps/environment/ament_prefix_path.dsv
[27.835s] -- Symlinking: /home/jsmoon/yax_jeju/install/ublox_gps/share/ublox_gps/environment/path.sh
[27.841s] -- Symlinking: /home/jsmoon/yax_jeju/install/ublox_gps/share/ublox_gps/environment/path.dsv
[27.848s] -- Symlinking: /home/jsmoon/yax_jeju/install/ublox_gps/share/ublox_gps/local_setup.bash
[27.855s] -- Symlinking: /home/jsmoon/yax_jeju/install/ublox_gps/share/ublox_gps/local_setup.sh
[27.862s] -- Symlinking: /home/jsmoon/yax_jeju/install/ublox_gps/share/ublox_gps/local_setup.zsh
[27.870s] -- Symlinking: /home/jsmoon/yax_jeju/install/ublox_gps/share/ublox_gps/local_setup.dsv
[27.878s] -- Symlinking: /home/jsmoon/yax_jeju/install/ublox_gps/share/ublox_gps/package.dsv
[27.886s] -- Symlinking: /home/jsmoon/yax_jeju/install/ublox_gps/share/ament_index/resource_index/packages/ublox_gps
[27.894s] -- Symlinking: /home/jsmoon/yax_jeju/install/ublox_gps/share/ament_index/resource_index/rclcpp_components/ublox_gps
[27.903s] -- Symlinking: /home/jsmoon/yax_jeju/install/ublox_gps/share/ublox_gps/cmake/ament_cmake_export_include_directories-extras.cmake
[27.911s] -- Symlinking: /home/jsmoon/yax_jeju/install/ublox_gps/share/ublox_gps/cmake/ament_cmake_export_targets-extras.cmake
[27.919s] -- Symlinking: /home/jsmoon/yax_jeju/install/ublox_gps/share/ublox_gps/cmake/ublox_gpsConfig.cmake
[27.926s] -- Symlinking: /home/jsmoon/yax_jeju/install/ublox_gps/share/ublox_gps/cmake/ublox_gpsConfig-version.cmake
[27.934s] -- Symlinking: /home/jsmoon/yax_jeju/install/ublox_gps/share/ublox_gps/package.xml
[27.944s] -- Installing: /home/jsmoon/yax_jeju/install/ublox_gps/lib/libublox_gps.so
[27.969s] -- Set runtime path of "/home/jsmoon/yax_jeju/install/ublox_gps/lib/libublox_gps.so" to ""
[27.969s] -- Installing: /home/jsmoon/yax_jeju/install/ublox_gps/share/ublox_gps/cmake/export_ublox_gpsExport.cmake
[27.969s] -- Installing: /home/jsmoon/yax_jeju/install/ublox_gps/share/ublox_gps/cmake/export_ublox_gpsExport-noconfig.cmake
[27.971s] Invoked command in '/home/jsmoon/yax_jeju/build/ublox_gps' returned '0': AMENT_PREFIX_PATH=/home/jsmoon/yax_jeju/install/ublox_msgs:/home/jsmoon/yax_jeju/install/ublox_serialization:/home/jsmoon/yax_jeju/install/rtcm_msgs:${AMENT_PREFIX_PATH} CMAKE_PREFIX_PATH=/home/jsmoon/yax_jeju/install/ublox_msgs:/home/jsmoon/yax_jeju/install/ublox_serialization:/home/jsmoon/yax_jeju/install/rtcm_msgs:/home/jsmoon/ydlidar_ws/install/ydlidar_ros2_driver:/opt/ros/humble LD_LIBRARY_PATH=/home/jsmoon/yax_jeju/install/ublox_msgs/lib:/home/jsmoon/yax_jeju/install/rtcm_msgs/lib:/opt/ros/humble/opt/rviz_ogre_vendor/lib:/opt/ros/humble/lib/x86_64-linux-gnu:/opt/ros/humble/lib:/home/jsmoon/Desktop/JSMOON/MLCS/project1/Personalized-Adaptive-Cruise/external/acados/lib PYTHONPATH=/home/jsmoon/yax_jeju/install/ublox_msgs/local/lib/python3.10/dist-packages:/home/jsmoon/yax_jeju/install/rtcm_msgs/local/lib/python3.10/dist-packages:${PYTHONPATH} /usr/bin/cmake --install /home/jsmoon/yax_jeju/build/ublox_gps
