[2.932s] Invoking command in '/home/jsmoon/yax_jeju/build/debug_pkg': PYTHONPATH=/home/jsmoon/yax_jeju/build/debug_pkg/prefix_override:/usr/lib/python3/dist-packages/colcon_core/task/python/colcon_distutils_commands:/home/jsmoon/yax_jeju/install/debug_pkg/lib/python3.10/site-packages:${PYTHONPATH} /usr/bin/python3 -W ignore:setup.py install is deprecated -W ignore:easy_install command is deprecated setup.py develop --editable --build-directory /home/jsmoon/yax_jeju/build/debug_pkg/build --no-deps symlink_data
[3.241s] running develop
[3.400s] running egg_info
[3.400s] writing debug_pkg.egg-info/PKG-INFO
[3.400s] writing dependency_links to debug_pkg.egg-info/dependency_links.txt
[3.401s] writing entry points to debug_pkg.egg-info/entry_points.txt
[3.401s] writing requirements to debug_pkg.egg-info/requires.txt
[3.401s] writing top-level names to debug_pkg.egg-info/top_level.txt
[3.401s] reading manifest file 'debug_pkg.egg-info/SOURCES.txt'
[3.401s] writing manifest file 'debug_pkg.egg-info/SOURCES.txt'
[3.428s] running build_ext
[3.428s] Creating /home/jsmoon/yax_jeju/install/debug_pkg/lib/python3.10/site-packages/debug-pkg.egg-link (link to .)
[3.428s] Installing path_visualizer_node script to /home/jsmoon/yax_jeju/install/debug_pkg/lib/debug_pkg
[3.428s] Installing steering_visualizer_node script to /home/jsmoon/yax_jeju/install/debug_pkg/lib/debug_pkg
[3.428s] Installing traffic_light_visualizer_node script to /home/jsmoon/yax_jeju/install/debug_pkg/lib/debug_pkg
[3.428s] Installing yolov8_visualizer_node script to /home/jsmoon/yax_jeju/install/debug_pkg/lib/debug_pkg
[3.428s] 
[3.428s] Installed /home/jsmoon/yax_jeju/build/debug_pkg
[3.428s] running symlink_data
[3.483s] Invoked command in '/home/jsmoon/yax_jeju/build/debug_pkg' returned '0': PYTHONPATH=/home/jsmoon/yax_jeju/build/debug_pkg/prefix_override:/usr/lib/python3/dist-packages/colcon_core/task/python/colcon_distutils_commands:/home/jsmoon/yax_jeju/install/debug_pkg/lib/python3.10/site-packages:${PYTHONPATH} /usr/bin/python3 -W ignore:setup.py install is deprecated -W ignore:easy_install command is deprecated setup.py develop --editable --build-directory /home/jsmoon/yax_jeju/build/debug_pkg/build --no-deps symlink_data
