running egg_info
creating ../../../build/ntrip_client/ntrip_client.egg-info
writing ../../../build/ntrip_client/ntrip_client.egg-info/PKG-INFO
writing dependency_links to ../../../build/ntrip_client/ntrip_client.egg-info/dependency_links.txt
writing requirements to ../../../build/ntrip_client/ntrip_client.egg-info/requires.txt
writing top-level names to ../../../build/ntrip_client/ntrip_client.egg-info/top_level.txt
writing manifest file '../../../build/ntrip_client/ntrip_client.egg-info/SOURCES.txt'
reading manifest file '../../../build/ntrip_client/ntrip_client.egg-info/SOURCES.txt'
adding license file 'LICENSE'
writing manifest file '../../../build/ntrip_client/ntrip_client.egg-info/SOURCES.txt'
running build
running build_py
creating /home/jsmoon/yax_jeju/build/ntrip_client/build
creating /home/jsmoon/yax_jeju/build/ntrip_client/build/lib
creating /home/jsmoon/yax_jeju/build/ntrip_client/build/lib/ntrip_client
copying src/ntrip_client/__init__.py -> /home/jsmoon/yax_jeju/build/ntrip_client/build/lib/ntrip_client
copying src/ntrip_client/rtcm_parser.py -> /home/jsmoon/yax_jeju/build/ntrip_client/build/lib/ntrip_client
copying src/ntrip_client/nmea_parser.py -> /home/jsmoon/yax_jeju/build/ntrip_client/build/lib/ntrip_client
copying src/ntrip_client/ntrip_client.py -> /home/jsmoon/yax_jeju/build/ntrip_client/build/lib/ntrip_client
running build_scripts
creating /home/jsmoon/yax_jeju/build/ntrip_client/build/scripts-3.10
copying and adjusting scripts/ntrip_ros.py -> /home/jsmoon/yax_jeju/build/ntrip_client/build/scripts-3.10
changing mode of /home/jsmoon/yax_jeju/build/ntrip_client/build/scripts-3.10/ntrip_ros.py from 664 to 775
running install
running install_lib
creating /home/jsmoon/yax_jeju/install/ntrip_client/lib/python3.10/site-packages/ntrip_client
copying /home/jsmoon/yax_jeju/build/ntrip_client/build/lib/ntrip_client/__init__.py -> /home/jsmoon/yax_jeju/install/ntrip_client/lib/python3.10/site-packages/ntrip_client
copying /home/jsmoon/yax_jeju/build/ntrip_client/build/lib/ntrip_client/rtcm_parser.py -> /home/jsmoon/yax_jeju/install/ntrip_client/lib/python3.10/site-packages/ntrip_client
copying /home/jsmoon/yax_jeju/build/ntrip_client/build/lib/ntrip_client/nmea_parser.py -> /home/jsmoon/yax_jeju/install/ntrip_client/lib/python3.10/site-packages/ntrip_client
copying /home/jsmoon/yax_jeju/build/ntrip_client/build/lib/ntrip_client/ntrip_client.py -> /home/jsmoon/yax_jeju/install/ntrip_client/lib/python3.10/site-packages/ntrip_client
byte-compiling /home/jsmoon/yax_jeju/install/ntrip_client/lib/python3.10/site-packages/ntrip_client/__init__.py to __init__.cpython-310.pyc
byte-compiling /home/jsmoon/yax_jeju/install/ntrip_client/lib/python3.10/site-packages/ntrip_client/rtcm_parser.py to rtcm_parser.cpython-310.pyc
byte-compiling /home/jsmoon/yax_jeju/install/ntrip_client/lib/python3.10/site-packages/ntrip_client/nmea_parser.py to nmea_parser.cpython-310.pyc
byte-compiling /home/jsmoon/yax_jeju/install/ntrip_client/lib/python3.10/site-packages/ntrip_client/ntrip_client.py to ntrip_client.cpython-310.pyc
running install_data
running install_egg_info
Copying ../../../build/ntrip_client/ntrip_client.egg-info to /home/jsmoon/yax_jeju/install/ntrip_client/lib/python3.10/site-packages/ntrip_client-1.2.0-py3.10.egg-info
running install_scripts
copying /home/jsmoon/yax_jeju/build/ntrip_client/build/scripts-3.10/ntrip_ros.py -> /home/jsmoon/yax_jeju/install/ntrip_client/lib/ntrip_client
changing mode of /home/jsmoon/yax_jeju/install/ntrip_client/lib/ntrip_client/ntrip_ros.py to 775
writing list of installed files to '/home/jsmoon/yax_jeju/build/ntrip_client/install.log'
