[0.469s] Invoking command in '/home/jsmoon/yax_jeju/src/RTK_GPS_NTRIP/ntrip_client': PYTHONPATH=/home/jsmoon/yax_jeju/build/ntrip_client/prefix_override:/usr/lib/python3/dist-packages/colcon_core/task/python/colcon_distutils_commands:/home/jsmoon/yax_jeju/install/ntrip_client/lib/python3.10/site-packages:${PYTHONPATH} /usr/bin/python3 -W ignore:setup.py install is deprecated -W ignore:easy_install command is deprecated setup.py egg_info --egg-base ../../../build/ntrip_client build --build-base /home/jsmoon/yax_jeju/build/ntrip_client/build install --record /home/jsmoon/yax_jeju/build/ntrip_client/install.log --single-version-externally-managed install_data
[0.635s] running egg_info
[0.636s] creating ../../../build/ntrip_client/ntrip_client.egg-info
[0.636s] writing ../../../build/ntrip_client/ntrip_client.egg-info/PKG-INFO
[0.636s] writing dependency_links to ../../../build/ntrip_client/ntrip_client.egg-info/dependency_links.txt
[0.636s] writing requirements to ../../../build/ntrip_client/ntrip_client.egg-info/requires.txt
[0.636s] writing top-level names to ../../../build/ntrip_client/ntrip_client.egg-info/top_level.txt
[0.636s] writing manifest file '../../../build/ntrip_client/ntrip_client.egg-info/SOURCES.txt'
[0.637s] reading manifest file '../../../build/ntrip_client/ntrip_client.egg-info/SOURCES.txt'
[0.637s] adding license file 'LICENSE'
[0.638s] writing manifest file '../../../build/ntrip_client/ntrip_client.egg-info/SOURCES.txt'
[0.638s] running build
[0.638s] running build_py
[0.638s] creating /home/jsmoon/yax_jeju/build/ntrip_client/build
[0.639s] creating /home/jsmoon/yax_jeju/build/ntrip_client/build/lib
[0.639s] creating /home/jsmoon/yax_jeju/build/ntrip_client/build/lib/ntrip_client
[0.639s] copying src/ntrip_client/__init__.py -> /home/jsmoon/yax_jeju/build/ntrip_client/build/lib/ntrip_client
[0.639s] copying src/ntrip_client/rtcm_parser.py -> /home/jsmoon/yax_jeju/build/ntrip_client/build/lib/ntrip_client
[0.639s] copying src/ntrip_client/nmea_parser.py -> /home/jsmoon/yax_jeju/build/ntrip_client/build/lib/ntrip_client
[0.639s] copying src/ntrip_client/ntrip_client.py -> /home/jsmoon/yax_jeju/build/ntrip_client/build/lib/ntrip_client
[0.639s] running build_scripts
[0.639s] creating /home/jsmoon/yax_jeju/build/ntrip_client/build/scripts-3.10
[0.639s] copying and adjusting scripts/ntrip_ros.py -> /home/jsmoon/yax_jeju/build/ntrip_client/build/scripts-3.10
[0.639s] changing mode of /home/jsmoon/yax_jeju/build/ntrip_client/build/scripts-3.10/ntrip_ros.py from 664 to 775
[0.640s] running install
[0.640s] running install_lib
[0.640s] creating /home/jsmoon/yax_jeju/install/ntrip_client/lib/python3.10/site-packages/ntrip_client
[0.640s] copying /home/jsmoon/yax_jeju/build/ntrip_client/build/lib/ntrip_client/__init__.py -> /home/jsmoon/yax_jeju/install/ntrip_client/lib/python3.10/site-packages/ntrip_client
[0.640s] copying /home/jsmoon/yax_jeju/build/ntrip_client/build/lib/ntrip_client/rtcm_parser.py -> /home/jsmoon/yax_jeju/install/ntrip_client/lib/python3.10/site-packages/ntrip_client
[0.640s] copying /home/jsmoon/yax_jeju/build/ntrip_client/build/lib/ntrip_client/nmea_parser.py -> /home/jsmoon/yax_jeju/install/ntrip_client/lib/python3.10/site-packages/ntrip_client
[0.640s] copying /home/jsmoon/yax_jeju/build/ntrip_client/build/lib/ntrip_client/ntrip_client.py -> /home/jsmoon/yax_jeju/install/ntrip_client/lib/python3.10/site-packages/ntrip_client
[0.640s] byte-compiling /home/jsmoon/yax_jeju/install/ntrip_client/lib/python3.10/site-packages/ntrip_client/__init__.py to __init__.cpython-310.pyc
[0.641s] byte-compiling /home/jsmoon/yax_jeju/install/ntrip_client/lib/python3.10/site-packages/ntrip_client/rtcm_parser.py to rtcm_parser.cpython-310.pyc
[0.641s] byte-compiling /home/jsmoon/yax_jeju/install/ntrip_client/lib/python3.10/site-packages/ntrip_client/nmea_parser.py to nmea_parser.cpython-310.pyc
[0.642s] byte-compiling /home/jsmoon/yax_jeju/install/ntrip_client/lib/python3.10/site-packages/ntrip_client/ntrip_client.py to ntrip_client.cpython-310.pyc
[0.642s] running install_data
[0.643s] running install_egg_info
[0.644s] Copying ../../../build/ntrip_client/ntrip_client.egg-info to /home/jsmoon/yax_jeju/install/ntrip_client/lib/python3.10/site-packages/ntrip_client-1.2.0-py3.10.egg-info
[0.644s] running install_scripts
[0.656s] copying /home/jsmoon/yax_jeju/build/ntrip_client/build/scripts-3.10/ntrip_ros.py -> /home/jsmoon/yax_jeju/install/ntrip_client/lib/ntrip_client
[0.656s] changing mode of /home/jsmoon/yax_jeju/install/ntrip_client/lib/ntrip_client/ntrip_ros.py to 775
[0.657s] writing list of installed files to '/home/jsmoon/yax_jeju/build/ntrip_client/install.log'
[0.673s] Invoked command in '/home/jsmoon/yax_jeju/src/RTK_GPS_NTRIP/ntrip_client' returned '0': PYTHONPATH=/home/jsmoon/yax_jeju/build/ntrip_client/prefix_override:/usr/lib/python3/dist-packages/colcon_core/task/python/colcon_distutils_commands:/home/jsmoon/yax_jeju/install/ntrip_client/lib/python3.10/site-packages:${PYTHONPATH} /usr/bin/python3 -W ignore:setup.py install is deprecated -W ignore:easy_install command is deprecated setup.py egg_info --egg-base ../../../build/ntrip_client build --build-base /home/jsmoon/yax_jeju/build/ntrip_client/build install --record /home/jsmoon/yax_jeju/build/ntrip_client/install.log --single-version-externally-managed install_data
