[2.951s] Invoking command in '/home/jsmoon/yax_jeju/build/camera_perception_pkg': PYTHONPATH=/home/jsmoon/yax_jeju/build/camera_perception_pkg/prefix_override:/usr/lib/python3/dist-packages/colcon_core/task/python/colcon_distutils_commands:/home/jsmoon/yax_jeju/install/camera_perception_pkg/lib/python3.10/site-packages:${PYTHONPATH} /usr/bin/python3 -W ignore:setup.py install is deprecated -W ignore:easy_install command is deprecated setup.py develop --editable --build-directory /home/jsmoon/yax_jeju/build/camera_perception_pkg/build --no-deps symlink_data
[3.187s] running develop
[3.348s] running egg_info
[3.348s] writing camera_perception_pkg.egg-info/PKG-INFO
[3.348s] writing dependency_links to camera_perception_pkg.egg-info/dependency_links.txt
[3.348s] writing entry points to camera_perception_pkg.egg-info/entry_points.txt
[3.348s] writing requirements to camera_perception_pkg.egg-info/requires.txt
[3.348s] writing top-level names to camera_perception_pkg.egg-info/top_level.txt
[3.350s] reading manifest file 'camera_perception_pkg.egg-info/SOURCES.txt'
[3.350s] writing manifest file 'camera_perception_pkg.egg-info/SOURCES.txt'
[3.380s] running build_ext
[3.380s] Creating /home/jsmoon/yax_jeju/install/camera_perception_pkg/lib/python3.10/site-packages/camera-perception-pkg.egg-link (link to .)
[3.381s] Installing image_publisher_node script to /home/jsmoon/yax_jeju/install/camera_perception_pkg/lib/camera_perception_pkg
[3.381s] Installing lane_extract script to /home/jsmoon/yax_jeju/install/camera_perception_pkg/lib/camera_perception_pkg
[3.381s] Installing lane_info_extractor_node script to /home/jsmoon/yax_jeju/install/camera_perception_pkg/lib/camera_perception_pkg
[3.381s] Installing object_detector_node script to /home/jsmoon/yax_jeju/install/camera_perception_pkg/lib/camera_perception_pkg
[3.381s] Installing roi_merger_node script to /home/jsmoon/yax_jeju/install/camera_perception_pkg/lib/camera_perception_pkg
[3.381s] Installing traffic_light_detector_node script to /home/jsmoon/yax_jeju/install/camera_perception_pkg/lib/camera_perception_pkg
[3.381s] Installing traffic_light_yolov8_node script to /home/jsmoon/yax_jeju/install/camera_perception_pkg/lib/camera_perception_pkg
[3.381s] Installing yolov8_node script to /home/jsmoon/yax_jeju/install/camera_perception_pkg/lib/camera_perception_pkg
[3.381s] Installing yolov8_traffic_light_node script to /home/jsmoon/yax_jeju/install/camera_perception_pkg/lib/camera_perception_pkg
[3.381s] 
[3.381s] Installed /home/jsmoon/yax_jeju/build/camera_perception_pkg
[3.381s] running symlink_data
[3.456s] Invoked command in '/home/jsmoon/yax_jeju/build/camera_perception_pkg' returned '0': PYTHONPATH=/home/jsmoon/yax_jeju/build/camera_perception_pkg/prefix_override:/usr/lib/python3/dist-packages/colcon_core/task/python/colcon_distutils_commands:/home/jsmoon/yax_jeju/install/camera_perception_pkg/lib/python3.10/site-packages:${PYTHONPATH} /usr/bin/python3 -W ignore:setup.py install is deprecated -W ignore:easy_install command is deprecated setup.py develop --editable --build-directory /home/jsmoon/yax_jeju/build/camera_perception_pkg/build --no-deps symlink_data
