[2.397s] Invoking command in '/home/jsmoon/yax_jeju/build/decision_making_pkg': PYTHONPATH=/home/jsmoon/yax_jeju/build/decision_making_pkg/prefix_override:/usr/lib/python3/dist-packages/colcon_core/task/python/colcon_distutils_commands:/home/jsmoon/yax_jeju/install/decision_making_pkg/lib/python3.10/site-packages:${PYTHONPATH} /usr/bin/python3 -W ignore:setup.py install is deprecated -W ignore:easy_install command is deprecated setup.py develop --editable --build-directory /home/jsmoon/yax_jeju/build/decision_making_pkg/build --no-deps symlink_data
[2.717s] running develop
[2.941s] running egg_info
[2.941s] writing decision_making_pkg.egg-info/PKG-INFO
[2.941s] writing dependency_links to decision_making_pkg.egg-info/dependency_links.txt
[2.941s] writing entry points to decision_making_pkg.egg-info/entry_points.txt
[2.942s] writing requirements to decision_making_pkg.egg-info/requires.txt
[2.942s] writing top-level names to decision_making_pkg.egg-info/top_level.txt
[2.944s] reading manifest file 'decision_making_pkg.egg-info/SOURCES.txt'
[2.952s] writing manifest file 'decision_making_pkg.egg-info/SOURCES.txt'
[2.977s] running build_ext
[2.977s] Creating /home/jsmoon/yax_jeju/install/decision_making_pkg/lib/python3.10/site-packages/decision-making-pkg.egg-link (link to .)
[2.977s] Installing cmd_vel_to_motion_command script to /home/jsmoon/yax_jeju/install/decision_making_pkg/lib/decision_making_pkg
[2.978s] Installing fake_gps_publisher script to /home/jsmoon/yax_jeju/install/decision_making_pkg/lib/decision_making_pkg
[2.978s] Installing forward_driver_node script to /home/jsmoon/yax_jeju/install/decision_making_pkg/lib/decision_making_pkg
[2.978s] Installing gps_goto_node script to /home/jsmoon/yax_jeju/install/decision_making_pkg/lib/decision_making_pkg
[2.978s] Installing motion_planner_node script to /home/jsmoon/yax_jeju/install/decision_making_pkg/lib/decision_making_pkg
[2.978s] Installing path_planner_node script to /home/jsmoon/yax_jeju/install/decision_making_pkg/lib/decision_making_pkg
[2.978s] Installing path_planner_robust_node script to /home/jsmoon/yax_jeju/install/decision_making_pkg/lib/decision_making_pkg
[2.978s] Installing waypoint_follower_node script to /home/jsmoon/yax_jeju/install/decision_making_pkg/lib/decision_making_pkg
[2.978s] Installing yolov8_cone_and_yellow_node script to /home/jsmoon/yax_jeju/install/decision_making_pkg/lib/decision_making_pkg
[2.978s] 
[2.978s] Installed /home/jsmoon/yax_jeju/build/decision_making_pkg
[2.978s] running symlink_data
[3.039s] Invoked command in '/home/jsmoon/yax_jeju/build/decision_making_pkg' returned '0': PYTHONPATH=/home/jsmoon/yax_jeju/build/decision_making_pkg/prefix_override:/usr/lib/python3/dist-packages/colcon_core/task/python/colcon_distutils_commands:/home/jsmoon/yax_jeju/install/decision_making_pkg/lib/python3.10/site-packages:${PYTHONPATH} /usr/bin/python3 -W ignore:setup.py install is deprecated -W ignore:easy_install command is deprecated setup.py develop --editable --build-directory /home/jsmoon/yax_jeju/build/decision_making_pkg/build --no-deps symlink_data
