[2.203s] Invoking command in '/home/jsmoon/yax_jeju/build/camera_perception_pkg': PYTHONPATH=/home/jsmoon/yax_jeju/build/camera_perception_pkg/prefix_override:/usr/lib/python3/dist-packages/colcon_core/task/python/colcon_distutils_commands:/home/jsmoon/yax_jeju/install/camera_perception_pkg/lib/python3.10/site-packages:${PYTHONPATH} /usr/bin/python3 -W ignore:setup.py install is deprecated -W ignore:easy_install command is deprecated setup.py develop --editable --build-directory /home/jsmoon/yax_jeju/build/camera_perception_pkg/build --no-deps symlink_data
[2.456s] running develop
[2.640s] running egg_info
[2.640s] creating camera_perception_pkg.egg-info
[2.640s] writing camera_perception_pkg.egg-info/PKG-INFO
[2.640s] writing dependency_links to camera_perception_pkg.egg-info/dependency_links.txt
[2.640s] writing entry points to camera_perception_pkg.egg-info/entry_points.txt
[2.640s] writing requirements to camera_perception_pkg.egg-info/requires.txt
[2.640s] writing top-level names to camera_perception_pkg.egg-info/top_level.txt
[2.641s] writing manifest file 'camera_perception_pkg.egg-info/SOURCES.txt'
[2.642s] reading manifest file 'camera_perception_pkg.egg-info/SOURCES.txt'
[2.642s] writing manifest file 'camera_perception_pkg.egg-info/SOURCES.txt'
[2.677s] running build_ext
[2.677s] Creating /home/jsmoon/yax_jeju/install/camera_perception_pkg/lib/python3.10/site-packages/camera-perception-pkg.egg-link (link to .)
[2.677s] Installing image_publisher_node script to /home/jsmoon/yax_jeju/install/camera_perception_pkg/lib/camera_perception_pkg
[2.677s] Installing lane_extract script to /home/jsmoon/yax_jeju/install/camera_perception_pkg/lib/camera_perception_pkg
[2.678s] Installing lane_info_extractor_node script to /home/jsmoon/yax_jeju/install/camera_perception_pkg/lib/camera_perception_pkg
[2.678s] Installing object_detector_node script to /home/jsmoon/yax_jeju/install/camera_perception_pkg/lib/camera_perception_pkg
[2.678s] Installing roi_merger_node script to /home/jsmoon/yax_jeju/install/camera_perception_pkg/lib/camera_perception_pkg
[2.678s] Installing traffic_light_detector_node script to /home/jsmoon/yax_jeju/install/camera_perception_pkg/lib/camera_perception_pkg
[2.678s] Installing traffic_light_yolov8_node script to /home/jsmoon/yax_jeju/install/camera_perception_pkg/lib/camera_perception_pkg
[2.678s] Installing yolov8_node script to /home/jsmoon/yax_jeju/install/camera_perception_pkg/lib/camera_perception_pkg
[2.678s] Installing yolov8_traffic_light_node script to /home/jsmoon/yax_jeju/install/camera_perception_pkg/lib/camera_perception_pkg
[2.678s] 
[2.678s] Installed /home/jsmoon/yax_jeju/build/camera_perception_pkg
[2.678s] running symlink_data
[2.678s] creating /home/jsmoon/yax_jeju/install/camera_perception_pkg/share/ament_index
[2.678s] creating /home/jsmoon/yax_jeju/install/camera_perception_pkg/share/ament_index/resource_index
[2.678s] creating /home/jsmoon/yax_jeju/install/camera_perception_pkg/share/ament_index/resource_index/packages
[2.678s] symbolically linking /home/jsmoon/yax_jeju/build/camera_perception_pkg/resource/camera_perception_pkg -> /home/jsmoon/yax_jeju/install/camera_perception_pkg/share/ament_index/resource_index/packages
[2.679s] symbolically linking /home/jsmoon/yax_jeju/build/camera_perception_pkg/package.xml -> /home/jsmoon/yax_jeju/install/camera_perception_pkg/share/camera_perception_pkg
[2.679s] creating /home/jsmoon/yax_jeju/install/camera_perception_pkg/share/camera_perception_pkg/launch
[2.679s] symbolically linking /home/jsmoon/yax_jeju/build/camera_perception_pkg/launch/camera_lane.launch.py -> /home/jsmoon/yax_jeju/install/camera_perception_pkg/share/camera_perception_pkg/launch
[2.760s] Invoked command in '/home/jsmoon/yax_jeju/build/camera_perception_pkg' returned '0': PYTHONPATH=/home/jsmoon/yax_jeju/build/camera_perception_pkg/prefix_override:/usr/lib/python3/dist-packages/colcon_core/task/python/colcon_distutils_commands:/home/jsmoon/yax_jeju/install/camera_perception_pkg/lib/python3.10/site-packages:${PYTHONPATH} /usr/bin/python3 -W ignore:setup.py install is deprecated -W ignore:easy_install command is deprecated setup.py develop --editable --build-directory /home/jsmoon/yax_jeju/build/camera_perception_pkg/build --no-deps symlink_data
