[1.997s] Invoking command in '/home/jsmoon/yax_jeju/build/debug_pkg': PYTHONPATH=/home/jsmoon/yax_jeju/build/debug_pkg/prefix_override:/usr/lib/python3/dist-packages/colcon_core/task/python/colcon_distutils_commands:/home/jsmoon/yax_jeju/install/debug_pkg/lib/python3.10/site-packages:${PYTHONPATH} /usr/bin/python3 -W ignore:setup.py install is deprecated -W ignore:easy_install command is deprecated setup.py develop --editable --build-directory /home/jsmoon/yax_jeju/build/debug_pkg/build --no-deps symlink_data
[2.198s] running develop
[2.365s] running egg_info
[2.365s] writing debug_pkg.egg-info/PKG-INFO
[2.366s] writing dependency_links to debug_pkg.egg-info/dependency_links.txt
[2.366s] writing entry points to debug_pkg.egg-info/entry_points.txt
[2.366s] writing requirements to debug_pkg.egg-info/requires.txt
[2.366s] writing top-level names to debug_pkg.egg-info/top_level.txt
[2.368s] reading manifest file 'debug_pkg.egg-info/SOURCES.txt'
[2.370s] writing manifest file 'debug_pkg.egg-info/SOURCES.txt'
[2.411s] running build_ext
[2.412s] Creating /home/jsmoon/yax_jeju/install/debug_pkg/lib/python3.10/site-packages/debug-pkg.egg-link (link to .)
[2.413s] Installing path_visualizer_node script to /home/jsmoon/yax_jeju/install/debug_pkg/lib/debug_pkg
[2.413s] Installing steering_visualizer_node script to /home/jsmoon/yax_jeju/install/debug_pkg/lib/debug_pkg
[2.413s] Installing traffic_light_visualizer_node script to /home/jsmoon/yax_jeju/install/debug_pkg/lib/debug_pkg
[2.413s] Installing yolov8_visualizer_node script to /home/jsmoon/yax_jeju/install/debug_pkg/lib/debug_pkg
[2.413s] 
[2.413s] Installed /home/jsmoon/yax_jeju/build/debug_pkg
[2.413s] running symlink_data
[2.519s] Invoked command in '/home/jsmoon/yax_jeju/build/debug_pkg' returned '0': PYTHONPATH=/home/jsmoon/yax_jeju/build/debug_pkg/prefix_override:/usr/lib/python3/dist-packages/colcon_core/task/python/colcon_distutils_commands:/home/jsmoon/yax_jeju/install/debug_pkg/lib/python3.10/site-packages:${PYTHONPATH} /usr/bin/python3 -W ignore:setup.py install is deprecated -W ignore:easy_install command is deprecated setup.py develop --editable --build-directory /home/jsmoon/yax_jeju/build/debug_pkg/build --no-deps symlink_data
