running develop
running egg_info
writing decision_making_pkg.egg-info/PKG-INFO
writing dependency_links to decision_making_pkg.egg-info/dependency_links.txt
writing entry points to decision_making_pkg.egg-info/entry_points.txt
writing requirements to decision_making_pkg.egg-info/requires.txt
writing top-level names to decision_making_pkg.egg-info/top_level.txt
reading manifest file 'decision_making_pkg.egg-info/SOURCES.txt'
writing manifest file 'decision_making_pkg.egg-info/SOURCES.txt'
running build_ext
Creating /home/jsmoon/yax_jeju/install/decision_making_pkg/lib/python3.10/site-packages/decision-making-pkg.egg-link (link to .)
Installing cmd_vel_to_motion_command script to /home/jsmoon/yax_jeju/install/decision_making_pkg/lib/decision_making_pkg
Installing fake_gps_publisher script to /home/jsmoon/yax_jeju/install/decision_making_pkg/lib/decision_making_pkg
Installing forward_driver_node script to /home/jsmoon/yax_jeju/install/decision_making_pkg/lib/decision_making_pkg
Installing gps_goto_node script to /home/jsmoon/yax_jeju/install/decision_making_pkg/lib/decision_making_pkg
Installing motion_planner_node script to /home/jsmoon/yax_jeju/install/decision_making_pkg/lib/decision_making_pkg
Installing path_planner_node script to /home/jsmoon/yax_jeju/install/decision_making_pkg/lib/decision_making_pkg
Installing path_planner_robust_node script to /home/jsmoon/yax_jeju/install/decision_making_pkg/lib/decision_making_pkg
Installing waypoint_follower_node script to /home/jsmoon/yax_jeju/install/decision_making_pkg/lib/decision_making_pkg
Installing yolov8_cone_and_yellow_node script to /home/jsmoon/yax_jeju/install/decision_making_pkg/lib/decision_making_pkg

Installed /home/jsmoon/yax_jeju/build/decision_making_pkg
running symlink_data
