[2.836s] Invoking command in '/home/jsmoon/yax_jeju/build/latlong_utm': PYTHONPATH=/home/jsmoon/yax_jeju/build/latlong_utm/prefix_override:/usr/lib/python3/dist-packages/colcon_core/task/python/colcon_distutils_commands:/home/jsmoon/yax_jeju/install/latlong_utm/lib/python3.10/site-packages:${PYTHONPATH} /usr/bin/python3 -W ignore:setup.py install is deprecated -W ignore:easy_install command is deprecated setup.py develop --editable --build-directory /home/jsmoon/yax_jeju/build/latlong_utm/build --no-deps symlink_data
[3.063s] /usr/lib/python3/dist-packages/setuptools/dist.py:723: UserWarning: Usage of dash-separated 'script-dir' will not be supported in future versions. Please use the underscore name 'script_dir' instead
[3.063s]   warnings.warn(
[3.083s] running develop
[3.258s] running egg_info
[3.258s] writing latlong_utm.egg-info/PKG-INFO
[3.259s] writing dependency_links to latlong_utm.egg-info/dependency_links.txt
[3.259s] writing entry points to latlong_utm.egg-info/entry_points.txt
[3.259s] writing requirements to latlong_utm.egg-info/requires.txt
[3.259s] writing top-level names to latlong_utm.egg-info/top_level.txt
[3.261s] reading manifest file 'latlong_utm.egg-info/SOURCES.txt'
[3.261s] writing manifest file 'latlong_utm.egg-info/SOURCES.txt'
[3.293s] running build_ext
[3.294s] Creating /home/jsmoon/yax_jeju/install/latlong_utm/lib/python3.10/site-packages/latlong-utm.egg-link (link to .)
[3.294s] Installing latlonpub script to /home/jsmoon/yax_jeju/install/latlong_utm/lib/latlong_utm
[3.294s] Installing lattoutm script to /home/jsmoon/yax_jeju/install/latlong_utm/lib/latlong_utm
[3.295s] Installing utmpub script to /home/jsmoon/yax_jeju/install/latlong_utm/lib/latlong_utm
[3.295s] Installing utmtolat script to /home/jsmoon/yax_jeju/install/latlong_utm/lib/latlong_utm
[3.295s] 
[3.295s] Installed /home/jsmoon/yax_jeju/build/latlong_utm
[3.295s] running symlink_data
[3.349s] Invoked command in '/home/jsmoon/yax_jeju/build/latlong_utm' returned '0': PYTHONPATH=/home/jsmoon/yax_jeju/build/latlong_utm/prefix_override:/usr/lib/python3/dist-packages/colcon_core/task/python/colcon_distutils_commands:/home/jsmoon/yax_jeju/install/latlong_utm/lib/python3.10/site-packages:${PYTHONPATH} /usr/bin/python3 -W ignore:setup.py install is deprecated -W ignore:easy_install command is deprecated setup.py develop --editable --build-directory /home/jsmoon/yax_jeju/build/latlong_utm/build --no-deps symlink_data
