-- The C compiler identification is GNU 11.4.0
-- The CXX compiler identification is GNU 11.4.0
-- Detecting C compiler ABI info
-- Detecting C compiler ABI info - done
-- Check for working C compiler: /usr/bin/cc - skipped
-- Detecting C compile features
-- Detecting C compile features - done
-- Detecting CXX compiler ABI info
-- Detecting CXX compiler ABI info - done
-- Check for working CXX compiler: /usr/bin/c++ - skipped
-- Detecting CXX compile features
-- Detecting CXX compile features - done
-- Found ament_cmake: 1.3.12 (/opt/ros/humble/share/ament_cmake/cmake)
-- Found Python3: /home/jsmoon/.pyenv/shims/python3 (found version "3.10.12") found components: Interpreter 
-- Override CMake install command with custom implementation using symlinks instead of copying resources
-- Found rclcpp: 16.0.16 (/opt/ros/humble/share/rclcpp/cmake)
-- Found rosidl_generator_c: 3.1.7 (/opt/ros/humble/share/rosidl_generator_c/cmake)
-- Found rosidl_adapter: 3.1.7 (/opt/ros/humble/share/rosidl_adapter/cmake)
-- Found rosidl_generator_cpp: 3.1.7 (/opt/ros/humble/share/rosidl_generator_cpp/cmake)
-- Using all available rosidl_typesupport_c: rosidl_typesupport_fastrtps_c;rosidl_typesupport_introspection_c
-- Using all available rosidl_typesupport_cpp: rosidl_typesupport_fastrtps_cpp;rosidl_typesupport_introspection_cpp
-- Found rmw_implementation_cmake: 6.1.2 (/opt/ros/humble/share/rmw_implementation_cmake/cmake)
-- Found rmw_fastrtps_cpp: 6.2.9 (/opt/ros/humble/share/rmw_fastrtps_cpp/cmake)
-- Found OpenSSL: /usr/lib/x86_64-linux-gnu/libcrypto.so (found version "3.0.2")  
-- Found FastRTPS: /opt/ros/humble/include  
-- Using RMW implementation 'rmw_fastrtps_cpp' as default
-- Looking for pthread.h
-- Looking for pthread.h - found
-- Performing Test CMAKE_HAVE_LIBC_PTHREAD
-- Performing Test CMAKE_HAVE_LIBC_PTHREAD - Success
-- Found Threads: TRUE  
-- Found nmea_msgs: 2.0.0 (/opt/ros/humble/share/nmea_msgs/cmake)
-- Found sensor_msgs: 4.9.0 (/opt/ros/humble/share/sensor_msgs/cmake)
-- Found ublox_msgs: 2.3.0 (/home/jsmoon/yax_jeju/install/ublox_msgs/share/ublox_msgs/cmake)
-- Found ament_lint_auto: 0.12.14 (/opt/ros/humble/share/ament_lint_auto/cmake)
-- Added test 'cppcheck' to perform static code analysis on C / C++ code
-- Configured cppcheck include dirs: 
-- Configured cppcheck exclude dirs and/or files: 
-- Added test 'lint_cmake' to check CMake code style
-- Added test 'uncrustify' to check C / C++ code style
-- Configured uncrustify additional arguments: 
-- Added test 'xmllint' to check XML markup files
-- Configuring done
-- Generating done
-- Build files have been written to: /home/jsmoon/yax_jeju/build/fix2nmea
[ 50%] [32mBuilding CXX object CMakeFiles/fix2nmea.dir/src/fix2nmea.cpp.o[0m
[100%] [32m[1mLinking CXX executable fix2nmea[0m
[100%] Built target fix2nmea
-- Install configuration: ""
-- Execute custom install script
-- Symlinking: /home/jsmoon/yax_jeju/install/fix2nmea/lib/fix2nmea/fix2nmea
-- Symlinking: /home/jsmoon/yax_jeju/install/fix2nmea/share/ament_index/resource_index/package_run_dependencies/fix2nmea
-- Symlinking: /home/jsmoon/yax_jeju/install/fix2nmea/share/ament_index/resource_index/parent_prefix_path/fix2nmea
-- Symlinking: /home/jsmoon/yax_jeju/install/fix2nmea/share/fix2nmea/environment/ament_prefix_path.sh
-- Symlinking: /home/jsmoon/yax_jeju/install/fix2nmea/share/fix2nmea/environment/ament_prefix_path.dsv
-- Symlinking: /home/jsmoon/yax_jeju/install/fix2nmea/share/fix2nmea/environment/path.sh
-- Symlinking: /home/jsmoon/yax_jeju/install/fix2nmea/share/fix2nmea/environment/path.dsv
-- Symlinking: /home/jsmoon/yax_jeju/install/fix2nmea/share/fix2nmea/local_setup.bash
-- Symlinking: /home/jsmoon/yax_jeju/install/fix2nmea/share/fix2nmea/local_setup.sh
-- Symlinking: /home/jsmoon/yax_jeju/install/fix2nmea/share/fix2nmea/local_setup.zsh
-- Symlinking: /home/jsmoon/yax_jeju/install/fix2nmea/share/fix2nmea/local_setup.dsv
-- Symlinking: /home/jsmoon/yax_jeju/install/fix2nmea/share/fix2nmea/package.dsv
-- Symlinking: /home/jsmoon/yax_jeju/install/fix2nmea/share/ament_index/resource_index/packages/fix2nmea
-- Symlinking: /home/jsmoon/yax_jeju/install/fix2nmea/share/fix2nmea/cmake/fix2nmeaConfig.cmake
-- Symlinking: /home/jsmoon/yax_jeju/install/fix2nmea/share/fix2nmea/cmake/fix2nmeaConfig-version.cmake
-- Symlinking: /home/jsmoon/yax_jeju/install/fix2nmea/share/fix2nmea/package.xml
