[0.041s] Invoking command in '/home/jsmoon/yax_jeju/build/ublox_serialization': CMAKE_PREFIX_PATH=${CMAKE_PREFIX_PATH}:/opt/ros/humble /usr/bin/cmake /home/jsmoon/yax_jeju/src/RTK_GPS_NTRIP/ublox_serialization -DAMENT_CMAKE_SYMLINK_INSTALL=1 -DCMAKE_INSTALL_PREFIX=/home/jsmoon/yax_jeju/install/ublox_serialization
[1.387s] -- The C compiler identification is GNU 11.4.0
[1.387s] -- The CXX compiler identification is GNU 11.4.0
[1.387s] -- Detecting C compiler ABI info
[1.388s] -- Detecting C compiler ABI info - done
[1.388s] -- Check for working C compiler: /usr/bin/cc - skipped
[1.389s] -- Detecting C compile features
[1.389s] -- Detecting C compile features - done
[1.389s] -- Detecting CXX compiler ABI info
[1.389s] -- Detecting CXX compiler ABI info - done
[1.389s] -- Check for working CXX compiler: /usr/bin/c++ - skipped
[1.390s] -- Detecting CXX compile features
[1.390s] -- Detecting CXX compile features - done
[1.390s] -- Found ament_cmake: 1.3.12 (/opt/ros/humble/share/ament_cmake/cmake)
[1.390s] -- Found Python3: /home/jsmoon/.pyenv/shims/python3 (found version "3.10.12") found components: Interpreter 
[1.390s] -- Override CMake install command with custom implementation using symlinks instead of copying resources
[1.390s] -- Configuring done
[1.390s] -- Generating done
[1.390s] -- Build files have been written to: /home/jsmoon/yax_jeju/build/ublox_serialization
[1.619s] Invoked command in '/home/jsmoon/yax_jeju/build/ublox_serialization' returned '0': CMAKE_PREFIX_PATH=${CMAKE_PREFIX_PATH}:/opt/ros/humble /usr/bin/cmake /home/jsmoon/yax_jeju/src/RTK_GPS_NTRIP/ublox_serialization -DAMENT_CMAKE_SYMLINK_INSTALL=1 -DCMAKE_INSTALL_PREFIX=/home/jsmoon/yax_jeju/install/ublox_serialization
[1.620s] Invoking command in '/home/jsmoon/yax_jeju/build/ublox_serialization': CMAKE_PREFIX_PATH=${CMAKE_PREFIX_PATH}:/opt/ros/humble /usr/bin/cmake --build /home/jsmoon/yax_jeju/build/ublox_serialization -- -j16 -l16
[1.672s] Invoked command in '/home/jsmoon/yax_jeju/build/ublox_serialization' returned '0': CMAKE_PREFIX_PATH=${CMAKE_PREFIX_PATH}:/opt/ros/humble /usr/bin/cmake --build /home/jsmoon/yax_jeju/build/ublox_serialization -- -j16 -l16
[1.689s] Invoking command in '/home/jsmoon/yax_jeju/build/ublox_serialization': CMAKE_PREFIX_PATH=${CMAKE_PREFIX_PATH}:/opt/ros/humble /usr/bin/cmake --install /home/jsmoon/yax_jeju/build/ublox_serialization
[1.703s] -- Install configuration: ""
[1.703s] -- Execute custom install script
[1.703s] -- Symlinking: /home/jsmoon/yax_jeju/install/ublox_serialization/include/ublox_serialization/ublox_serialization/checksum.hpp
[1.720s] -- Symlinking: /home/jsmoon/yax_jeju/install/ublox_serialization/include/ublox_serialization/ublox_serialization/serialization.hpp
[1.738s] -- Symlinking: /home/jsmoon/yax_jeju/install/ublox_serialization/share/ament_index/resource_index/package_run_dependencies/ublox_serialization
[1.750s] -- Symlinking: /home/jsmoon/yax_jeju/install/ublox_serialization/share/ament_index/resource_index/parent_prefix_path/ublox_serialization
[1.762s] -- Symlinking: /home/jsmoon/yax_jeju/install/ublox_serialization/share/ublox_serialization/environment/ament_prefix_path.sh
[1.773s] -- Symlinking: /home/jsmoon/yax_jeju/install/ublox_serialization/share/ublox_serialization/environment/ament_prefix_path.dsv
[1.785s] -- Symlinking: /home/jsmoon/yax_jeju/install/ublox_serialization/share/ublox_serialization/environment/path.sh
[1.800s] -- Symlinking: /home/jsmoon/yax_jeju/install/ublox_serialization/share/ublox_serialization/environment/path.dsv
[1.812s] -- Symlinking: /home/jsmoon/yax_jeju/install/ublox_serialization/share/ublox_serialization/local_setup.bash
[1.825s] -- Symlinking: /home/jsmoon/yax_jeju/install/ublox_serialization/share/ublox_serialization/local_setup.sh
[1.839s] -- Symlinking: /home/jsmoon/yax_jeju/install/ublox_serialization/share/ublox_serialization/local_setup.zsh
[1.855s] -- Symlinking: /home/jsmoon/yax_jeju/install/ublox_serialization/share/ublox_serialization/local_setup.dsv
[1.868s] -- Symlinking: /home/jsmoon/yax_jeju/install/ublox_serialization/share/ublox_serialization/package.dsv
[1.884s] -- Symlinking: /home/jsmoon/yax_jeju/install/ublox_serialization/share/ament_index/resource_index/packages/ublox_serialization
[1.899s] -- Symlinking: /home/jsmoon/yax_jeju/install/ublox_serialization/share/ublox_serialization/cmake/ament_cmake_export_include_directories-extras.cmake
[1.912s] -- Symlinking: /home/jsmoon/yax_jeju/install/ublox_serialization/share/ublox_serialization/cmake/ament_cmake_export_targets-extras.cmake
[1.931s] -- Symlinking: /home/jsmoon/yax_jeju/install/ublox_serialization/share/ublox_serialization/cmake/ublox_serializationConfig.cmake
[1.947s] -- Symlinking: /home/jsmoon/yax_jeju/install/ublox_serialization/share/ublox_serialization/cmake/ublox_serializationConfig-version.cmake
[1.960s] -- Symlinking: /home/jsmoon/yax_jeju/install/ublox_serialization/share/ublox_serialization/package.xml
[1.974s] -- Installing: /home/jsmoon/yax_jeju/install/ublox_serialization/share/ublox_serialization/cmake/export_ublox_serializationExport.cmake
[1.979s] Invoked command in '/home/jsmoon/yax_jeju/build/ublox_serialization' returned '0': CMAKE_PREFIX_PATH=${CMAKE_PREFIX_PATH}:/opt/ros/humble /usr/bin/cmake --install /home/jsmoon/yax_jeju/build/ublox_serialization
