running develop
running egg_info
creating decision_making_pkg.egg-info
writing decision_making_pkg.egg-info/PKG-INFO
writing dependency_links to decision_making_pkg.egg-info/dependency_links.txt
writing entry points to decision_making_pkg.egg-info/entry_points.txt
writing requirements to decision_making_pkg.egg-info/requires.txt
writing top-level names to decision_making_pkg.egg-info/top_level.txt
writing manifest file 'decision_making_pkg.egg-info/SOURCES.txt'
reading manifest file 'decision_making_pkg.egg-info/SOURCES.txt'
writing manifest file 'decision_making_pkg.egg-info/SOURCES.txt'
running build_ext
Creating /home/jsmoon/yax_jeju/install/decision_making_pkg/lib/python3.10/site-packages/decision-making-pkg.egg-link (link to .)
Installing cmd_vel_to_motion_command script to /home/jsmoon/yax_jeju/install/decision_making_pkg/lib/decision_making_pkg
Installing fake_gps_publisher script to /home/jsmoon/yax_jeju/install/decision_making_pkg/lib/decision_making_pkg
Installing forward_driver_node script to /home/jsmoon/yax_jeju/install/decision_making_pkg/lib/decision_making_pkg
Installing gps_goto_node script to /home/jsmoon/yax_jeju/install/decision_making_pkg/lib/decision_making_pkg
Installing motion_planner_node script to /home/jsmoon/yax_jeju/install/decision_making_pkg/lib/decision_making_pkg
Installing path_planner_node script to /home/jsmoon/yax_jeju/install/decision_making_pkg/lib/decision_making_pkg
Installing path_planner_robust_node script to /home/jsmoon/yax_jeju/install/decision_making_pkg/lib/decision_making_pkg
Installing waypoint_follower_node script to /home/jsmoon/yax_jeju/install/decision_making_pkg/lib/decision_making_pkg
Installing yolov8_cone_and_yellow_node script to /home/jsmoon/yax_jeju/install/decision_making_pkg/lib/decision_making_pkg

Installed /home/jsmoon/yax_jeju/build/decision_making_pkg
running symlink_data
creating /home/jsmoon/yax_jeju/install/decision_making_pkg/share/ament_index
creating /home/jsmoon/yax_jeju/install/decision_making_pkg/share/ament_index/resource_index
creating /home/jsmoon/yax_jeju/install/decision_making_pkg/share/ament_index/resource_index/packages
symbolically linking /home/jsmoon/yax_jeju/build/decision_making_pkg/resource/decision_making_pkg -> /home/jsmoon/yax_jeju/install/decision_making_pkg/share/ament_index/resource_index/packages
symbolically linking /home/jsmoon/yax_jeju/build/decision_making_pkg/package.xml -> /home/jsmoon/yax_jeju/install/decision_making_pkg/share/decision_making_pkg
creating /home/jsmoon/yax_jeju/install/decision_making_pkg/share/decision_making_pkg/config
symbolically linking /home/jsmoon/yax_jeju/build/decision_making_pkg/config/pright.csv -> /home/jsmoon/yax_jeju/install/decision_making_pkg/share/decision_making_pkg/config
symbolically linking /home/jsmoon/yax_jeju/build/decision_making_pkg/config/test2.csv -> /home/jsmoon/yax_jeju/install/decision_making_pkg/share/decision_making_pkg/config
symbolically linking /home/jsmoon/yax_jeju/build/decision_making_pkg/config/waypoints_center.csv -> /home/jsmoon/yax_jeju/install/decision_making_pkg/share/decision_making_pkg/config
symbolically linking /home/jsmoon/yax_jeju/build/decision_making_pkg/config/pleft.csv -> /home/jsmoon/yax_jeju/install/decision_making_pkg/share/decision_making_pkg/config
symbolically linking /home/jsmoon/yax_jeju/build/decision_making_pkg/config/tleft.csv -> /home/jsmoon/yax_jeju/install/decision_making_pkg/share/decision_making_pkg/config
symbolically linking /home/jsmoon/yax_jeju/build/decision_making_pkg/config/tright.csv -> /home/jsmoon/yax_jeju/install/decision_making_pkg/share/decision_making_pkg/config
symbolically linking /home/jsmoon/yax_jeju/build/decision_making_pkg/config/params.yaml -> /home/jsmoon/yax_jeju/install/decision_making_pkg/share/decision_making_pkg/config
symbolically linking /home/jsmoon/yax_jeju/build/decision_making_pkg/config/output (10).csv -> /home/jsmoon/yax_jeju/install/decision_making_pkg/share/decision_making_pkg/config
creating /home/jsmoon/yax_jeju/install/decision_making_pkg/share/decision_making_pkg/waypoints
symbolically linking /home/jsmoon/yax_jeju/build/decision_making_pkg/waypoints/demo_waypoints.yaml -> /home/jsmoon/yax_jeju/install/decision_making_pkg/share/decision_making_pkg/waypoints
