[0.029s] Invoking command in '/home/jsmoon/yax_jeju/build/ublox_gps': CMAKE_PREFIX_PATH=/home/jsmoon/yax_jeju/install/ublox_msgs:/home/jsmoon/yax_jeju/install/ublox_serialization:/home/jsmoon/yax_jeju/install/rtcm_msgs:/home/jsmoon/yax_jeju/install/launch_pkg:/home/jsmoon/yax_jeju/install/ydlidar_ros2_driver:/home/jsmoon/yax_jeju/install/ublox:/home/jsmoon/yax_jeju/install/ublox_gps:/home/jsmoon/yax_jeju/install/fix2nmea:/home/jsmoon/yax_jeju/install/interfaces_pkg:/home/jsmoon/ydlidar_ws/install/ydlidar_ros2_driver:/home/jsmoon/yax_jeju/install/my_custom_pkg:/home/jsmoon/yax_jeju/install/serial_communication_pkg:/home/jsmoon/yax_jeju/install/ntrip_client:/home/jsmoon/yax_jeju/install/lidar_perception_pkg:/home/jsmoon/yax_jeju/install/latlong_utm:/home/jsmoon/yax_jeju/install/decision_making_pkg:/home/jsmoon/yax_jeju/install/debug_pkg:/home/jsmoon/yax_jeju/install/camera_perception_pkg:/opt/ros/humble LD_LIBRARY_PATH=/home/jsmoon/yax_jeju/install/ublox_msgs/lib:/home/jsmoon/yax_jeju/install/rtcm_msgs/lib:/home/jsmoon/yax_jeju/install/ublox_gps/lib:/home/jsmoon/yax_jeju/install/interfaces_pkg/lib:/opt/ros/humble/opt/rviz_ogre_vendor/lib:/opt/ros/humble/lib/x86_64-linux-gnu:/opt/ros/humble/lib:/home/jsmoon/Desktop/JSMOON/MLCS/project1/Personalized-Adaptive-Cruise/external/acados/lib /usr/bin/cmake --build /home/jsmoon/yax_jeju/build/ublox_gps -- -j16 -l16
[0.109s] [ 77%] Built target ublox_gps
[0.135s] [ 90%] Built target ublox_logger
[0.135s] [100%] Built target ublox_gps_node
[0.147s] Invoked command in '/home/jsmoon/yax_jeju/build/ublox_gps' returned '0': CMAKE_PREFIX_PATH=/home/jsmoon/yax_jeju/install/ublox_msgs:/home/jsmoon/yax_jeju/install/ublox_serialization:/home/jsmoon/yax_jeju/install/rtcm_msgs:/home/jsmoon/yax_jeju/install/launch_pkg:/home/jsmoon/yax_jeju/install/ydlidar_ros2_driver:/home/jsmoon/yax_jeju/install/ublox:/home/jsmoon/yax_jeju/install/ublox_gps:/home/jsmoon/yax_jeju/install/fix2nmea:/home/jsmoon/yax_jeju/install/interfaces_pkg:/home/jsmoon/ydlidar_ws/install/ydlidar_ros2_driver:/home/jsmoon/yax_jeju/install/my_custom_pkg:/home/jsmoon/yax_jeju/install/serial_communication_pkg:/home/jsmoon/yax_jeju/install/ntrip_client:/home/jsmoon/yax_jeju/install/lidar_perception_pkg:/home/jsmoon/yax_jeju/install/latlong_utm:/home/jsmoon/yax_jeju/install/decision_making_pkg:/home/jsmoon/yax_jeju/install/debug_pkg:/home/jsmoon/yax_jeju/install/camera_perception_pkg:/opt/ros/humble LD_LIBRARY_PATH=/home/jsmoon/yax_jeju/install/ublox_msgs/lib:/home/jsmoon/yax_jeju/install/rtcm_msgs/lib:/home/jsmoon/yax_jeju/install/ublox_gps/lib:/home/jsmoon/yax_jeju/install/interfaces_pkg/lib:/opt/ros/humble/opt/rviz_ogre_vendor/lib:/opt/ros/humble/lib/x86_64-linux-gnu:/opt/ros/humble/lib:/home/jsmoon/Desktop/JSMOON/MLCS/project1/Personalized-Adaptive-Cruise/external/acados/lib /usr/bin/cmake --build /home/jsmoon/yax_jeju/build/ublox_gps -- -j16 -l16
[0.147s] Invoking command in '/home/jsmoon/yax_jeju/build/ublox_gps': CMAKE_PREFIX_PATH=/home/jsmoon/yax_jeju/install/ublox_msgs:/home/jsmoon/yax_jeju/install/ublox_serialization:/home/jsmoon/yax_jeju/install/rtcm_msgs:/home/jsmoon/yax_jeju/install/launch_pkg:/home/jsmoon/yax_jeju/install/ydlidar_ros2_driver:/home/jsmoon/yax_jeju/install/ublox:/home/jsmoon/yax_jeju/install/ublox_gps:/home/jsmoon/yax_jeju/install/fix2nmea:/home/jsmoon/yax_jeju/install/interfaces_pkg:/home/jsmoon/ydlidar_ws/install/ydlidar_ros2_driver:/home/jsmoon/yax_jeju/install/my_custom_pkg:/home/jsmoon/yax_jeju/install/serial_communication_pkg:/home/jsmoon/yax_jeju/install/ntrip_client:/home/jsmoon/yax_jeju/install/lidar_perception_pkg:/home/jsmoon/yax_jeju/install/latlong_utm:/home/jsmoon/yax_jeju/install/decision_making_pkg:/home/jsmoon/yax_jeju/install/debug_pkg:/home/jsmoon/yax_jeju/install/camera_perception_pkg:/opt/ros/humble LD_LIBRARY_PATH=/home/jsmoon/yax_jeju/install/ublox_msgs/lib:/home/jsmoon/yax_jeju/install/rtcm_msgs/lib:/home/jsmoon/yax_jeju/install/ublox_gps/lib:/home/jsmoon/yax_jeju/install/interfaces_pkg/lib:/opt/ros/humble/opt/rviz_ogre_vendor/lib:/opt/ros/humble/lib/x86_64-linux-gnu:/opt/ros/humble/lib:/home/jsmoon/Desktop/JSMOON/MLCS/project1/Personalized-Adaptive-Cruise/external/acados/lib /usr/bin/cmake --install /home/jsmoon/yax_jeju/build/ublox_gps
[0.157s] -- Install configuration: ""
[0.157s] -- Execute custom install script
[0.157s] -- Up-to-date symlink: /home/jsmoon/yax_jeju/install/ublox_gps/lib/ublox_gps/ublox_gps_node
[0.157s] -- Up-to-date symlink: /home/jsmoon/yax_jeju/install/ublox_gps/lib/ublox_gps/ublox_logger
[0.157s] -- Up-to-date symlink: /home/jsmoon/yax_jeju/install/ublox_gps/include/ublox_gps/ublox_gps/adr_udr_product.hpp
[0.158s] -- Up-to-date symlink: /home/jsmoon/yax_jeju/install/ublox_gps/include/ublox_gps/ublox_gps/async_worker.hpp
[0.158s] -- Up-to-date symlink: /home/jsmoon/yax_jeju/install/ublox_gps/include/ublox_gps/ublox_gps/callback.hpp
[0.158s] -- Up-to-date symlink: /home/jsmoon/yax_jeju/install/ublox_gps/include/ublox_gps/ublox_gps/component_interface.hpp
[0.158s] -- Up-to-date symlink: /home/jsmoon/yax_jeju/install/ublox_gps/include/ublox_gps/ublox_gps/fix_diagnostic.hpp
[0.158s] -- Up-to-date symlink: /home/jsmoon/yax_jeju/install/ublox_gps/include/ublox_gps/ublox_gps/fts_product.hpp
[0.158s] -- Up-to-date symlink: /home/jsmoon/yax_jeju/install/ublox_gps/include/ublox_gps/ublox_gps/gnss.hpp
[0.159s] -- Up-to-date symlink: /home/jsmoon/yax_jeju/install/ublox_gps/include/ublox_gps/ublox_gps/gps.hpp
[0.159s] -- Up-to-date symlink: /home/jsmoon/yax_jeju/install/ublox_gps/include/ublox_gps/ublox_gps/hp_pos_rec_product.hpp
[0.159s] -- Up-to-date symlink: /home/jsmoon/yax_jeju/install/ublox_gps/include/ublox_gps/ublox_gps/hpg_ref_product.hpp
[0.159s] -- Up-to-date symlink: /home/jsmoon/yax_jeju/install/ublox_gps/include/ublox_gps/ublox_gps/hpg_rov_product.hpp
[0.159s] -- Up-to-date symlink: /home/jsmoon/yax_jeju/install/ublox_gps/include/ublox_gps/ublox_gps/mkgmtime.h
[0.159s] -- Up-to-date symlink: /home/jsmoon/yax_jeju/install/ublox_gps/include/ublox_gps/ublox_gps/node.hpp
[0.159s] -- Up-to-date symlink: /home/jsmoon/yax_jeju/install/ublox_gps/include/ublox_gps/ublox_gps/raw_data_pa.hpp
[0.159s] -- Up-to-date symlink: /home/jsmoon/yax_jeju/install/ublox_gps/include/ublox_gps/ublox_gps/raw_data_product.hpp
[0.159s] -- Up-to-date symlink: /home/jsmoon/yax_jeju/install/ublox_gps/include/ublox_gps/ublox_gps/rtcm.hpp
[0.159s] -- Up-to-date symlink: /home/jsmoon/yax_jeju/install/ublox_gps/include/ublox_gps/ublox_gps/tim_product.hpp
[0.159s] -- Up-to-date symlink: /home/jsmoon/yax_jeju/install/ublox_gps/include/ublox_gps/ublox_gps/ublox_firmware.hpp
[0.159s] -- Up-to-date symlink: /home/jsmoon/yax_jeju/install/ublox_gps/include/ublox_gps/ublox_gps/ublox_firmware6.hpp
[0.159s] -- Up-to-date symlink: /home/jsmoon/yax_jeju/install/ublox_gps/include/ublox_gps/ublox_gps/ublox_firmware7.hpp
[0.159s] -- Up-to-date symlink: /home/jsmoon/yax_jeju/install/ublox_gps/include/ublox_gps/ublox_gps/ublox_firmware7plus.hpp
[0.159s] -- Up-to-date symlink: /home/jsmoon/yax_jeju/install/ublox_gps/include/ublox_gps/ublox_gps/ublox_firmware8.hpp
[0.159s] -- Up-to-date symlink: /home/jsmoon/yax_jeju/install/ublox_gps/include/ublox_gps/ublox_gps/ublox_firmware9.hpp
[0.159s] -- Up-to-date symlink: /home/jsmoon/yax_jeju/install/ublox_gps/include/ublox_gps/ublox_gps/ublox_topic_diagnostic.hpp
[0.159s] -- Up-to-date symlink: /home/jsmoon/yax_jeju/install/ublox_gps/include/ublox_gps/ublox_gps/utils.hpp
[0.160s] -- Up-to-date symlink: /home/jsmoon/yax_jeju/install/ublox_gps/include/ublox_gps/ublox_gps/worker.hpp
[0.160s] -- Up-to-date symlink: /home/jsmoon/yax_jeju/install/ublox_gps/share/ublox_gps/launch/ublox_gps_node-composed-launch.py
[0.160s] -- Up-to-date symlink: /home/jsmoon/yax_jeju/install/ublox_gps/share/ublox_gps/launch/ublox_gps_node-launch.py
[0.160s] -- Up-to-date symlink: /home/jsmoon/yax_jeju/install/ublox_gps/share/ublox_gps/config/c94_m8p_base.yaml
[0.160s] -- Up-to-date symlink: /home/jsmoon/yax_jeju/install/ublox_gps/share/ublox_gps/config/c94_m8p_rover.yaml
[0.160s] -- Up-to-date symlink: /home/jsmoon/yax_jeju/install/ublox_gps/share/ublox_gps/config/c94_m8t_base.yaml
[0.160s] -- Up-to-date symlink: /home/jsmoon/yax_jeju/install/ublox_gps/share/ublox_gps/config/c94_m8t_rover.yaml
[0.160s] -- Up-to-date symlink: /home/jsmoon/yax_jeju/install/ublox_gps/share/ublox_gps/config/neo_m8u_rover.yaml
[0.160s] -- Up-to-date symlink: /home/jsmoon/yax_jeju/install/ublox_gps/share/ublox_gps/config/nmea.yaml
[0.160s] -- Up-to-date symlink: /home/jsmoon/yax_jeju/install/ublox_gps/share/ublox_gps/config/zed_f9p.yaml
[0.160s] -- Up-to-date symlink: /home/jsmoon/yax_jeju/install/ublox_gps/share/ublox_gps/config/zed_f9p_rover.yaml
[0.160s] -- Up-to-date symlink: /home/jsmoon/yax_jeju/install/ublox_gps/share/ament_index/resource_index/package_run_dependencies/ublox_gps
[0.160s] -- Up-to-date symlink: /home/jsmoon/yax_jeju/install/ublox_gps/share/ament_index/resource_index/parent_prefix_path/ublox_gps
[0.160s] -- Up-to-date symlink: /home/jsmoon/yax_jeju/install/ublox_gps/share/ublox_gps/environment/ament_prefix_path.sh
[0.160s] -- Up-to-date symlink: /home/jsmoon/yax_jeju/install/ublox_gps/share/ublox_gps/environment/ament_prefix_path.dsv
[0.160s] -- Up-to-date symlink: /home/jsmoon/yax_jeju/install/ublox_gps/share/ublox_gps/environment/path.sh
[0.160s] -- Up-to-date symlink: /home/jsmoon/yax_jeju/install/ublox_gps/share/ublox_gps/environment/path.dsv
[0.161s] -- Up-to-date symlink: /home/jsmoon/yax_jeju/install/ublox_gps/share/ublox_gps/local_setup.bash
[0.161s] -- Up-to-date symlink: /home/jsmoon/yax_jeju/install/ublox_gps/share/ublox_gps/local_setup.sh
[0.161s] -- Up-to-date symlink: /home/jsmoon/yax_jeju/install/ublox_gps/share/ublox_gps/local_setup.zsh
[0.161s] -- Up-to-date symlink: /home/jsmoon/yax_jeju/install/ublox_gps/share/ublox_gps/local_setup.dsv
[0.161s] -- Symlinking: /home/jsmoon/yax_jeju/install/ublox_gps/share/ublox_gps/package.dsv
[0.171s] -- Up-to-date symlink: /home/jsmoon/yax_jeju/install/ublox_gps/share/ament_index/resource_index/packages/ublox_gps
[0.171s] -- Up-to-date symlink: /home/jsmoon/yax_jeju/install/ublox_gps/share/ament_index/resource_index/rclcpp_components/ublox_gps
[0.171s] -- Up-to-date symlink: /home/jsmoon/yax_jeju/install/ublox_gps/share/ublox_gps/cmake/ament_cmake_export_include_directories-extras.cmake
[0.172s] -- Up-to-date symlink: /home/jsmoon/yax_jeju/install/ublox_gps/share/ublox_gps/cmake/ament_cmake_export_targets-extras.cmake
[0.172s] -- Up-to-date symlink: /home/jsmoon/yax_jeju/install/ublox_gps/share/ublox_gps/cmake/ublox_gpsConfig.cmake
[0.172s] -- Up-to-date symlink: /home/jsmoon/yax_jeju/install/ublox_gps/share/ublox_gps/cmake/ublox_gpsConfig-version.cmake
[0.172s] -- Up-to-date symlink: /home/jsmoon/yax_jeju/install/ublox_gps/share/ublox_gps/package.xml
[0.172s] -- Up-to-date: /home/jsmoon/yax_jeju/install/ublox_gps/lib/libublox_gps.so
[0.172s] -- Up-to-date: /home/jsmoon/yax_jeju/install/ublox_gps/share/ublox_gps/cmake/export_ublox_gpsExport.cmake
[0.172s] -- Up-to-date: /home/jsmoon/yax_jeju/install/ublox_gps/share/ublox_gps/cmake/export_ublox_gpsExport-noconfig.cmake
[0.174s] Invoked command in '/home/jsmoon/yax_jeju/build/ublox_gps' returned '0': CMAKE_PREFIX_PATH=/home/jsmoon/yax_jeju/install/ublox_msgs:/home/jsmoon/yax_jeju/install/ublox_serialization:/home/jsmoon/yax_jeju/install/rtcm_msgs:/home/jsmoon/yax_jeju/install/launch_pkg:/home/jsmoon/yax_jeju/install/ydlidar_ros2_driver:/home/jsmoon/yax_jeju/install/ublox:/home/jsmoon/yax_jeju/install/ublox_gps:/home/jsmoon/yax_jeju/install/fix2nmea:/home/jsmoon/yax_jeju/install/interfaces_pkg:/home/jsmoon/ydlidar_ws/install/ydlidar_ros2_driver:/home/jsmoon/yax_jeju/install/my_custom_pkg:/home/jsmoon/yax_jeju/install/serial_communication_pkg:/home/jsmoon/yax_jeju/install/ntrip_client:/home/jsmoon/yax_jeju/install/lidar_perception_pkg:/home/jsmoon/yax_jeju/install/latlong_utm:/home/jsmoon/yax_jeju/install/decision_making_pkg:/home/jsmoon/yax_jeju/install/debug_pkg:/home/jsmoon/yax_jeju/install/camera_perception_pkg:/opt/ros/humble LD_LIBRARY_PATH=/home/jsmoon/yax_jeju/install/ublox_msgs/lib:/home/jsmoon/yax_jeju/install/rtcm_msgs/lib:/home/jsmoon/yax_jeju/install/ublox_gps/lib:/home/jsmoon/yax_jeju/install/interfaces_pkg/lib:/opt/ros/humble/opt/rviz_ogre_vendor/lib:/opt/ros/humble/lib/x86_64-linux-gnu:/opt/ros/humble/lib:/home/jsmoon/Desktop/JSMOON/MLCS/project1/Personalized-Adaptive-Cruise/external/acados/lib /usr/bin/cmake --install /home/jsmoon/yax_jeju/build/ublox_gps
