running develop
running egg_info
creating my_custom_pkg.egg-info
writing my_custom_pkg.egg-info/PKG-INFO
writing dependency_links to my_custom_pkg.egg-info/dependency_links.txt
writing entry points to my_custom_pkg.egg-info/entry_points.txt
writing requirements to my_custom_pkg.egg-info/requires.txt
writing top-level names to my_custom_pkg.egg-info/top_level.txt
writing manifest file 'my_custom_pkg.egg-info/SOURCES.txt'
reading manifest file 'my_custom_pkg.egg-info/SOURCES.txt'
writing manifest file 'my_custom_pkg.egg-info/SOURCES.txt'
running build_ext
Creating /home/jsmoon/yax_jeju/install/my_custom_pkg/lib/python3.10/site-packages/my-custom-pkg.egg-link (link to .)
Installing lane_detection_node script to /home/jsmoon/yax_jeju/install/my_custom_pkg/lib/my_custom_pkg
Installing mission_controller_node script to /home/jsmoon/yax_jeju/install/my_custom_pkg/lib/my_custom_pkg
Installing obstacle_detect_node script to /home/jsmoon/yax_jeju/install/my_custom_pkg/lib/my_custom_pkg
Installing tunnel_nav_node script to /home/jsmoon/yax_jeju/install/my_custom_pkg/lib/my_custom_pkg
Installing waypoint_follower_node script to /home/jsmoon/yax_jeju/install/my_custom_pkg/lib/my_custom_pkg

Installed /home/jsmoon/yax_jeju/build/my_custom_pkg
running symlink_data
creating /home/jsmoon/yax_jeju/install/my_custom_pkg/share/ament_index
creating /home/jsmoon/yax_jeju/install/my_custom_pkg/share/ament_index/resource_index
creating /home/jsmoon/yax_jeju/install/my_custom_pkg/share/ament_index/resource_index/packages
symbolically linking /home/jsmoon/yax_jeju/build/my_custom_pkg/resource/my_custom_pkg -> /home/jsmoon/yax_jeju/install/my_custom_pkg/share/ament_index/resource_index/packages
symbolically linking /home/jsmoon/yax_jeju/build/my_custom_pkg/package.xml -> /home/jsmoon/yax_jeju/install/my_custom_pkg/share/my_custom_pkg
creating /home/jsmoon/yax_jeju/install/my_custom_pkg/share/my_custom_pkg/config
symbolically linking /home/jsmoon/yax_jeju/build/my_custom_pkg/config/params.yaml -> /home/jsmoon/yax_jeju/install/my_custom_pkg/share/my_custom_pkg/config
creating /home/jsmoon/yax_jeju/install/my_custom_pkg/share/my_custom_pkg/launch
symbolically linking /home/jsmoon/yax_jeju/build/my_custom_pkg/launch/mission_launch.py -> /home/jsmoon/yax_jeju/install/my_custom_pkg/share/my_custom_pkg/launch
