[0.454s] Invoking command in '/home/jsmoon/yax_jeju/build/my_custom_pkg': AMENT_PREFIX_PATH=/home/jsmoon/yax_jeju/install/ublox_gps:/home/jsmoon/yax_jeju/install/fix2nmea:/home/jsmoon/yax_jeju/install/ublox_msgs:/home/jsmoon/yax_jeju/install/ydlidar_ros2_driver:/home/jsmoon/yax_jeju/install/ublox_serialization:/home/jsmoon/yax_jeju/install/serial_communication_pkg:/home/jsmoon/yax_jeju/install/rtcm_msgs:/home/jsmoon/yax_jeju/install/interfaces_pkg:/home/jsmoon/yax_jeju/install/decision_making_pkg:/home/jsmoon/yax_jeju/install/camera_perception_pkg:${AMENT_PREFIX_PATH} CMAKE_PREFIX_PATH=/home/jsmoon/yax_jeju/install/ublox_gps:/home/jsmoon/yax_jeju/install/fix2nmea:/home/jsmoon/yax_jeju/install/ublox_msgs:/home/jsmoon/yax_jeju/install/ydlidar_ros2_driver:/home/jsmoon/yax_jeju/install/ublox_serialization:/home/jsmoon/yax_jeju/install/rtcm_msgs:/home/jsmoon/yax_jeju/install/interfaces_pkg:${CMAKE_PREFIX_PATH} LD_LIBRARY_PATH=/home/jsmoon/yax_jeju/install/ublox_gps/lib:/home/jsmoon/yax_jeju/install/ublox_msgs/lib:/home/jsmoon/yax_jeju/install/rtcm_msgs/lib:/home/jsmoon/yax_jeju/install/interfaces_pkg/lib:/opt/ros/humble/opt/rviz_ogre_vendor/lib:/opt/ros/humble/lib/x86_64-linux-gnu:/opt/ros/humble/lib:/home/jsmoon/Desktop/JSMOON/MLCS/project1/Personalized-Adaptive-Cruise/external/acados/lib PYTHONPATH=/home/jsmoon/yax_jeju/build/my_custom_pkg/prefix_override:/usr/lib/python3/dist-packages/colcon_core/task/python/colcon_distutils_commands:/home/jsmoon/yax_jeju/install/my_custom_pkg/lib/python3.10/site-packages:/home/jsmoon/yax_jeju/install/ublox_msgs/local/lib/python3.10/dist-packages:/home/jsmoon/yax_jeju/build/serial_communication_pkg:/home/jsmoon/yax_jeju/install/serial_communication_pkg/lib/python3.10/site-packages:/home/jsmoon/yax_jeju/install/rtcm_msgs/local/lib/python3.10/dist-packages:/home/jsmoon/yax_jeju/install/interfaces_pkg/local/lib/python3.10/dist-packages:/home/jsmoon/yax_jeju/build/decision_making_pkg:/home/jsmoon/yax_jeju/install/decision_making_pkg/lib/python3.10/site-packages:/home/jsmoon/yax_jeju/build/camera_perception_pkg:/home/jsmoon/yax_jeju/install/camera_perception_pkg/lib/python3.10/site-packages:${PYTHONPATH} /usr/bin/python3 -W ignore:setup.py install is deprecated -W ignore:easy_install command is deprecated setup.py develop --editable --build-directory /home/jsmoon/yax_jeju/build/my_custom_pkg/build --no-deps symlink_data
[0.619s] running develop
[0.737s] running egg_info
[0.737s] creating my_custom_pkg.egg-info
[0.737s] writing my_custom_pkg.egg-info/PKG-INFO
[0.737s] writing dependency_links to my_custom_pkg.egg-info/dependency_links.txt
[0.737s] writing entry points to my_custom_pkg.egg-info/entry_points.txt
[0.737s] writing requirements to my_custom_pkg.egg-info/requires.txt
[0.737s] writing top-level names to my_custom_pkg.egg-info/top_level.txt
[0.737s] writing manifest file 'my_custom_pkg.egg-info/SOURCES.txt'
[0.738s] reading manifest file 'my_custom_pkg.egg-info/SOURCES.txt'
[0.739s] writing manifest file 'my_custom_pkg.egg-info/SOURCES.txt'
[0.764s] running build_ext
[0.764s] Creating /home/jsmoon/yax_jeju/install/my_custom_pkg/lib/python3.10/site-packages/my-custom-pkg.egg-link (link to .)
[0.765s] Installing lane_detection_node script to /home/jsmoon/yax_jeju/install/my_custom_pkg/lib/my_custom_pkg
[0.765s] Installing mission_controller_node script to /home/jsmoon/yax_jeju/install/my_custom_pkg/lib/my_custom_pkg
[0.765s] Installing obstacle_detect_node script to /home/jsmoon/yax_jeju/install/my_custom_pkg/lib/my_custom_pkg
[0.765s] Installing tunnel_nav_node script to /home/jsmoon/yax_jeju/install/my_custom_pkg/lib/my_custom_pkg
[0.765s] Installing waypoint_follower_node script to /home/jsmoon/yax_jeju/install/my_custom_pkg/lib/my_custom_pkg
[0.765s] 
[0.765s] Installed /home/jsmoon/yax_jeju/build/my_custom_pkg
[0.765s] running symlink_data
[0.765s] creating /home/jsmoon/yax_jeju/install/my_custom_pkg/share/ament_index
[0.765s] creating /home/jsmoon/yax_jeju/install/my_custom_pkg/share/ament_index/resource_index
[0.765s] creating /home/jsmoon/yax_jeju/install/my_custom_pkg/share/ament_index/resource_index/packages
[0.765s] symbolically linking /home/jsmoon/yax_jeju/build/my_custom_pkg/resource/my_custom_pkg -> /home/jsmoon/yax_jeju/install/my_custom_pkg/share/ament_index/resource_index/packages
[0.765s] symbolically linking /home/jsmoon/yax_jeju/build/my_custom_pkg/package.xml -> /home/jsmoon/yax_jeju/install/my_custom_pkg/share/my_custom_pkg
[0.765s] creating /home/jsmoon/yax_jeju/install/my_custom_pkg/share/my_custom_pkg/config
[0.765s] symbolically linking /home/jsmoon/yax_jeju/build/my_custom_pkg/config/params.yaml -> /home/jsmoon/yax_jeju/install/my_custom_pkg/share/my_custom_pkg/config
[0.765s] creating /home/jsmoon/yax_jeju/install/my_custom_pkg/share/my_custom_pkg/launch
[0.765s] symbolically linking /home/jsmoon/yax_jeju/build/my_custom_pkg/launch/mission_launch.py -> /home/jsmoon/yax_jeju/install/my_custom_pkg/share/my_custom_pkg/launch
[0.793s] Invoked command in '/home/jsmoon/yax_jeju/build/my_custom_pkg' returned '0': AMENT_PREFIX_PATH=/home/jsmoon/yax_jeju/install/ublox_gps:/home/jsmoon/yax_jeju/install/fix2nmea:/home/jsmoon/yax_jeju/install/ublox_msgs:/home/jsmoon/yax_jeju/install/ydlidar_ros2_driver:/home/jsmoon/yax_jeju/install/ublox_serialization:/home/jsmoon/yax_jeju/install/serial_communication_pkg:/home/jsmoon/yax_jeju/install/rtcm_msgs:/home/jsmoon/yax_jeju/install/interfaces_pkg:/home/jsmoon/yax_jeju/install/decision_making_pkg:/home/jsmoon/yax_jeju/install/camera_perception_pkg:${AMENT_PREFIX_PATH} CMAKE_PREFIX_PATH=/home/jsmoon/yax_jeju/install/ublox_gps:/home/jsmoon/yax_jeju/install/fix2nmea:/home/jsmoon/yax_jeju/install/ublox_msgs:/home/jsmoon/yax_jeju/install/ydlidar_ros2_driver:/home/jsmoon/yax_jeju/install/ublox_serialization:/home/jsmoon/yax_jeju/install/rtcm_msgs:/home/jsmoon/yax_jeju/install/interfaces_pkg:${CMAKE_PREFIX_PATH} LD_LIBRARY_PATH=/home/jsmoon/yax_jeju/install/ublox_gps/lib:/home/jsmoon/yax_jeju/install/ublox_msgs/lib:/home/jsmoon/yax_jeju/install/rtcm_msgs/lib:/home/jsmoon/yax_jeju/install/interfaces_pkg/lib:/opt/ros/humble/opt/rviz_ogre_vendor/lib:/opt/ros/humble/lib/x86_64-linux-gnu:/opt/ros/humble/lib:/home/jsmoon/Desktop/JSMOON/MLCS/project1/Personalized-Adaptive-Cruise/external/acados/lib PYTHONPATH=/home/jsmoon/yax_jeju/build/my_custom_pkg/prefix_override:/usr/lib/python3/dist-packages/colcon_core/task/python/colcon_distutils_commands:/home/jsmoon/yax_jeju/install/my_custom_pkg/lib/python3.10/site-packages:/home/jsmoon/yax_jeju/install/ublox_msgs/local/lib/python3.10/dist-packages:/home/jsmoon/yax_jeju/build/serial_communication_pkg:/home/jsmoon/yax_jeju/install/serial_communication_pkg/lib/python3.10/site-packages:/home/jsmoon/yax_jeju/install/rtcm_msgs/local/lib/python3.10/dist-packages:/home/jsmoon/yax_jeju/install/interfaces_pkg/local/lib/python3.10/dist-packages:/home/jsmoon/yax_jeju/build/decision_making_pkg:/home/jsmoon/yax_jeju/install/decision_making_pkg/lib/python3.10/site-packages:/home/jsmoon/yax_jeju/build/camera_perception_pkg:/home/jsmoon/yax_jeju/install/camera_perception_pkg/lib/python3.10/site-packages:${PYTHONPATH} /usr/bin/python3 -W ignore:setup.py install is deprecated -W ignore:easy_install command is deprecated setup.py develop --editable --build-directory /home/jsmoon/yax_jeju/build/my_custom_pkg/build --no-deps symlink_data
