[0.448s] Invoking command in '/home/jsmoon/yax_jeju/build/interfaces_pkg': CMAKE_PREFIX_PATH=${CMAKE_PREFIX_PATH}:/opt/ros/humble /usr/bin/cmake /home/jsmoon/yax_jeju/src/interfaces_pkg -DAMENT_CMAKE_SYMLINK_INSTALL=1 -DCMAKE_INSTALL_PREFIX=/home/jsmoon/yax_jeju/install/interfaces_pkg
[1.374s] -- The C compiler identification is GNU 11.4.0
[1.374s] -- The CXX compiler identification is GNU 11.4.0
[1.374s] -- Detecting C compiler ABI info
[1.374s] -- Detecting C compiler ABI info - done
[1.374s] -- Check for working C compiler: /usr/bin/cc - skipped
[1.375s] -- Detecting C compile features
[1.375s] -- Detecting C compile features - done
[1.375s] -- Detecting CXX compiler ABI info
[1.375s] -- Detecting CXX compiler ABI info - done
[1.375s] -- Check for working CXX compiler: /usr/bin/c++ - skipped
[1.375s] -- Detecting CXX compile features
[1.375s] -- Detecting CXX compile features - done
[1.375s] -- Found ament_cmake: 1.3.12 (/opt/ros/humble/share/ament_cmake/cmake)
[1.375s] -- Found Python3: /home/jsmoon/.pyenv/shims/python3 (found version "3.10.12") found components: Interpreter 
[1.375s] -- Override CMake install command with custom implementation using symlinks instead of copying resources
[1.375s] -- Found rosidl_default_generators: 1.2.0 (/opt/ros/humble/share/rosidl_default_generators/cmake)
[1.375s] -- Using all available rosidl_typesupport_c: rosidl_typesupport_fastrtps_c;rosidl_typesupport_introspection_c
[1.375s] -- Found rosidl_adapter: 3.1.7 (/opt/ros/humble/share/rosidl_adapter/cmake)
[1.375s] -- Using all available rosidl_typesupport_cpp: rosidl_typesupport_fastrtps_cpp;rosidl_typesupport_introspection_cpp
[1.375s] -- Found std_msgs: 4.9.0 (/opt/ros/humble/share/std_msgs/cmake)
[1.380s] -- Found geometry_msgs: 4.9.0 (/opt/ros/humble/share/geometry_msgs/cmake)
[2.051s] -- Found ament_cmake_ros: 0.10.0 (/opt/ros/humble/share/ament_cmake_ros/cmake)
[2.586s] -- Using all available rosidl_typesupport_c: rosidl_typesupport_fastrtps_c;rosidl_typesupport_introspection_c
[3.066s] -- Using all available rosidl_typesupport_cpp: rosidl_typesupport_fastrtps_cpp;rosidl_typesupport_introspection_cpp
[3.135s] -- Found PythonInterp: /home/jsmoon/.pyenv/shims/python3 (found suitable version "3.10.12", minimum required is "3.6") 
[3.136s] -- Found python_cmake_module: 0.10.0 (/opt/ros/humble/share/python_cmake_module/cmake)
[3.204s] -- Found PythonLibs: /usr/lib/x86_64-linux-gnu/libpython3.10.so (found suitable version "3.10.12", minimum required is "3.5") 
[3.204s] -- Using PYTHON_EXECUTABLE: /home/jsmoon/.pyenv/shims/python3
[3.204s] -- Using PYTHON_INCLUDE_DIRS: /usr/include/python3.10
[3.204s] -- Using PYTHON_LIBRARIES: /usr/lib/x86_64-linux-gnu/libpython3.10.so
[3.272s] -- Found PythonExtra: .so  
[3.381s] -- Configuring done
[3.421s] -- Generating done
[3.430s] -- Build files have been written to: /home/jsmoon/yax_jeju/build/interfaces_pkg
[3.438s] Invoked command in '/home/jsmoon/yax_jeju/build/interfaces_pkg' returned '0': CMAKE_PREFIX_PATH=${CMAKE_PREFIX_PATH}:/opt/ros/humble /usr/bin/cmake /home/jsmoon/yax_jeju/src/interfaces_pkg -DAMENT_CMAKE_SYMLINK_INSTALL=1 -DCMAKE_INSTALL_PREFIX=/home/jsmoon/yax_jeju/install/interfaces_pkg
[3.440s] Invoking command in '/home/jsmoon/yax_jeju/build/interfaces_pkg': CMAKE_PREFIX_PATH=${CMAKE_PREFIX_PATH}:/opt/ros/humble /usr/bin/cmake --build /home/jsmoon/yax_jeju/build/interfaces_pkg -- -j16 -l16
[3.482s] [  0%] [34m[1mGenerating C code for ROS interfaces[0m
[3.492s] [  0%] [34m[1mGenerating C++ code for ROS interfaces[0m
[3.501s] [  0%] Built target ament_cmake_python_symlink_interfaces_pkg
[3.791s] running egg_info
[3.792s] creating interfaces_pkg.egg-info
[3.792s] writing interfaces_pkg.egg-info/PKG-INFO
[3.792s] writing dependency_links to interfaces_pkg.egg-info/dependency_links.txt
[3.792s] writing top-level names to interfaces_pkg.egg-info/top_level.txt
[3.792s] writing manifest file 'interfaces_pkg.egg-info/SOURCES.txt'
[3.794s] reading manifest file 'interfaces_pkg.egg-info/SOURCES.txt'
[3.794s] writing manifest file 'interfaces_pkg.egg-info/SOURCES.txt'
[3.824s] [  0%] Built target ament_cmake_python_build_interfaces_pkg_egg
[4.312s] [  4%] [32mBuilding C object CMakeFiles/interfaces_pkg__rosidl_generator_c.dir/rosidl_generator_c/interfaces_pkg/msg/detail/bounding_box2_d__functions.c.o[0m
[4.312s] [  4%] [32mBuilding C object CMakeFiles/interfaces_pkg__rosidl_generator_c.dir/rosidl_generator_c/interfaces_pkg/msg/detail/bounding_box3_d__functions.c.o[0m
[4.312s] [  4%] [32mBuilding C object CMakeFiles/interfaces_pkg__rosidl_generator_c.dir/rosidl_generator_c/interfaces_pkg/msg/detail/mask__functions.c.o[0m
[4.312s] [  5%] [32mBuilding C object CMakeFiles/interfaces_pkg__rosidl_generator_c.dir/rosidl_generator_c/interfaces_pkg/msg/detail/key_point2_d_array__functions.c.o[0m
[4.312s] [  5%] [32mBuilding C object CMakeFiles/interfaces_pkg__rosidl_generator_c.dir/rosidl_generator_c/interfaces_pkg/msg/detail/key_point3_d__functions.c.o[0m
[4.312s] [  4%] [32mBuilding C object CMakeFiles/interfaces_pkg__rosidl_generator_c.dir/rosidl_generator_c/interfaces_pkg/msg/detail/vector2__functions.c.o[0m
[4.312s] [  6%] [32mBuilding C object CMakeFiles/interfaces_pkg__rosidl_generator_c.dir/rosidl_generator_c/interfaces_pkg/msg/detail/key_point2_d__functions.c.o[0m
[4.312s] [  7%] [32mBuilding C object CMakeFiles/interfaces_pkg__rosidl_generator_c.dir/rosidl_generator_c/interfaces_pkg/msg/detail/key_point3_d_array__functions.c.o[0m
[4.312s] [  4%] [32mBuilding C object CMakeFiles/interfaces_pkg__rosidl_generator_c.dir/rosidl_generator_c/interfaces_pkg/msg/detail/point2_d__functions.c.o[0m
[4.312s] [  8%] [32mBuilding C object CMakeFiles/interfaces_pkg__rosidl_generator_c.dir/rosidl_generator_c/interfaces_pkg/msg/detail/detection__functions.c.o[0m
[4.313s] [  8%] [32mBuilding C object CMakeFiles/interfaces_pkg__rosidl_generator_c.dir/rosidl_generator_c/interfaces_pkg/msg/detail/pose2_d__functions.c.o[0m
[4.317s] [  8%] [32mBuilding C object CMakeFiles/interfaces_pkg__rosidl_generator_c.dir/rosidl_generator_c/interfaces_pkg/msg/detail/detection_array__functions.c.o[0m
[4.319s] [  9%] [32mBuilding C object CMakeFiles/interfaces_pkg__rosidl_generator_c.dir/rosidl_generator_c/interfaces_pkg/msg/detail/lane_info__functions.c.o[0m
[4.324s] [ 10%] [32mBuilding C object CMakeFiles/interfaces_pkg__rosidl_generator_c.dir/rosidl_generator_c/interfaces_pkg/msg/detail/motion_command__functions.c.o[0m
[4.340s] [ 10%] [32mBuilding C object CMakeFiles/interfaces_pkg__rosidl_generator_c.dir/rosidl_generator_c/interfaces_pkg/msg/detail/target_point__functions.c.o[0m
[4.365s] [ 11%] [32mBuilding C object CMakeFiles/interfaces_pkg__rosidl_generator_c.dir/rosidl_generator_c/interfaces_pkg/msg/detail/path_planning_result__functions.c.o[0m
[4.413s] [ 12%] [32m[1mLinking C shared library libinterfaces_pkg__rosidl_generator_c.so[0m
[4.449s] [ 12%] Built target interfaces_pkg__cpp
[4.456s] [ 12%] Built target interfaces_pkg__rosidl_generator_c
[4.457s] [ 13%] [34m[1mGenerating C++ type support dispatch for ROS interfaces[0m
[4.457s] [ 13%] [34m[1mGenerating C++ introspection for ROS interfaces[0m
[4.457s] [ 14%] [34m[1mGenerating C++ type support for eProsima Fast-RTPS[0m
[4.467s] [ 15%] [34m[1mGenerating C type support dispatch for ROS interfaces[0m
[4.467s] [ 17%] [34m[1mGenerating C type support for eProsima Fast-RTPS[0m
[4.467s] [ 17%] [34m[1mGenerating C introspection for ROS interfaces[0m
[5.115s] [ 19%] [32mBuilding CXX object CMakeFiles/interfaces_pkg__rosidl_typesupport_c.dir/rosidl_typesupport_c/interfaces_pkg/msg/pose2_d__type_support.cpp.o[0m
[5.115s] [ 19%] [32mBuilding CXX object CMakeFiles/interfaces_pkg__rosidl_typesupport_c.dir/rosidl_typesupport_c/interfaces_pkg/msg/vector2__type_support.cpp.o[0m
[5.116s] [ 20%] [32mBuilding CXX object CMakeFiles/interfaces_pkg__rosidl_typesupport_c.dir/rosidl_typesupport_c/interfaces_pkg/msg/mask__type_support.cpp.o[0m
[5.117s] [ 21%] [32mBuilding CXX object CMakeFiles/interfaces_pkg__rosidl_typesupport_c.dir/rosidl_typesupport_c/interfaces_pkg/msg/bounding_box3_d__type_support.cpp.o[0m
[5.118s] [ 21%] [32mBuilding CXX object CMakeFiles/interfaces_pkg__rosidl_typesupport_c.dir/rosidl_typesupport_c/interfaces_pkg/msg/point2_d__type_support.cpp.o[0m
[5.118s] [ 22%] [32mBuilding CXX object CMakeFiles/interfaces_pkg__rosidl_typesupport_c.dir/rosidl_typesupport_c/interfaces_pkg/msg/key_point3_d__type_support.cpp.o[0m
[5.123s] [ 23%] [32mBuilding CXX object CMakeFiles/interfaces_pkg__rosidl_typesupport_c.dir/rosidl_typesupport_c/interfaces_pkg/msg/key_point2_d_array__type_support.cpp.o[0m
[5.123s] [ 23%] [32mBuilding CXX object CMakeFiles/interfaces_pkg__rosidl_typesupport_c.dir/rosidl_typesupport_c/interfaces_pkg/msg/bounding_box2_d__type_support.cpp.o[0m
[5.123s] [ 23%] [32mBuilding CXX object CMakeFiles/interfaces_pkg__rosidl_typesupport_c.dir/rosidl_typesupport_c/interfaces_pkg/msg/key_point2_d__type_support.cpp.o[0m
[5.123s] [ 23%] [32mBuilding CXX object CMakeFiles/interfaces_pkg__rosidl_typesupport_c.dir/rosidl_typesupport_c/interfaces_pkg/msg/key_point3_d_array__type_support.cpp.o[0m
[5.124s] [ 24%] [32mBuilding CXX object CMakeFiles/interfaces_pkg__rosidl_typesupport_c.dir/rosidl_typesupport_c/interfaces_pkg/msg/detection__type_support.cpp.o[0m
[5.129s] [ 25%] [32mBuilding CXX object CMakeFiles/interfaces_pkg__rosidl_typesupport_cpp.dir/rosidl_typesupport_cpp/interfaces_pkg/msg/point2_d__type_support.cpp.o[0m
[5.156s] [ 25%] [32mBuilding CXX object CMakeFiles/interfaces_pkg__rosidl_typesupport_c.dir/rosidl_typesupport_c/interfaces_pkg/msg/lane_info__type_support.cpp.o[0m
[5.158s] [ 26%] [32mBuilding CXX object CMakeFiles/interfaces_pkg__rosidl_typesupport_c.dir/rosidl_typesupport_c/interfaces_pkg/msg/detection_array__type_support.cpp.o[0m
[5.167s] [ 26%] [32mBuilding CXX object CMakeFiles/interfaces_pkg__rosidl_typesupport_cpp.dir/rosidl_typesupport_cpp/interfaces_pkg/msg/vector2__type_support.cpp.o[0m
[5.169s] [ 27%] [32mBuilding CXX object CMakeFiles/interfaces_pkg__rosidl_typesupport_cpp.dir/rosidl_typesupport_cpp/interfaces_pkg/msg/pose2_d__type_support.cpp.o[0m
[5.171s] [ 27%] [32mBuilding CXX object CMakeFiles/interfaces_pkg__rosidl_typesupport_cpp.dir/rosidl_typesupport_cpp/interfaces_pkg/msg/bounding_box3_d__type_support.cpp.o[0m
[5.171s] [ 28%] [32mBuilding CXX object CMakeFiles/interfaces_pkg__rosidl_typesupport_cpp.dir/rosidl_typesupport_cpp/interfaces_pkg/msg/bounding_box2_d__type_support.cpp.o[0m
[5.177s] [ 29%] [32mBuilding CXX object CMakeFiles/interfaces_pkg__rosidl_typesupport_c.dir/rosidl_typesupport_c/interfaces_pkg/msg/motion_command__type_support.cpp.o[0m
[5.182s] [ 30%] [32mBuilding CXX object CMakeFiles/interfaces_pkg__rosidl_typesupport_c.dir/rosidl_typesupport_c/interfaces_pkg/msg/target_point__type_support.cpp.o[0m
[5.194s] [ 31%] [32mBuilding CXX object CMakeFiles/interfaces_pkg__rosidl_typesupport_cpp.dir/rosidl_typesupport_cpp/interfaces_pkg/msg/mask__type_support.cpp.o[0m
[5.201s] [ 32%] [32mBuilding CXX object CMakeFiles/interfaces_pkg__rosidl_typesupport_cpp.dir/rosidl_typesupport_cpp/interfaces_pkg/msg/key_point2_d__type_support.cpp.o[0m
[5.204s] [ 32%] [32mBuilding CXX object CMakeFiles/interfaces_pkg__rosidl_typesupport_c.dir/rosidl_typesupport_c/interfaces_pkg/msg/path_planning_result__type_support.cpp.o[0m
[5.231s] [ 32%] [32mBuilding CXX object CMakeFiles/interfaces_pkg__rosidl_typesupport_cpp.dir/rosidl_typesupport_cpp/interfaces_pkg/msg/key_point2_d_array__type_support.cpp.o[0m
[5.240s] [ 33%] [32mBuilding CXX object CMakeFiles/interfaces_pkg__rosidl_typesupport_cpp.dir/rosidl_typesupport_cpp/interfaces_pkg/msg/key_point3_d__type_support.cpp.o[0m
[5.252s] [ 34%] [32m[1mLinking CXX shared library libinterfaces_pkg__rosidl_typesupport_c.so[0m
[5.265s] [ 35%] [32mBuilding CXX object CMakeFiles/interfaces_pkg__rosidl_typesupport_cpp.dir/rosidl_typesupport_cpp/interfaces_pkg/msg/key_point3_d_array__type_support.cpp.o[0m
[5.295s] [ 35%] [32mBuilding CXX object CMakeFiles/interfaces_pkg__rosidl_typesupport_cpp.dir/rosidl_typesupport_cpp/interfaces_pkg/msg/detection__type_support.cpp.o[0m
[5.357s] [ 35%] Built target interfaces_pkg__rosidl_typesupport_c
[5.396s] [ 36%] [32mBuilding CXX object CMakeFiles/interfaces_pkg__rosidl_typesupport_cpp.dir/rosidl_typesupport_cpp/interfaces_pkg/msg/detection_array__type_support.cpp.o[0m
[5.411s] [ 37%] [32mBuilding CXX object CMakeFiles/interfaces_pkg__rosidl_typesupport_introspection_cpp.dir/rosidl_typesupport_introspection_cpp/interfaces_pkg/msg/detail/point2_d__type_support.cpp.o[0m
[5.435s] [ 38%] [32mBuilding CXX object CMakeFiles/interfaces_pkg__rosidl_typesupport_introspection_cpp.dir/rosidl_typesupport_introspection_cpp/interfaces_pkg/msg/detail/vector2__type_support.cpp.o[0m
[5.447s] [ 38%] [32mBuilding CXX object CMakeFiles/interfaces_pkg__rosidl_typesupport_introspection_cpp.dir/rosidl_typesupport_introspection_cpp/interfaces_pkg/msg/detail/pose2_d__type_support.cpp.o[0m
[5.452s] [ 39%] [32mBuilding CXX object CMakeFiles/interfaces_pkg__rosidl_typesupport_introspection_cpp.dir/rosidl_typesupport_introspection_cpp/interfaces_pkg/msg/detail/bounding_box2_d__type_support.cpp.o[0m
[5.463s] [ 40%] [32mBuilding CXX object CMakeFiles/interfaces_pkg__rosidl_typesupport_introspection_cpp.dir/rosidl_typesupport_introspection_cpp/interfaces_pkg/msg/detail/bounding_box3_d__type_support.cpp.o[0m
[5.465s] [ 40%] [32mBuilding CXX object CMakeFiles/interfaces_pkg__rosidl_typesupport_introspection_cpp.dir/rosidl_typesupport_introspection_cpp/interfaces_pkg/msg/detail/mask__type_support.cpp.o[0m
[5.491s] [ 41%] [32mBuilding CXX object CMakeFiles/interfaces_pkg__rosidl_typesupport_cpp.dir/rosidl_typesupport_cpp/interfaces_pkg/msg/lane_info__type_support.cpp.o[0m
[5.506s] [ 41%] [32mBuilding CXX object CMakeFiles/interfaces_pkg__rosidl_typesupport_cpp.dir/rosidl_typesupport_cpp/interfaces_pkg/msg/motion_command__type_support.cpp.o[0m
[5.514s] [ 42%] [32mBuilding CXX object CMakeFiles/interfaces_pkg__rosidl_typesupport_introspection_cpp.dir/rosidl_typesupport_introspection_cpp/interfaces_pkg/msg/detail/key_point2_d__type_support.cpp.o[0m
[5.541s] [ 43%] [32mBuilding C object CMakeFiles/interfaces_pkg__rosidl_typesupport_introspection_c.dir/rosidl_typesupport_introspection_c/interfaces_pkg/msg/detail/point2_d__type_support.c.o[0m
[5.595s] [ 44%] [32mBuilding C object CMakeFiles/interfaces_pkg__rosidl_typesupport_introspection_c.dir/rosidl_typesupport_introspection_c/interfaces_pkg/msg/detail/vector2__type_support.c.o[0m
[5.595s] [ 45%] [32mBuilding CXX object CMakeFiles/interfaces_pkg__rosidl_typesupport_introspection_cpp.dir/rosidl_typesupport_introspection_cpp/interfaces_pkg/msg/detail/key_point2_d_array__type_support.cpp.o[0m
[5.595s] [ 44%] [32mBuilding CXX object CMakeFiles/interfaces_pkg__rosidl_typesupport_cpp.dir/rosidl_typesupport_cpp/interfaces_pkg/msg/target_point__type_support.cpp.o[0m
[5.616s] [ 45%] [32mBuilding CXX object CMakeFiles/interfaces_pkg__rosidl_typesupport_introspection_cpp.dir/rosidl_typesupport_introspection_cpp/interfaces_pkg/msg/detail/key_point3_d__type_support.cpp.o[0m
[5.663s] [ 46%] [32mBuilding C object CMakeFiles/interfaces_pkg__rosidl_typesupport_introspection_c.dir/rosidl_typesupport_introspection_c/interfaces_pkg/msg/detail/pose2_d__type_support.c.o[0m
[5.708s] [ 47%] [32mBuilding CXX object CMakeFiles/interfaces_pkg__rosidl_typesupport_cpp.dir/rosidl_typesupport_cpp/interfaces_pkg/msg/path_planning_result__type_support.cpp.o[0m
[5.773s] [ 48%] [32mBuilding C object CMakeFiles/interfaces_pkg__rosidl_typesupport_introspection_c.dir/rosidl_typesupport_introspection_c/interfaces_pkg/msg/detail/bounding_box2_d__type_support.c.o[0m
[5.782s] [ 48%] [32mBuilding CXX object CMakeFiles/interfaces_pkg__rosidl_typesupport_fastrtps_c.dir/rosidl_typesupport_fastrtps_c/interfaces_pkg/msg/detail/point2_d__type_support_c.cpp.o[0m
[5.814s] [ 49%] [32mBuilding CXX object CMakeFiles/interfaces_pkg__rosidl_typesupport_introspection_cpp.dir/rosidl_typesupport_introspection_cpp/interfaces_pkg/msg/detail/key_point3_d_array__type_support.cpp.o[0m
[5.820s] [ 50%] [32mBuilding CXX object CMakeFiles/interfaces_pkg__rosidl_typesupport_introspection_cpp.dir/rosidl_typesupport_introspection_cpp/interfaces_pkg/msg/detail/detection__type_support.cpp.o[0m
[5.827s] [ 51%] [32mBuilding CXX object CMakeFiles/interfaces_pkg__rosidl_typesupport_fastrtps_c.dir/rosidl_typesupport_fastrtps_c/interfaces_pkg/msg/detail/vector2__type_support_c.cpp.o[0m
[5.844s] [ 52%] [32mBuilding CXX object CMakeFiles/interfaces_pkg__rosidl_typesupport_fastrtps_c.dir/rosidl_typesupport_fastrtps_c/interfaces_pkg/msg/detail/pose2_d__type_support_c.cpp.o[0m
[5.845s] [ 52%] [32mBuilding C object CMakeFiles/interfaces_pkg__rosidl_typesupport_introspection_c.dir/rosidl_typesupport_introspection_c/interfaces_pkg/msg/detail/bounding_box3_d__type_support.c.o[0m
[5.852s] [ 52%] [32mBuilding CXX object CMakeFiles/interfaces_pkg__rosidl_typesupport_introspection_cpp.dir/rosidl_typesupport_introspection_cpp/interfaces_pkg/msg/detail/detection_array__type_support.cpp.o[0m
[5.864s] [ 53%] [32mBuilding C object CMakeFiles/interfaces_pkg__rosidl_typesupport_introspection_c.dir/rosidl_typesupport_introspection_c/interfaces_pkg/msg/detail/mask__type_support.c.o[0m
[5.874s] [ 54%] [32mBuilding CXX object CMakeFiles/interfaces_pkg__rosidl_typesupport_fastrtps_cpp.dir/rosidl_typesupport_fastrtps_cpp/interfaces_pkg/msg/detail/dds_fastrtps/point2_d__type_support.cpp.o[0m
[5.891s] [ 55%] [32mBuilding C object CMakeFiles/interfaces_pkg__rosidl_typesupport_introspection_c.dir/rosidl_typesupport_introspection_c/interfaces_pkg/msg/detail/key_point2_d__type_support.c.o[0m
[5.900s] [ 55%] [32mBuilding C object CMakeFiles/interfaces_pkg__rosidl_typesupport_introspection_c.dir/rosidl_typesupport_introspection_c/interfaces_pkg/msg/detail/key_point2_d_array__type_support.c.o[0m
[5.905s] [ 55%] [32mBuilding CXX object CMakeFiles/interfaces_pkg__rosidl_typesupport_fastrtps_c.dir/rosidl_typesupport_fastrtps_c/interfaces_pkg/msg/detail/bounding_box2_d__type_support_c.cpp.o[0m
[5.912s] [ 55%] [32mBuilding CXX object CMakeFiles/interfaces_pkg__rosidl_typesupport_fastrtps_cpp.dir/rosidl_typesupport_fastrtps_cpp/interfaces_pkg/msg/detail/dds_fastrtps/vector2__type_support.cpp.o[0m
[5.921s] [ 56%] [32mBuilding CXX object CMakeFiles/interfaces_pkg__rosidl_typesupport_fastrtps_cpp.dir/rosidl_typesupport_fastrtps_cpp/interfaces_pkg/msg/detail/dds_fastrtps/pose2_d__type_support.cpp.o[0m
[5.980s] [ 57%] [32mBuilding CXX object CMakeFiles/interfaces_pkg__rosidl_typesupport_fastrtps_cpp.dir/rosidl_typesupport_fastrtps_cpp/interfaces_pkg/msg/detail/dds_fastrtps/bounding_box2_d__type_support.cpp.o[0m
[5.985s] [ 57%] [32mBuilding CXX object CMakeFiles/interfaces_pkg__rosidl_typesupport_fastrtps_cpp.dir/rosidl_typesupport_fastrtps_cpp/interfaces_pkg/msg/detail/dds_fastrtps/bounding_box3_d__type_support.cpp.o[0m
[5.990s] [ 58%] [32mBuilding C object CMakeFiles/interfaces_pkg__rosidl_typesupport_introspection_c.dir/rosidl_typesupport_introspection_c/interfaces_pkg/msg/detail/key_point3_d__type_support.c.o[0m
[6.010s] [ 58%] [32m[1mLinking CXX shared library libinterfaces_pkg__rosidl_typesupport_cpp.so[0m
[6.032s] [ 59%] [32mBuilding CXX object CMakeFiles/interfaces_pkg__rosidl_typesupport_fastrtps_cpp.dir/rosidl_typesupport_fastrtps_cpp/interfaces_pkg/msg/detail/dds_fastrtps/mask__type_support.cpp.o[0m
[6.045s] [ 60%] [32mBuilding CXX object CMakeFiles/interfaces_pkg__rosidl_typesupport_fastrtps_cpp.dir/rosidl_typesupport_fastrtps_cpp/interfaces_pkg/msg/detail/dds_fastrtps/key_point2_d__type_support.cpp.o[0m
[6.052s] [ 61%] [32mBuilding C object CMakeFiles/interfaces_pkg__rosidl_typesupport_introspection_c.dir/rosidl_typesupport_introspection_c/interfaces_pkg/msg/detail/key_point3_d_array__type_support.c.o[0m
[6.119s] [ 61%] Built target interfaces_pkg__rosidl_typesupport_cpp
[6.145s] [ 61%] [32mBuilding CXX object CMakeFiles/interfaces_pkg__rosidl_typesupport_fastrtps_cpp.dir/rosidl_typesupport_fastrtps_cpp/interfaces_pkg/msg/detail/dds_fastrtps/key_point2_d_array__type_support.cpp.o[0m
[6.145s] [ 61%] [32mBuilding C object CMakeFiles/interfaces_pkg__rosidl_typesupport_introspection_c.dir/rosidl_typesupport_introspection_c/interfaces_pkg/msg/detail/detection__type_support.c.o[0m
[6.170s] [ 62%] [32mBuilding CXX object CMakeFiles/interfaces_pkg__rosidl_typesupport_fastrtps_cpp.dir/rosidl_typesupport_fastrtps_cpp/interfaces_pkg/msg/detail/dds_fastrtps/key_point3_d__type_support.cpp.o[0m
[6.181s] [ 63%] [32mBuilding CXX object CMakeFiles/interfaces_pkg__rosidl_typesupport_fastrtps_cpp.dir/rosidl_typesupport_fastrtps_cpp/interfaces_pkg/msg/detail/dds_fastrtps/key_point3_d_array__type_support.cpp.o[0m
[6.207s] [ 63%] [32mBuilding CXX object CMakeFiles/interfaces_pkg__rosidl_typesupport_fastrtps_cpp.dir/rosidl_typesupport_fastrtps_cpp/interfaces_pkg/msg/detail/dds_fastrtps/detection__type_support.cpp.o[0m
[6.225s] [ 64%] [32mBuilding C object CMakeFiles/interfaces_pkg__rosidl_typesupport_introspection_c.dir/rosidl_typesupport_introspection_c/interfaces_pkg/msg/detail/detection_array__type_support.c.o[0m
[6.264s] [ 65%] [32mBuilding CXX object CMakeFiles/interfaces_pkg__rosidl_typesupport_fastrtps_cpp.dir/rosidl_typesupport_fastrtps_cpp/interfaces_pkg/msg/detail/dds_fastrtps/detection_array__type_support.cpp.o[0m
[6.270s] [ 66%] [32mBuilding CXX object CMakeFiles/interfaces_pkg__rosidl_typesupport_fastrtps_c.dir/rosidl_typesupport_fastrtps_c/interfaces_pkg/msg/detail/bounding_box3_d__type_support_c.cpp.o[0m
[6.291s] [ 67%] [32mBuilding CXX object CMakeFiles/interfaces_pkg__rosidl_typesupport_fastrtps_c.dir/rosidl_typesupport_fastrtps_c/interfaces_pkg/msg/detail/mask__type_support_c.cpp.o[0m
[6.298s] [ 68%] [32mBuilding C object CMakeFiles/interfaces_pkg__rosidl_typesupport_introspection_c.dir/rosidl_typesupport_introspection_c/interfaces_pkg/msg/detail/lane_info__type_support.c.o[0m
[6.322s] [ 69%] [32mBuilding CXX object CMakeFiles/interfaces_pkg__rosidl_typesupport_introspection_cpp.dir/rosidl_typesupport_introspection_cpp/interfaces_pkg/msg/detail/lane_info__type_support.cpp.o[0m
[6.323s] [ 69%] [32mBuilding C object CMakeFiles/interfaces_pkg__rosidl_typesupport_introspection_c.dir/rosidl_typesupport_introspection_c/interfaces_pkg/msg/detail/motion_command__type_support.c.o[0m
[6.342s] [ 69%] [32mBuilding CXX object CMakeFiles/interfaces_pkg__rosidl_typesupport_fastrtps_c.dir/rosidl_typesupport_fastrtps_c/interfaces_pkg/msg/detail/key_point2_d__type_support_c.cpp.o[0m
[6.355s] [ 70%] [32mBuilding C object CMakeFiles/interfaces_pkg__rosidl_typesupport_introspection_c.dir/rosidl_typesupport_introspection_c/interfaces_pkg/msg/detail/target_point__type_support.c.o[0m
[6.407s] [ 71%] [32mBuilding CXX object CMakeFiles/interfaces_pkg__rosidl_typesupport_introspection_cpp.dir/rosidl_typesupport_introspection_cpp/interfaces_pkg/msg/detail/motion_command__type_support.cpp.o[0m
[6.433s] [ 72%] [32mBuilding C object CMakeFiles/interfaces_pkg__rosidl_typesupport_introspection_c.dir/rosidl_typesupport_introspection_c/interfaces_pkg/msg/detail/path_planning_result__type_support.c.o[0m
[6.435s] [ 73%] [32mBuilding CXX object CMakeFiles/interfaces_pkg__rosidl_typesupport_fastrtps_cpp.dir/rosidl_typesupport_fastrtps_cpp/interfaces_pkg/msg/detail/dds_fastrtps/lane_info__type_support.cpp.o[0m
[6.448s] [ 73%] [32mBuilding CXX object CMakeFiles/interfaces_pkg__rosidl_typesupport_introspection_cpp.dir/rosidl_typesupport_introspection_cpp/interfaces_pkg/msg/detail/target_point__type_support.cpp.o[0m
[6.525s] [ 73%] [32m[1mLinking C shared library libinterfaces_pkg__rosidl_typesupport_introspection_c.so[0m
[6.529s] [ 73%] [32mBuilding CXX object CMakeFiles/interfaces_pkg__rosidl_typesupport_fastrtps_cpp.dir/rosidl_typesupport_fastrtps_cpp/interfaces_pkg/msg/detail/dds_fastrtps/motion_command__type_support.cpp.o[0m
[6.616s] [ 74%] [32mBuilding CXX object CMakeFiles/interfaces_pkg__rosidl_typesupport_fastrtps_cpp.dir/rosidl_typesupport_fastrtps_cpp/interfaces_pkg/msg/detail/dds_fastrtps/target_point__type_support.cpp.o[0m
[6.624s] [ 74%] Built target interfaces_pkg__rosidl_typesupport_introspection_c
[6.651s] [ 75%] [32mBuilding CXX object CMakeFiles/interfaces_pkg__rosidl_typesupport_introspection_cpp.dir/rosidl_typesupport_introspection_cpp/interfaces_pkg/msg/detail/path_planning_result__type_support.cpp.o[0m
[6.679s] [ 76%] [32mBuilding CXX object CMakeFiles/interfaces_pkg__rosidl_typesupport_fastrtps_c.dir/rosidl_typesupport_fastrtps_c/interfaces_pkg/msg/detail/key_point2_d_array__type_support_c.cpp.o[0m
[6.680s] [ 77%] [32mBuilding CXX object CMakeFiles/interfaces_pkg__rosidl_typesupport_fastrtps_cpp.dir/rosidl_typesupport_fastrtps_cpp/interfaces_pkg/msg/detail/dds_fastrtps/path_planning_result__type_support.cpp.o[0m
[6.688s] [ 78%] [32mBuilding CXX object CMakeFiles/interfaces_pkg__rosidl_typesupport_fastrtps_c.dir/rosidl_typesupport_fastrtps_c/interfaces_pkg/msg/detail/key_point3_d__type_support_c.cpp.o[0m
[6.692s] [ 78%] [32mBuilding CXX object CMakeFiles/interfaces_pkg__rosidl_typesupport_fastrtps_c.dir/rosidl_typesupport_fastrtps_c/interfaces_pkg/msg/detail/key_point3_d_array__type_support_c.cpp.o[0m
[6.740s] [ 79%] [32mBuilding CXX object CMakeFiles/interfaces_pkg__rosidl_typesupport_fastrtps_c.dir/rosidl_typesupport_fastrtps_c/interfaces_pkg/msg/detail/detection__type_support_c.cpp.o[0m
[6.787s] [ 80%] [32mBuilding CXX object CMakeFiles/interfaces_pkg__rosidl_typesupport_fastrtps_c.dir/rosidl_typesupport_fastrtps_c/interfaces_pkg/msg/detail/detection_array__type_support_c.cpp.o[0m
[6.834s] [ 80%] [32mBuilding CXX object CMakeFiles/interfaces_pkg__rosidl_typesupport_fastrtps_c.dir/rosidl_typesupport_fastrtps_c/interfaces_pkg/msg/detail/lane_info__type_support_c.cpp.o[0m
[6.857s] [ 81%] [32mBuilding CXX object CMakeFiles/interfaces_pkg__rosidl_typesupport_fastrtps_c.dir/rosidl_typesupport_fastrtps_c/interfaces_pkg/msg/detail/motion_command__type_support_c.cpp.o[0m
[6.896s] [ 82%] [32mBuilding CXX object CMakeFiles/interfaces_pkg__rosidl_typesupport_fastrtps_c.dir/rosidl_typesupport_fastrtps_c/interfaces_pkg/msg/detail/target_point__type_support_c.cpp.o[0m
[6.921s] [ 82%] [32mBuilding CXX object CMakeFiles/interfaces_pkg__rosidl_typesupport_fastrtps_c.dir/rosidl_typesupport_fastrtps_c/interfaces_pkg/msg/detail/path_planning_result__type_support_c.cpp.o[0m
[7.143s] [ 82%] [32m[1mLinking CXX shared library libinterfaces_pkg__rosidl_typesupport_fastrtps_cpp.so[0m
[7.201s] [ 83%] [32m[1mLinking CXX shared library libinterfaces_pkg__rosidl_typesupport_introspection_cpp.so[0m
[7.218s] [ 83%] Built target interfaces_pkg__rosidl_typesupport_fastrtps_cpp
[7.221s] [ 84%] [32m[1mLinking CXX shared library libinterfaces_pkg__rosidl_typesupport_fastrtps_c.so[0m
[7.280s] [ 84%] Built target interfaces_pkg__rosidl_typesupport_introspection_cpp
[7.296s] [ 84%] Built target interfaces_pkg__rosidl_typesupport_fastrtps_c
[7.316s] [ 84%] Built target interfaces_pkg
[7.337s] [ 85%] [34m[1mGenerating Python code for ROS interfaces[0m
[8.544s] [ 85%] Built target interfaces_pkg__py
[8.568s] [ 86%] [32mBuilding C object CMakeFiles/interfaces_pkg__rosidl_generator_py.dir/rosidl_generator_py/interfaces_pkg/msg/_bounding_box2_d_s.c.o[0m
[8.568s] [ 86%] [32mBuilding C object CMakeFiles/interfaces_pkg__rosidl_generator_py.dir/rosidl_generator_py/interfaces_pkg/msg/_pose2_d_s.c.o[0m
[8.568s] [ 87%] [32mBuilding C object CMakeFiles/interfaces_pkg__rosidl_generator_py.dir/rosidl_generator_py/interfaces_pkg/msg/_mask_s.c.o[0m
[8.568s] [ 88%] [32mBuilding C object CMakeFiles/interfaces_pkg__rosidl_generator_py.dir/rosidl_generator_py/interfaces_pkg/msg/_key_point2_d_s.c.o[0m
[8.568s] [ 88%] [32mBuilding C object CMakeFiles/interfaces_pkg__rosidl_generator_py.dir/rosidl_generator_py/interfaces_pkg/msg/_vector2_s.c.o[0m
[8.568s] [ 89%] [32mBuilding C object CMakeFiles/interfaces_pkg__rosidl_generator_py.dir/rosidl_generator_py/interfaces_pkg/msg/_key_point2_d_array_s.c.o[0m
[8.571s] [ 88%] [32mBuilding C object CMakeFiles/interfaces_pkg__rosidl_generator_py.dir/rosidl_generator_py/interfaces_pkg/msg/_key_point3_d_array_s.c.o[0m
[8.571s] [ 91%] [32mBuilding C object CMakeFiles/interfaces_pkg__rosidl_generator_py.dir/rosidl_generator_py/interfaces_pkg/msg/_bounding_box3_d_s.c.o[0m
[8.571s] [ 92%] [32mBuilding C object CMakeFiles/interfaces_pkg__rosidl_generator_py.dir/rosidl_generator_py/interfaces_pkg/msg/_key_point3_d_s.c.o[0m
[8.571s] [ 93%] [32mBuilding C object CMakeFiles/interfaces_pkg__rosidl_generator_py.dir/rosidl_generator_py/interfaces_pkg/msg/_detection_s.c.o[0m
[8.572s] [ 93%] [32mBuilding C object CMakeFiles/interfaces_pkg__rosidl_generator_py.dir/rosidl_generator_py/interfaces_pkg/msg/_detection_array_s.c.o[0m
[8.572s] [ 92%] [32mBuilding C object CMakeFiles/interfaces_pkg__rosidl_generator_py.dir/rosidl_generator_py/interfaces_pkg/msg/_point2_d_s.c.o[0m
[8.574s] [ 95%] [32mBuilding C object CMakeFiles/interfaces_pkg__rosidl_generator_py.dir/rosidl_generator_py/interfaces_pkg/msg/_target_point_s.c.o[0m
[8.574s] [ 95%] [32mBuilding C object CMakeFiles/interfaces_pkg__rosidl_generator_py.dir/rosidl_generator_py/interfaces_pkg/msg/_motion_command_s.c.o[0m
[8.578s] [ 95%] [32mBuilding C object CMakeFiles/interfaces_pkg__rosidl_generator_py.dir/rosidl_generator_py/interfaces_pkg/msg/_lane_info_s.c.o[0m
[8.582s] [ 95%] [32mBuilding C object CMakeFiles/interfaces_pkg__rosidl_generator_py.dir/rosidl_generator_py/interfaces_pkg/msg/_path_planning_result_s.c.o[0m
[8.731s] [ 96%] [32m[1mLinking C shared library rosidl_generator_py/interfaces_pkg/libinterfaces_pkg__rosidl_generator_py.so[0m
[8.771s] [ 96%] Built target interfaces_pkg__rosidl_generator_py
[8.790s] [ 98%] [32mBuilding C object CMakeFiles/interfaces_pkg__rosidl_typesupport_fastrtps_c__pyext.dir/rosidl_generator_py/interfaces_pkg/_interfaces_pkg_s.ep.rosidl_typesupport_fastrtps_c.c.o[0m
[8.790s] [ 98%] [32mBuilding C object CMakeFiles/interfaces_pkg__rosidl_typesupport_c__pyext.dir/rosidl_generator_py/interfaces_pkg/_interfaces_pkg_s.ep.rosidl_typesupport_c.c.o[0m
[8.790s] [ 99%] [32mBuilding C object CMakeFiles/interfaces_pkg__rosidl_typesupport_introspection_c__pyext.dir/rosidl_generator_py/interfaces_pkg/_interfaces_pkg_s.ep.rosidl_typesupport_introspection_c.c.o[0m
[8.885s] [100%] [32m[1mLinking C shared library rosidl_generator_py/interfaces_pkg/interfaces_pkg_s__rosidl_typesupport_c.cpython-310-x86_64-linux-gnu.so[0m
[8.886s] [100%] [32m[1mLinking C shared library rosidl_generator_py/interfaces_pkg/interfaces_pkg_s__rosidl_typesupport_introspection_c.cpython-310-x86_64-linux-gnu.so[0m
[8.886s] [100%] [32m[1mLinking C shared library rosidl_generator_py/interfaces_pkg/interfaces_pkg_s__rosidl_typesupport_fastrtps_c.cpython-310-x86_64-linux-gnu.so[0m
[8.919s] [100%] Built target interfaces_pkg__rosidl_typesupport_fastrtps_c__pyext
[8.919s] [100%] Built target interfaces_pkg__rosidl_typesupport_introspection_c__pyext
[8.919s] [100%] Built target interfaces_pkg__rosidl_typesupport_c__pyext
[8.934s] Invoked command in '/home/jsmoon/yax_jeju/build/interfaces_pkg' returned '0': CMAKE_PREFIX_PATH=${CMAKE_PREFIX_PATH}:/opt/ros/humble /usr/bin/cmake --build /home/jsmoon/yax_jeju/build/interfaces_pkg -- -j16 -l16
[8.936s] Invoking command in '/home/jsmoon/yax_jeju/build/interfaces_pkg': CMAKE_PREFIX_PATH=${CMAKE_PREFIX_PATH}:/opt/ros/humble /usr/bin/cmake --install /home/jsmoon/yax_jeju/build/interfaces_pkg
[8.942s] -- Install configuration: ""
[8.943s] -- Execute custom install script
[8.943s] -- Symlinking: /home/jsmoon/yax_jeju/install/interfaces_pkg/share/ament_index/resource_index/rosidl_interfaces/interfaces_pkg
[8.952s] -- Symlinking: /home/jsmoon/yax_jeju/install/interfaces_pkg/include/interfaces_pkg/interfaces_pkg/msg/bounding_box2_d.h
[8.960s] -- Symlinking: /home/jsmoon/yax_jeju/install/interfaces_pkg/include/interfaces_pkg/interfaces_pkg/msg/bounding_box3_d.h
[8.968s] -- Symlinking: /home/jsmoon/yax_jeju/install/interfaces_pkg/include/interfaces_pkg/interfaces_pkg/msg/detail/bounding_box2_d__functions.h
[8.975s] -- Symlinking: /home/jsmoon/yax_jeju/install/interfaces_pkg/include/interfaces_pkg/interfaces_pkg/msg/detail/bounding_box2_d__struct.h
[8.983s] -- Symlinking: /home/jsmoon/yax_jeju/install/interfaces_pkg/include/interfaces_pkg/interfaces_pkg/msg/detail/bounding_box2_d__type_support.h
[8.991s] -- Symlinking: /home/jsmoon/yax_jeju/install/interfaces_pkg/include/interfaces_pkg/interfaces_pkg/msg/detail/bounding_box3_d__functions.h
[8.999s] -- Symlinking: /home/jsmoon/yax_jeju/install/interfaces_pkg/include/interfaces_pkg/interfaces_pkg/msg/detail/bounding_box3_d__struct.h
[9.007s] -- Symlinking: /home/jsmoon/yax_jeju/install/interfaces_pkg/include/interfaces_pkg/interfaces_pkg/msg/detail/bounding_box3_d__type_support.h
[9.016s] -- Symlinking: /home/jsmoon/yax_jeju/install/interfaces_pkg/include/interfaces_pkg/interfaces_pkg/msg/detail/detection__functions.h
[9.025s] -- Symlinking: /home/jsmoon/yax_jeju/install/interfaces_pkg/include/interfaces_pkg/interfaces_pkg/msg/detail/detection__struct.h
[9.035s] -- Symlinking: /home/jsmoon/yax_jeju/install/interfaces_pkg/include/interfaces_pkg/interfaces_pkg/msg/detail/detection__type_support.h
[9.042s] -- Symlinking: /home/jsmoon/yax_jeju/install/interfaces_pkg/include/interfaces_pkg/interfaces_pkg/msg/detail/detection_array__functions.h
[9.050s] -- Symlinking: /home/jsmoon/yax_jeju/install/interfaces_pkg/include/interfaces_pkg/interfaces_pkg/msg/detail/detection_array__struct.h
[9.058s] -- Symlinking: /home/jsmoon/yax_jeju/install/interfaces_pkg/include/interfaces_pkg/interfaces_pkg/msg/detail/detection_array__type_support.h
[9.068s] -- Symlinking: /home/jsmoon/yax_jeju/install/interfaces_pkg/include/interfaces_pkg/interfaces_pkg/msg/detail/key_point2_d__functions.h
[9.076s] -- Symlinking: /home/jsmoon/yax_jeju/install/interfaces_pkg/include/interfaces_pkg/interfaces_pkg/msg/detail/key_point2_d__struct.h
[9.086s] -- Symlinking: /home/jsmoon/yax_jeju/install/interfaces_pkg/include/interfaces_pkg/interfaces_pkg/msg/detail/key_point2_d__type_support.h
[9.094s] -- Symlinking: /home/jsmoon/yax_jeju/install/interfaces_pkg/include/interfaces_pkg/interfaces_pkg/msg/detail/key_point2_d_array__functions.h
[9.103s] -- Symlinking: /home/jsmoon/yax_jeju/install/interfaces_pkg/include/interfaces_pkg/interfaces_pkg/msg/detail/key_point2_d_array__struct.h
[9.110s] -- Symlinking: /home/jsmoon/yax_jeju/install/interfaces_pkg/include/interfaces_pkg/interfaces_pkg/msg/detail/key_point2_d_array__type_support.h
[9.120s] -- Symlinking: /home/jsmoon/yax_jeju/install/interfaces_pkg/include/interfaces_pkg/interfaces_pkg/msg/detail/key_point3_d__functions.h
[9.128s] -- Symlinking: /home/jsmoon/yax_jeju/install/interfaces_pkg/include/interfaces_pkg/interfaces_pkg/msg/detail/key_point3_d__struct.h
[9.136s] -- Symlinking: /home/jsmoon/yax_jeju/install/interfaces_pkg/include/interfaces_pkg/interfaces_pkg/msg/detail/key_point3_d__type_support.h
[9.145s] -- Symlinking: /home/jsmoon/yax_jeju/install/interfaces_pkg/include/interfaces_pkg/interfaces_pkg/msg/detail/key_point3_d_array__functions.h
[9.154s] -- Symlinking: /home/jsmoon/yax_jeju/install/interfaces_pkg/include/interfaces_pkg/interfaces_pkg/msg/detail/key_point3_d_array__struct.h
[9.163s] -- Symlinking: /home/jsmoon/yax_jeju/install/interfaces_pkg/include/interfaces_pkg/interfaces_pkg/msg/detail/key_point3_d_array__type_support.h
[9.172s] -- Symlinking: /home/jsmoon/yax_jeju/install/interfaces_pkg/include/interfaces_pkg/interfaces_pkg/msg/detail/lane_info__functions.h
[9.181s] -- Symlinking: /home/jsmoon/yax_jeju/install/interfaces_pkg/include/interfaces_pkg/interfaces_pkg/msg/detail/lane_info__struct.h
[9.190s] -- Symlinking: /home/jsmoon/yax_jeju/install/interfaces_pkg/include/interfaces_pkg/interfaces_pkg/msg/detail/lane_info__type_support.h
[9.198s] -- Symlinking: /home/jsmoon/yax_jeju/install/interfaces_pkg/include/interfaces_pkg/interfaces_pkg/msg/detail/mask__functions.h
[9.206s] -- Symlinking: /home/jsmoon/yax_jeju/install/interfaces_pkg/include/interfaces_pkg/interfaces_pkg/msg/detail/mask__struct.h
[9.215s] -- Symlinking: /home/jsmoon/yax_jeju/install/interfaces_pkg/include/interfaces_pkg/interfaces_pkg/msg/detail/mask__type_support.h
[9.223s] -- Symlinking: /home/jsmoon/yax_jeju/install/interfaces_pkg/include/interfaces_pkg/interfaces_pkg/msg/detail/motion_command__functions.h
[9.232s] -- Symlinking: /home/jsmoon/yax_jeju/install/interfaces_pkg/include/interfaces_pkg/interfaces_pkg/msg/detail/motion_command__struct.h
[9.240s] -- Symlinking: /home/jsmoon/yax_jeju/install/interfaces_pkg/include/interfaces_pkg/interfaces_pkg/msg/detail/motion_command__type_support.h
[9.249s] -- Symlinking: /home/jsmoon/yax_jeju/install/interfaces_pkg/include/interfaces_pkg/interfaces_pkg/msg/detail/path_planning_result__functions.h
[9.258s] -- Symlinking: /home/jsmoon/yax_jeju/install/interfaces_pkg/include/interfaces_pkg/interfaces_pkg/msg/detail/path_planning_result__struct.h
[9.266s] -- Symlinking: /home/jsmoon/yax_jeju/install/interfaces_pkg/include/interfaces_pkg/interfaces_pkg/msg/detail/path_planning_result__type_support.h
[9.274s] -- Symlinking: /home/jsmoon/yax_jeju/install/interfaces_pkg/include/interfaces_pkg/interfaces_pkg/msg/detail/point2_d__functions.h
[9.283s] -- Symlinking: /home/jsmoon/yax_jeju/install/interfaces_pkg/include/interfaces_pkg/interfaces_pkg/msg/detail/point2_d__struct.h
[9.291s] -- Symlinking: /home/jsmoon/yax_jeju/install/interfaces_pkg/include/interfaces_pkg/interfaces_pkg/msg/detail/point2_d__type_support.h
[9.301s] -- Symlinking: /home/jsmoon/yax_jeju/install/interfaces_pkg/include/interfaces_pkg/interfaces_pkg/msg/detail/pose2_d__functions.h
[9.311s] -- Symlinking: /home/jsmoon/yax_jeju/install/interfaces_pkg/include/interfaces_pkg/interfaces_pkg/msg/detail/pose2_d__struct.h
[9.321s] -- Symlinking: /home/jsmoon/yax_jeju/install/interfaces_pkg/include/interfaces_pkg/interfaces_pkg/msg/detail/pose2_d__type_support.h
[9.328s] -- Symlinking: /home/jsmoon/yax_jeju/install/interfaces_pkg/include/interfaces_pkg/interfaces_pkg/msg/detail/target_point__functions.h
[9.339s] -- Symlinking: /home/jsmoon/yax_jeju/install/interfaces_pkg/include/interfaces_pkg/interfaces_pkg/msg/detail/target_point__struct.h
[9.346s] -- Symlinking: /home/jsmoon/yax_jeju/install/interfaces_pkg/include/interfaces_pkg/interfaces_pkg/msg/detail/target_point__type_support.h
[9.355s] -- Symlinking: /home/jsmoon/yax_jeju/install/interfaces_pkg/include/interfaces_pkg/interfaces_pkg/msg/detail/vector2__functions.h
[9.363s] -- Symlinking: /home/jsmoon/yax_jeju/install/interfaces_pkg/include/interfaces_pkg/interfaces_pkg/msg/detail/vector2__struct.h
[9.371s] -- Symlinking: /home/jsmoon/yax_jeju/install/interfaces_pkg/include/interfaces_pkg/interfaces_pkg/msg/detail/vector2__type_support.h
[9.378s] -- Symlinking: /home/jsmoon/yax_jeju/install/interfaces_pkg/include/interfaces_pkg/interfaces_pkg/msg/detection.h
[9.387s] -- Symlinking: /home/jsmoon/yax_jeju/install/interfaces_pkg/include/interfaces_pkg/interfaces_pkg/msg/detection_array.h
[9.395s] -- Symlinking: /home/jsmoon/yax_jeju/install/interfaces_pkg/include/interfaces_pkg/interfaces_pkg/msg/key_point2_d.h
[9.403s] -- Symlinking: /home/jsmoon/yax_jeju/install/interfaces_pkg/include/interfaces_pkg/interfaces_pkg/msg/key_point2_d_array.h
[9.411s] -- Symlinking: /home/jsmoon/yax_jeju/install/interfaces_pkg/include/interfaces_pkg/interfaces_pkg/msg/key_point3_d.h
[9.419s] -- Symlinking: /home/jsmoon/yax_jeju/install/interfaces_pkg/include/interfaces_pkg/interfaces_pkg/msg/key_point3_d_array.h
[9.427s] -- Symlinking: /home/jsmoon/yax_jeju/install/interfaces_pkg/include/interfaces_pkg/interfaces_pkg/msg/lane_info.h
[9.439s] -- Symlinking: /home/jsmoon/yax_jeju/install/interfaces_pkg/include/interfaces_pkg/interfaces_pkg/msg/mask.h
[9.448s] -- Symlinking: /home/jsmoon/yax_jeju/install/interfaces_pkg/include/interfaces_pkg/interfaces_pkg/msg/motion_command.h
[9.456s] -- Symlinking: /home/jsmoon/yax_jeju/install/interfaces_pkg/include/interfaces_pkg/interfaces_pkg/msg/path_planning_result.h
[9.463s] -- Symlinking: /home/jsmoon/yax_jeju/install/interfaces_pkg/include/interfaces_pkg/interfaces_pkg/msg/point2_d.h
[9.472s] -- Symlinking: /home/jsmoon/yax_jeju/install/interfaces_pkg/include/interfaces_pkg/interfaces_pkg/msg/pose2_d.h
[9.482s] -- Symlinking: /home/jsmoon/yax_jeju/install/interfaces_pkg/include/interfaces_pkg/interfaces_pkg/msg/rosidl_generator_c__visibility_control.h
[9.491s] -- Symlinking: /home/jsmoon/yax_jeju/install/interfaces_pkg/include/interfaces_pkg/interfaces_pkg/msg/target_point.h
[9.500s] -- Symlinking: /home/jsmoon/yax_jeju/install/interfaces_pkg/include/interfaces_pkg/interfaces_pkg/msg/vector2.h
[9.508s] -- Symlinking: /home/jsmoon/yax_jeju/install/interfaces_pkg/share/interfaces_pkg/environment/library_path.sh
[9.517s] -- Symlinking: /home/jsmoon/yax_jeju/install/interfaces_pkg/share/interfaces_pkg/environment/library_path.dsv
[9.526s] -- Symlinking: /home/jsmoon/yax_jeju/install/interfaces_pkg/include/interfaces_pkg/interfaces_pkg/msg/detail/bounding_box2_d__rosidl_typesupport_fastrtps_c.h
[9.536s] -- Symlinking: /home/jsmoon/yax_jeju/install/interfaces_pkg/include/interfaces_pkg/interfaces_pkg/msg/detail/bounding_box3_d__rosidl_typesupport_fastrtps_c.h
[9.545s] -- Symlinking: /home/jsmoon/yax_jeju/install/interfaces_pkg/include/interfaces_pkg/interfaces_pkg/msg/detail/detection__rosidl_typesupport_fastrtps_c.h
[9.554s] -- Symlinking: /home/jsmoon/yax_jeju/install/interfaces_pkg/include/interfaces_pkg/interfaces_pkg/msg/detail/detection_array__rosidl_typesupport_fastrtps_c.h
[9.565s] -- Symlinking: /home/jsmoon/yax_jeju/install/interfaces_pkg/include/interfaces_pkg/interfaces_pkg/msg/detail/key_point2_d__rosidl_typesupport_fastrtps_c.h
[9.574s] -- Symlinking: /home/jsmoon/yax_jeju/install/interfaces_pkg/include/interfaces_pkg/interfaces_pkg/msg/detail/key_point2_d_array__rosidl_typesupport_fastrtps_c.h
[9.582s] -- Symlinking: /home/jsmoon/yax_jeju/install/interfaces_pkg/include/interfaces_pkg/interfaces_pkg/msg/detail/key_point3_d__rosidl_typesupport_fastrtps_c.h
[9.589s] -- Symlinking: /home/jsmoon/yax_jeju/install/interfaces_pkg/include/interfaces_pkg/interfaces_pkg/msg/detail/key_point3_d_array__rosidl_typesupport_fastrtps_c.h
[9.596s] -- Symlinking: /home/jsmoon/yax_jeju/install/interfaces_pkg/include/interfaces_pkg/interfaces_pkg/msg/detail/lane_info__rosidl_typesupport_fastrtps_c.h
[9.604s] -- Symlinking: /home/jsmoon/yax_jeju/install/interfaces_pkg/include/interfaces_pkg/interfaces_pkg/msg/detail/mask__rosidl_typesupport_fastrtps_c.h
[9.613s] -- Symlinking: /home/jsmoon/yax_jeju/install/interfaces_pkg/include/interfaces_pkg/interfaces_pkg/msg/detail/motion_command__rosidl_typesupport_fastrtps_c.h
[9.621s] -- Symlinking: /home/jsmoon/yax_jeju/install/interfaces_pkg/include/interfaces_pkg/interfaces_pkg/msg/detail/path_planning_result__rosidl_typesupport_fastrtps_c.h
[9.630s] -- Symlinking: /home/jsmoon/yax_jeju/install/interfaces_pkg/include/interfaces_pkg/interfaces_pkg/msg/detail/point2_d__rosidl_typesupport_fastrtps_c.h
[9.641s] -- Symlinking: /home/jsmoon/yax_jeju/install/interfaces_pkg/include/interfaces_pkg/interfaces_pkg/msg/detail/pose2_d__rosidl_typesupport_fastrtps_c.h
[9.652s] -- Symlinking: /home/jsmoon/yax_jeju/install/interfaces_pkg/include/interfaces_pkg/interfaces_pkg/msg/detail/target_point__rosidl_typesupport_fastrtps_c.h
[9.661s] -- Symlinking: /home/jsmoon/yax_jeju/install/interfaces_pkg/include/interfaces_pkg/interfaces_pkg/msg/detail/vector2__rosidl_typesupport_fastrtps_c.h
[9.669s] -- Symlinking: /home/jsmoon/yax_jeju/install/interfaces_pkg/include/interfaces_pkg/interfaces_pkg/msg/rosidl_typesupport_fastrtps_c__visibility_control.h
[9.679s] -- Symlinking: /home/jsmoon/yax_jeju/install/interfaces_pkg/include/interfaces_pkg/interfaces_pkg/msg/detail/bounding_box2_d__rosidl_typesupport_introspection_c.h
[9.687s] -- Symlinking: /home/jsmoon/yax_jeju/install/interfaces_pkg/include/interfaces_pkg/interfaces_pkg/msg/detail/bounding_box3_d__rosidl_typesupport_introspection_c.h
[9.698s] -- Symlinking: /home/jsmoon/yax_jeju/install/interfaces_pkg/include/interfaces_pkg/interfaces_pkg/msg/detail/detection__rosidl_typesupport_introspection_c.h
[9.706s] -- Symlinking: /home/jsmoon/yax_jeju/install/interfaces_pkg/include/interfaces_pkg/interfaces_pkg/msg/detail/detection_array__rosidl_typesupport_introspection_c.h
[9.716s] -- Symlinking: /home/jsmoon/yax_jeju/install/interfaces_pkg/include/interfaces_pkg/interfaces_pkg/msg/detail/key_point2_d__rosidl_typesupport_introspection_c.h
[9.725s] -- Symlinking: /home/jsmoon/yax_jeju/install/interfaces_pkg/include/interfaces_pkg/interfaces_pkg/msg/detail/key_point2_d_array__rosidl_typesupport_introspection_c.h
[9.734s] -- Symlinking: /home/jsmoon/yax_jeju/install/interfaces_pkg/include/interfaces_pkg/interfaces_pkg/msg/detail/key_point3_d__rosidl_typesupport_introspection_c.h
[9.743s] -- Symlinking: /home/jsmoon/yax_jeju/install/interfaces_pkg/include/interfaces_pkg/interfaces_pkg/msg/detail/key_point3_d_array__rosidl_typesupport_introspection_c.h
[9.751s] -- Symlinking: /home/jsmoon/yax_jeju/install/interfaces_pkg/include/interfaces_pkg/interfaces_pkg/msg/detail/lane_info__rosidl_typesupport_introspection_c.h
[9.761s] -- Symlinking: /home/jsmoon/yax_jeju/install/interfaces_pkg/include/interfaces_pkg/interfaces_pkg/msg/detail/mask__rosidl_typesupport_introspection_c.h
[9.769s] -- Symlinking: /home/jsmoon/yax_jeju/install/interfaces_pkg/include/interfaces_pkg/interfaces_pkg/msg/detail/motion_command__rosidl_typesupport_introspection_c.h
[9.779s] -- Symlinking: /home/jsmoon/yax_jeju/install/interfaces_pkg/include/interfaces_pkg/interfaces_pkg/msg/detail/path_planning_result__rosidl_typesupport_introspection_c.h
[9.788s] -- Symlinking: /home/jsmoon/yax_jeju/install/interfaces_pkg/include/interfaces_pkg/interfaces_pkg/msg/detail/point2_d__rosidl_typesupport_introspection_c.h
[9.800s] -- Symlinking: /home/jsmoon/yax_jeju/install/interfaces_pkg/include/interfaces_pkg/interfaces_pkg/msg/detail/pose2_d__rosidl_typesupport_introspection_c.h
[9.809s] -- Symlinking: /home/jsmoon/yax_jeju/install/interfaces_pkg/include/interfaces_pkg/interfaces_pkg/msg/detail/target_point__rosidl_typesupport_introspection_c.h
[9.817s] -- Symlinking: /home/jsmoon/yax_jeju/install/interfaces_pkg/include/interfaces_pkg/interfaces_pkg/msg/detail/vector2__rosidl_typesupport_introspection_c.h
[9.825s] -- Symlinking: /home/jsmoon/yax_jeju/install/interfaces_pkg/include/interfaces_pkg/interfaces_pkg/msg/rosidl_typesupport_introspection_c__visibility_control.h
[9.835s] -- Symlinking: /home/jsmoon/yax_jeju/install/interfaces_pkg/include/interfaces_pkg/interfaces_pkg/msg/bounding_box2_d.hpp
[9.843s] -- Symlinking: /home/jsmoon/yax_jeju/install/interfaces_pkg/include/interfaces_pkg/interfaces_pkg/msg/bounding_box3_d.hpp
[9.851s] -- Symlinking: /home/jsmoon/yax_jeju/install/interfaces_pkg/include/interfaces_pkg/interfaces_pkg/msg/detail/bounding_box2_d__builder.hpp
[9.859s] -- Symlinking: /home/jsmoon/yax_jeju/install/interfaces_pkg/include/interfaces_pkg/interfaces_pkg/msg/detail/bounding_box2_d__struct.hpp
[9.869s] -- Symlinking: /home/jsmoon/yax_jeju/install/interfaces_pkg/include/interfaces_pkg/interfaces_pkg/msg/detail/bounding_box2_d__traits.hpp
[9.877s] -- Symlinking: /home/jsmoon/yax_jeju/install/interfaces_pkg/include/interfaces_pkg/interfaces_pkg/msg/detail/bounding_box2_d__type_support.hpp
[9.886s] -- Symlinking: /home/jsmoon/yax_jeju/install/interfaces_pkg/include/interfaces_pkg/interfaces_pkg/msg/detail/bounding_box3_d__builder.hpp
[9.894s] -- Symlinking: /home/jsmoon/yax_jeju/install/interfaces_pkg/include/interfaces_pkg/interfaces_pkg/msg/detail/bounding_box3_d__struct.hpp
[9.901s] -- Symlinking: /home/jsmoon/yax_jeju/install/interfaces_pkg/include/interfaces_pkg/interfaces_pkg/msg/detail/bounding_box3_d__traits.hpp
[9.909s] -- Symlinking: /home/jsmoon/yax_jeju/install/interfaces_pkg/include/interfaces_pkg/interfaces_pkg/msg/detail/bounding_box3_d__type_support.hpp
[9.917s] -- Symlinking: /home/jsmoon/yax_jeju/install/interfaces_pkg/include/interfaces_pkg/interfaces_pkg/msg/detail/detection__builder.hpp
[9.924s] -- Symlinking: /home/jsmoon/yax_jeju/install/interfaces_pkg/include/interfaces_pkg/interfaces_pkg/msg/detail/detection__struct.hpp
[9.933s] -- Symlinking: /home/jsmoon/yax_jeju/install/interfaces_pkg/include/interfaces_pkg/interfaces_pkg/msg/detail/detection__traits.hpp
[9.941s] -- Symlinking: /home/jsmoon/yax_jeju/install/interfaces_pkg/include/interfaces_pkg/interfaces_pkg/msg/detail/detection__type_support.hpp
[9.951s] -- Symlinking: /home/jsmoon/yax_jeju/install/interfaces_pkg/include/interfaces_pkg/interfaces_pkg/msg/detail/detection_array__builder.hpp
[9.959s] -- Symlinking: /home/jsmoon/yax_jeju/install/interfaces_pkg/include/interfaces_pkg/interfaces_pkg/msg/detail/detection_array__struct.hpp
[9.967s] -- Symlinking: /home/jsmoon/yax_jeju/install/interfaces_pkg/include/interfaces_pkg/interfaces_pkg/msg/detail/detection_array__traits.hpp
[9.975s] -- Symlinking: /home/jsmoon/yax_jeju/install/interfaces_pkg/include/interfaces_pkg/interfaces_pkg/msg/detail/detection_array__type_support.hpp
[9.983s] -- Symlinking: /home/jsmoon/yax_jeju/install/interfaces_pkg/include/interfaces_pkg/interfaces_pkg/msg/detail/key_point2_d__builder.hpp
[9.990s] -- Symlinking: /home/jsmoon/yax_jeju/install/interfaces_pkg/include/interfaces_pkg/interfaces_pkg/msg/detail/key_point2_d__struct.hpp
[9.998s] -- Symlinking: /home/jsmoon/yax_jeju/install/interfaces_pkg/include/interfaces_pkg/interfaces_pkg/msg/detail/key_point2_d__traits.hpp
[10.006s] -- Symlinking: /home/jsmoon/yax_jeju/install/interfaces_pkg/include/interfaces_pkg/interfaces_pkg/msg/detail/key_point2_d__type_support.hpp
[10.013s] -- Symlinking: /home/jsmoon/yax_jeju/install/interfaces_pkg/include/interfaces_pkg/interfaces_pkg/msg/detail/key_point2_d_array__builder.hpp
[10.022s] -- Symlinking: /home/jsmoon/yax_jeju/install/interfaces_pkg/include/interfaces_pkg/interfaces_pkg/msg/detail/key_point2_d_array__struct.hpp
[10.031s] -- Symlinking: /home/jsmoon/yax_jeju/install/interfaces_pkg/include/interfaces_pkg/interfaces_pkg/msg/detail/key_point2_d_array__traits.hpp
[10.041s] -- Symlinking: /home/jsmoon/yax_jeju/install/interfaces_pkg/include/interfaces_pkg/interfaces_pkg/msg/detail/key_point2_d_array__type_support.hpp
[10.049s] -- Symlinking: /home/jsmoon/yax_jeju/install/interfaces_pkg/include/interfaces_pkg/interfaces_pkg/msg/detail/key_point3_d__builder.hpp
[10.058s] -- Symlinking: /home/jsmoon/yax_jeju/install/interfaces_pkg/include/interfaces_pkg/interfaces_pkg/msg/detail/key_point3_d__struct.hpp
[10.066s] -- Symlinking: /home/jsmoon/yax_jeju/install/interfaces_pkg/include/interfaces_pkg/interfaces_pkg/msg/detail/key_point3_d__traits.hpp
[10.073s] -- Symlinking: /home/jsmoon/yax_jeju/install/interfaces_pkg/include/interfaces_pkg/interfaces_pkg/msg/detail/key_point3_d__type_support.hpp
[10.080s] -- Symlinking: /home/jsmoon/yax_jeju/install/interfaces_pkg/include/interfaces_pkg/interfaces_pkg/msg/detail/key_point3_d_array__builder.hpp
[10.088s] -- Symlinking: /home/jsmoon/yax_jeju/install/interfaces_pkg/include/interfaces_pkg/interfaces_pkg/msg/detail/key_point3_d_array__struct.hpp
[10.096s] -- Symlinking: /home/jsmoon/yax_jeju/install/interfaces_pkg/include/interfaces_pkg/interfaces_pkg/msg/detail/key_point3_d_array__traits.hpp
[10.105s] -- Symlinking: /home/jsmoon/yax_jeju/install/interfaces_pkg/include/interfaces_pkg/interfaces_pkg/msg/detail/key_point3_d_array__type_support.hpp
[10.113s] -- Symlinking: /home/jsmoon/yax_jeju/install/interfaces_pkg/include/interfaces_pkg/interfaces_pkg/msg/detail/lane_info__builder.hpp
[10.121s] -- Symlinking: /home/jsmoon/yax_jeju/install/interfaces_pkg/include/interfaces_pkg/interfaces_pkg/msg/detail/lane_info__struct.hpp
[10.129s] -- Symlinking: /home/jsmoon/yax_jeju/install/interfaces_pkg/include/interfaces_pkg/interfaces_pkg/msg/detail/lane_info__traits.hpp
[10.137s] -- Symlinking: /home/jsmoon/yax_jeju/install/interfaces_pkg/include/interfaces_pkg/interfaces_pkg/msg/detail/lane_info__type_support.hpp
[10.145s] -- Symlinking: /home/jsmoon/yax_jeju/install/interfaces_pkg/include/interfaces_pkg/interfaces_pkg/msg/detail/mask__builder.hpp
[10.154s] -- Symlinking: /home/jsmoon/yax_jeju/install/interfaces_pkg/include/interfaces_pkg/interfaces_pkg/msg/detail/mask__struct.hpp
[10.161s] -- Symlinking: /home/jsmoon/yax_jeju/install/interfaces_pkg/include/interfaces_pkg/interfaces_pkg/msg/detail/mask__traits.hpp
[10.168s] -- Symlinking: /home/jsmoon/yax_jeju/install/interfaces_pkg/include/interfaces_pkg/interfaces_pkg/msg/detail/mask__type_support.hpp
[10.176s] -- Symlinking: /home/jsmoon/yax_jeju/install/interfaces_pkg/include/interfaces_pkg/interfaces_pkg/msg/detail/motion_command__builder.hpp
[10.183s] -- Symlinking: /home/jsmoon/yax_jeju/install/interfaces_pkg/include/interfaces_pkg/interfaces_pkg/msg/detail/motion_command__struct.hpp
[10.192s] -- Symlinking: /home/jsmoon/yax_jeju/install/interfaces_pkg/include/interfaces_pkg/interfaces_pkg/msg/detail/motion_command__traits.hpp
[10.201s] -- Symlinking: /home/jsmoon/yax_jeju/install/interfaces_pkg/include/interfaces_pkg/interfaces_pkg/msg/detail/motion_command__type_support.hpp
[10.210s] -- Symlinking: /home/jsmoon/yax_jeju/install/interfaces_pkg/include/interfaces_pkg/interfaces_pkg/msg/detail/path_planning_result__builder.hpp
[10.219s] -- Symlinking: /home/jsmoon/yax_jeju/install/interfaces_pkg/include/interfaces_pkg/interfaces_pkg/msg/detail/path_planning_result__struct.hpp
[10.228s] -- Symlinking: /home/jsmoon/yax_jeju/install/interfaces_pkg/include/interfaces_pkg/interfaces_pkg/msg/detail/path_planning_result__traits.hpp
[10.235s] -- Symlinking: /home/jsmoon/yax_jeju/install/interfaces_pkg/include/interfaces_pkg/interfaces_pkg/msg/detail/path_planning_result__type_support.hpp
[10.243s] -- Symlinking: /home/jsmoon/yax_jeju/install/interfaces_pkg/include/interfaces_pkg/interfaces_pkg/msg/detail/point2_d__builder.hpp
[10.251s] -- Symlinking: /home/jsmoon/yax_jeju/install/interfaces_pkg/include/interfaces_pkg/interfaces_pkg/msg/detail/point2_d__struct.hpp
[10.259s] -- Symlinking: /home/jsmoon/yax_jeju/install/interfaces_pkg/include/interfaces_pkg/interfaces_pkg/msg/detail/point2_d__traits.hpp
[10.269s] -- Symlinking: /home/jsmoon/yax_jeju/install/interfaces_pkg/include/interfaces_pkg/interfaces_pkg/msg/detail/point2_d__type_support.hpp
[10.278s] -- Symlinking: /home/jsmoon/yax_jeju/install/interfaces_pkg/include/interfaces_pkg/interfaces_pkg/msg/detail/pose2_d__builder.hpp
[10.287s] -- Symlinking: /home/jsmoon/yax_jeju/install/interfaces_pkg/include/interfaces_pkg/interfaces_pkg/msg/detail/pose2_d__struct.hpp
[10.294s] -- Symlinking: /home/jsmoon/yax_jeju/install/interfaces_pkg/include/interfaces_pkg/interfaces_pkg/msg/detail/pose2_d__traits.hpp
[10.301s] -- Symlinking: /home/jsmoon/yax_jeju/install/interfaces_pkg/include/interfaces_pkg/interfaces_pkg/msg/detail/pose2_d__type_support.hpp
[10.310s] -- Symlinking: /home/jsmoon/yax_jeju/install/interfaces_pkg/include/interfaces_pkg/interfaces_pkg/msg/detail/target_point__builder.hpp
[10.318s] -- Symlinking: /home/jsmoon/yax_jeju/install/interfaces_pkg/include/interfaces_pkg/interfaces_pkg/msg/detail/target_point__struct.hpp
[10.325s] -- Symlinking: /home/jsmoon/yax_jeju/install/interfaces_pkg/include/interfaces_pkg/interfaces_pkg/msg/detail/target_point__traits.hpp
[10.333s] -- Symlinking: /home/jsmoon/yax_jeju/install/interfaces_pkg/include/interfaces_pkg/interfaces_pkg/msg/detail/target_point__type_support.hpp
[10.342s] -- Symlinking: /home/jsmoon/yax_jeju/install/interfaces_pkg/include/interfaces_pkg/interfaces_pkg/msg/detail/vector2__builder.hpp
[10.350s] -- Symlinking: /home/jsmoon/yax_jeju/install/interfaces_pkg/include/interfaces_pkg/interfaces_pkg/msg/detail/vector2__struct.hpp
[10.360s] -- Symlinking: /home/jsmoon/yax_jeju/install/interfaces_pkg/include/interfaces_pkg/interfaces_pkg/msg/detail/vector2__traits.hpp
[10.368s] -- Symlinking: /home/jsmoon/yax_jeju/install/interfaces_pkg/include/interfaces_pkg/interfaces_pkg/msg/detail/vector2__type_support.hpp
[10.376s] -- Symlinking: /home/jsmoon/yax_jeju/install/interfaces_pkg/include/interfaces_pkg/interfaces_pkg/msg/detection.hpp
[10.384s] -- Symlinking: /home/jsmoon/yax_jeju/install/interfaces_pkg/include/interfaces_pkg/interfaces_pkg/msg/detection_array.hpp
[10.392s] -- Symlinking: /home/jsmoon/yax_jeju/install/interfaces_pkg/include/interfaces_pkg/interfaces_pkg/msg/key_point2_d.hpp
[10.399s] -- Symlinking: /home/jsmoon/yax_jeju/install/interfaces_pkg/include/interfaces_pkg/interfaces_pkg/msg/key_point2_d_array.hpp
[10.407s] -- Symlinking: /home/jsmoon/yax_jeju/install/interfaces_pkg/include/interfaces_pkg/interfaces_pkg/msg/key_point3_d.hpp
[10.414s] -- Symlinking: /home/jsmoon/yax_jeju/install/interfaces_pkg/include/interfaces_pkg/interfaces_pkg/msg/key_point3_d_array.hpp
[10.423s] -- Symlinking: /home/jsmoon/yax_jeju/install/interfaces_pkg/include/interfaces_pkg/interfaces_pkg/msg/lane_info.hpp
[10.431s] -- Symlinking: /home/jsmoon/yax_jeju/install/interfaces_pkg/include/interfaces_pkg/interfaces_pkg/msg/mask.hpp
[10.440s] -- Symlinking: /home/jsmoon/yax_jeju/install/interfaces_pkg/include/interfaces_pkg/interfaces_pkg/msg/motion_command.hpp
[10.448s] -- Symlinking: /home/jsmoon/yax_jeju/install/interfaces_pkg/include/interfaces_pkg/interfaces_pkg/msg/path_planning_result.hpp
[10.455s] -- Symlinking: /home/jsmoon/yax_jeju/install/interfaces_pkg/include/interfaces_pkg/interfaces_pkg/msg/point2_d.hpp
[10.462s] -- Symlinking: /home/jsmoon/yax_jeju/install/interfaces_pkg/include/interfaces_pkg/interfaces_pkg/msg/pose2_d.hpp
[10.469s] -- Symlinking: /home/jsmoon/yax_jeju/install/interfaces_pkg/include/interfaces_pkg/interfaces_pkg/msg/rosidl_generator_cpp__visibility_control.hpp
[10.476s] -- Symlinking: /home/jsmoon/yax_jeju/install/interfaces_pkg/include/interfaces_pkg/interfaces_pkg/msg/target_point.hpp
[10.485s] -- Symlinking: /home/jsmoon/yax_jeju/install/interfaces_pkg/include/interfaces_pkg/interfaces_pkg/msg/vector2.hpp
[10.494s] -- Symlinking: /home/jsmoon/yax_jeju/install/interfaces_pkg/include/interfaces_pkg/interfaces_pkg/msg/detail/bounding_box2_d__rosidl_typesupport_fastrtps_cpp.hpp
[10.504s] -- Symlinking: /home/jsmoon/yax_jeju/install/interfaces_pkg/include/interfaces_pkg/interfaces_pkg/msg/detail/bounding_box3_d__rosidl_typesupport_fastrtps_cpp.hpp
[10.516s] -- Symlinking: /home/jsmoon/yax_jeju/install/interfaces_pkg/include/interfaces_pkg/interfaces_pkg/msg/detail/detection__rosidl_typesupport_fastrtps_cpp.hpp
[10.524s] -- Symlinking: /home/jsmoon/yax_jeju/install/interfaces_pkg/include/interfaces_pkg/interfaces_pkg/msg/detail/detection_array__rosidl_typesupport_fastrtps_cpp.hpp
[10.532s] -- Symlinking: /home/jsmoon/yax_jeju/install/interfaces_pkg/include/interfaces_pkg/interfaces_pkg/msg/detail/key_point2_d__rosidl_typesupport_fastrtps_cpp.hpp
[10.540s] -- Symlinking: /home/jsmoon/yax_jeju/install/interfaces_pkg/include/interfaces_pkg/interfaces_pkg/msg/detail/key_point2_d_array__rosidl_typesupport_fastrtps_cpp.hpp
[10.549s] -- Symlinking: /home/jsmoon/yax_jeju/install/interfaces_pkg/include/interfaces_pkg/interfaces_pkg/msg/detail/key_point3_d__rosidl_typesupport_fastrtps_cpp.hpp
[10.557s] -- Symlinking: /home/jsmoon/yax_jeju/install/interfaces_pkg/include/interfaces_pkg/interfaces_pkg/msg/detail/key_point3_d_array__rosidl_typesupport_fastrtps_cpp.hpp
[10.566s] -- Symlinking: /home/jsmoon/yax_jeju/install/interfaces_pkg/include/interfaces_pkg/interfaces_pkg/msg/detail/lane_info__rosidl_typesupport_fastrtps_cpp.hpp
[10.573s] -- Symlinking: /home/jsmoon/yax_jeju/install/interfaces_pkg/include/interfaces_pkg/interfaces_pkg/msg/detail/mask__rosidl_typesupport_fastrtps_cpp.hpp
[10.581s] -- Symlinking: /home/jsmoon/yax_jeju/install/interfaces_pkg/include/interfaces_pkg/interfaces_pkg/msg/detail/motion_command__rosidl_typesupport_fastrtps_cpp.hpp
[10.590s] -- Symlinking: /home/jsmoon/yax_jeju/install/interfaces_pkg/include/interfaces_pkg/interfaces_pkg/msg/detail/path_planning_result__rosidl_typesupport_fastrtps_cpp.hpp
[10.598s] -- Symlinking: /home/jsmoon/yax_jeju/install/interfaces_pkg/include/interfaces_pkg/interfaces_pkg/msg/detail/point2_d__rosidl_typesupport_fastrtps_cpp.hpp
[10.607s] -- Symlinking: /home/jsmoon/yax_jeju/install/interfaces_pkg/include/interfaces_pkg/interfaces_pkg/msg/detail/pose2_d__rosidl_typesupport_fastrtps_cpp.hpp
[10.616s] -- Symlinking: /home/jsmoon/yax_jeju/install/interfaces_pkg/include/interfaces_pkg/interfaces_pkg/msg/detail/target_point__rosidl_typesupport_fastrtps_cpp.hpp
[10.625s] -- Symlinking: /home/jsmoon/yax_jeju/install/interfaces_pkg/include/interfaces_pkg/interfaces_pkg/msg/detail/vector2__rosidl_typesupport_fastrtps_cpp.hpp
[10.634s] -- Symlinking: /home/jsmoon/yax_jeju/install/interfaces_pkg/include/interfaces_pkg/interfaces_pkg/msg/rosidl_typesupport_fastrtps_cpp__visibility_control.h
[10.642s] -- Symlinking: /home/jsmoon/yax_jeju/install/interfaces_pkg/include/interfaces_pkg/interfaces_pkg/msg/detail/bounding_box2_d__rosidl_typesupport_introspection_cpp.hpp
[10.651s] -- Symlinking: /home/jsmoon/yax_jeju/install/interfaces_pkg/include/interfaces_pkg/interfaces_pkg/msg/detail/bounding_box3_d__rosidl_typesupport_introspection_cpp.hpp
[10.660s] -- Symlinking: /home/jsmoon/yax_jeju/install/interfaces_pkg/include/interfaces_pkg/interfaces_pkg/msg/detail/detection__rosidl_typesupport_introspection_cpp.hpp
[10.669s] -- Symlinking: /home/jsmoon/yax_jeju/install/interfaces_pkg/include/interfaces_pkg/interfaces_pkg/msg/detail/detection_array__rosidl_typesupport_introspection_cpp.hpp
[10.678s] -- Symlinking: /home/jsmoon/yax_jeju/install/interfaces_pkg/include/interfaces_pkg/interfaces_pkg/msg/detail/key_point2_d__rosidl_typesupport_introspection_cpp.hpp
[10.688s] -- Symlinking: /home/jsmoon/yax_jeju/install/interfaces_pkg/include/interfaces_pkg/interfaces_pkg/msg/detail/key_point2_d_array__rosidl_typesupport_introspection_cpp.hpp
[10.697s] -- Symlinking: /home/jsmoon/yax_jeju/install/interfaces_pkg/include/interfaces_pkg/interfaces_pkg/msg/detail/key_point3_d__rosidl_typesupport_introspection_cpp.hpp
[10.706s] -- Symlinking: /home/jsmoon/yax_jeju/install/interfaces_pkg/include/interfaces_pkg/interfaces_pkg/msg/detail/key_point3_d_array__rosidl_typesupport_introspection_cpp.hpp
[10.713s] -- Symlinking: /home/jsmoon/yax_jeju/install/interfaces_pkg/include/interfaces_pkg/interfaces_pkg/msg/detail/lane_info__rosidl_typesupport_introspection_cpp.hpp
[10.721s] -- Symlinking: /home/jsmoon/yax_jeju/install/interfaces_pkg/include/interfaces_pkg/interfaces_pkg/msg/detail/mask__rosidl_typesupport_introspection_cpp.hpp
[10.729s] -- Symlinking: /home/jsmoon/yax_jeju/install/interfaces_pkg/include/interfaces_pkg/interfaces_pkg/msg/detail/motion_command__rosidl_typesupport_introspection_cpp.hpp
[10.736s] -- Symlinking: /home/jsmoon/yax_jeju/install/interfaces_pkg/include/interfaces_pkg/interfaces_pkg/msg/detail/path_planning_result__rosidl_typesupport_introspection_cpp.hpp
[10.744s] -- Symlinking: /home/jsmoon/yax_jeju/install/interfaces_pkg/include/interfaces_pkg/interfaces_pkg/msg/detail/point2_d__rosidl_typesupport_introspection_cpp.hpp
[10.752s] -- Symlinking: /home/jsmoon/yax_jeju/install/interfaces_pkg/include/interfaces_pkg/interfaces_pkg/msg/detail/pose2_d__rosidl_typesupport_introspection_cpp.hpp
[10.762s] -- Symlinking: /home/jsmoon/yax_jeju/install/interfaces_pkg/include/interfaces_pkg/interfaces_pkg/msg/detail/target_point__rosidl_typesupport_introspection_cpp.hpp
[10.771s] -- Symlinking: /home/jsmoon/yax_jeju/install/interfaces_pkg/include/interfaces_pkg/interfaces_pkg/msg/detail/vector2__rosidl_typesupport_introspection_cpp.hpp
[10.780s] -- Symlinking: /home/jsmoon/yax_jeju/install/interfaces_pkg/share/interfaces_pkg/environment/pythonpath.sh
[10.788s] -- Symlinking: /home/jsmoon/yax_jeju/install/interfaces_pkg/share/interfaces_pkg/environment/pythonpath.dsv
[10.796s] -- Symlinking: /home/jsmoon/yax_jeju/install/interfaces_pkg/local/lib/python3.10/dist-packages/interfaces_pkg-0.0.0-py3.10.egg-info/PKG-INFO
[10.804s] -- Symlinking: /home/jsmoon/yax_jeju/install/interfaces_pkg/local/lib/python3.10/dist-packages/interfaces_pkg-0.0.0-py3.10.egg-info/SOURCES.txt
[10.812s] -- Symlinking: /home/jsmoon/yax_jeju/install/interfaces_pkg/local/lib/python3.10/dist-packages/interfaces_pkg-0.0.0-py3.10.egg-info/dependency_links.txt
[10.820s] -- Symlinking: /home/jsmoon/yax_jeju/install/interfaces_pkg/local/lib/python3.10/dist-packages/interfaces_pkg-0.0.0-py3.10.egg-info/top_level.txt
[10.830s] -- Symlinking: /home/jsmoon/yax_jeju/install/interfaces_pkg/local/lib/python3.10/dist-packages/interfaces_pkg/__init__.py
[10.839s] -- Symlinking: /home/jsmoon/yax_jeju/install/interfaces_pkg/local/lib/python3.10/dist-packages/interfaces_pkg/_interfaces_pkg_s.ep.rosidl_typesupport_c.c
[10.848s] -- Symlinking: /home/jsmoon/yax_jeju/install/interfaces_pkg/local/lib/python3.10/dist-packages/interfaces_pkg/_interfaces_pkg_s.ep.rosidl_typesupport_fastrtps_c.c
[10.856s] -- Symlinking: /home/jsmoon/yax_jeju/install/interfaces_pkg/local/lib/python3.10/dist-packages/interfaces_pkg/_interfaces_pkg_s.ep.rosidl_typesupport_introspection_c.c
[10.864s] -- Symlinking: /home/jsmoon/yax_jeju/install/interfaces_pkg/local/lib/python3.10/dist-packages/interfaces_pkg/interfaces_pkg_s__rosidl_typesupport_c.cpython-310-x86_64-linux-gnu.so
[10.873s] -- Symlinking: /home/jsmoon/yax_jeju/install/interfaces_pkg/local/lib/python3.10/dist-packages/interfaces_pkg/interfaces_pkg_s__rosidl_typesupport_fastrtps_c.cpython-310-x86_64-linux-gnu.so
[10.882s] -- Symlinking: /home/jsmoon/yax_jeju/install/interfaces_pkg/local/lib/python3.10/dist-packages/interfaces_pkg/interfaces_pkg_s__rosidl_typesupport_introspection_c.cpython-310-x86_64-linux-gnu.so
[10.891s] -- Symlinking: /home/jsmoon/yax_jeju/install/interfaces_pkg/local/lib/python3.10/dist-packages/interfaces_pkg/libinterfaces_pkg__rosidl_generator_py.so
[10.900s] -- Symlinking: /home/jsmoon/yax_jeju/install/interfaces_pkg/local/lib/python3.10/dist-packages/interfaces_pkg/msg/__init__.py
[10.911s] -- Symlinking: /home/jsmoon/yax_jeju/install/interfaces_pkg/local/lib/python3.10/dist-packages/interfaces_pkg/msg/_bounding_box2_d.py
[10.920s] -- Symlinking: /home/jsmoon/yax_jeju/install/interfaces_pkg/local/lib/python3.10/dist-packages/interfaces_pkg/msg/_bounding_box2_d_s.c
[10.930s] -- Symlinking: /home/jsmoon/yax_jeju/install/interfaces_pkg/local/lib/python3.10/dist-packages/interfaces_pkg/msg/_bounding_box3_d.py
[10.938s] -- Symlinking: /home/jsmoon/yax_jeju/install/interfaces_pkg/local/lib/python3.10/dist-packages/interfaces_pkg/msg/_bounding_box3_d_s.c
[10.948s] -- Symlinking: /home/jsmoon/yax_jeju/install/interfaces_pkg/local/lib/python3.10/dist-packages/interfaces_pkg/msg/_detection.py
[10.955s] -- Symlinking: /home/jsmoon/yax_jeju/install/interfaces_pkg/local/lib/python3.10/dist-packages/interfaces_pkg/msg/_detection_array.py
[10.963s] -- Symlinking: /home/jsmoon/yax_jeju/install/interfaces_pkg/local/lib/python3.10/dist-packages/interfaces_pkg/msg/_detection_array_s.c
[10.971s] -- Symlinking: /home/jsmoon/yax_jeju/install/interfaces_pkg/local/lib/python3.10/dist-packages/interfaces_pkg/msg/_detection_s.c
[10.979s] -- Symlinking: /home/jsmoon/yax_jeju/install/interfaces_pkg/local/lib/python3.10/dist-packages/interfaces_pkg/msg/_key_point2_d.py
[10.987s] -- Symlinking: /home/jsmoon/yax_jeju/install/interfaces_pkg/local/lib/python3.10/dist-packages/interfaces_pkg/msg/_key_point2_d_array.py
[10.994s] -- Symlinking: /home/jsmoon/yax_jeju/install/interfaces_pkg/local/lib/python3.10/dist-packages/interfaces_pkg/msg/_key_point2_d_array_s.c
[11.000s] -- Symlinking: /home/jsmoon/yax_jeju/install/interfaces_pkg/local/lib/python3.10/dist-packages/interfaces_pkg/msg/_key_point2_d_s.c
[11.008s] -- Symlinking: /home/jsmoon/yax_jeju/install/interfaces_pkg/local/lib/python3.10/dist-packages/interfaces_pkg/msg/_key_point3_d.py
[11.016s] -- Symlinking: /home/jsmoon/yax_jeju/install/interfaces_pkg/local/lib/python3.10/dist-packages/interfaces_pkg/msg/_key_point3_d_array.py
[11.025s] -- Symlinking: /home/jsmoon/yax_jeju/install/interfaces_pkg/local/lib/python3.10/dist-packages/interfaces_pkg/msg/_key_point3_d_array_s.c
[11.033s] -- Symlinking: /home/jsmoon/yax_jeju/install/interfaces_pkg/local/lib/python3.10/dist-packages/interfaces_pkg/msg/_key_point3_d_s.c
[11.042s] -- Symlinking: /home/jsmoon/yax_jeju/install/interfaces_pkg/local/lib/python3.10/dist-packages/interfaces_pkg/msg/_lane_info.py
[11.050s] -- Symlinking: /home/jsmoon/yax_jeju/install/interfaces_pkg/local/lib/python3.10/dist-packages/interfaces_pkg/msg/_lane_info_s.c
[11.058s] -- Symlinking: /home/jsmoon/yax_jeju/install/interfaces_pkg/local/lib/python3.10/dist-packages/interfaces_pkg/msg/_mask.py
[11.065s] -- Symlinking: /home/jsmoon/yax_jeju/install/interfaces_pkg/local/lib/python3.10/dist-packages/interfaces_pkg/msg/_mask_s.c
[11.072s] -- Symlinking: /home/jsmoon/yax_jeju/install/interfaces_pkg/local/lib/python3.10/dist-packages/interfaces_pkg/msg/_motion_command.py
[11.079s] -- Symlinking: /home/jsmoon/yax_jeju/install/interfaces_pkg/local/lib/python3.10/dist-packages/interfaces_pkg/msg/_motion_command_s.c
[11.087s] -- Symlinking: /home/jsmoon/yax_jeju/install/interfaces_pkg/local/lib/python3.10/dist-packages/interfaces_pkg/msg/_path_planning_result.py
[11.095s] -- Symlinking: /home/jsmoon/yax_jeju/install/interfaces_pkg/local/lib/python3.10/dist-packages/interfaces_pkg/msg/_path_planning_result_s.c
[11.102s] -- Symlinking: /home/jsmoon/yax_jeju/install/interfaces_pkg/local/lib/python3.10/dist-packages/interfaces_pkg/msg/_point2_d.py
[11.112s] -- Symlinking: /home/jsmoon/yax_jeju/install/interfaces_pkg/local/lib/python3.10/dist-packages/interfaces_pkg/msg/_point2_d_s.c
[11.120s] -- Symlinking: /home/jsmoon/yax_jeju/install/interfaces_pkg/local/lib/python3.10/dist-packages/interfaces_pkg/msg/_pose2_d.py
[11.127s] -- Symlinking: /home/jsmoon/yax_jeju/install/interfaces_pkg/local/lib/python3.10/dist-packages/interfaces_pkg/msg/_pose2_d_s.c
[11.136s] -- Symlinking: /home/jsmoon/yax_jeju/install/interfaces_pkg/local/lib/python3.10/dist-packages/interfaces_pkg/msg/_target_point.py
[11.144s] -- Symlinking: /home/jsmoon/yax_jeju/install/interfaces_pkg/local/lib/python3.10/dist-packages/interfaces_pkg/msg/_target_point_s.c
[11.152s] -- Symlinking: /home/jsmoon/yax_jeju/install/interfaces_pkg/local/lib/python3.10/dist-packages/interfaces_pkg/msg/_vector2.py
[11.159s] -- Symlinking: /home/jsmoon/yax_jeju/install/interfaces_pkg/local/lib/python3.10/dist-packages/interfaces_pkg/msg/_vector2_s.c
[11.168s] -- Up-to-date symlink: /home/jsmoon/yax_jeju/install/interfaces_pkg/local/lib/python3.10/dist-packages/interfaces_pkg/interfaces_pkg_s__rosidl_typesupport_fastrtps_c.cpython-310-x86_64-linux-gnu.so
[11.168s] -- Up-to-date symlink: /home/jsmoon/yax_jeju/install/interfaces_pkg/local/lib/python3.10/dist-packages/interfaces_pkg/interfaces_pkg_s__rosidl_typesupport_introspection_c.cpython-310-x86_64-linux-gnu.so
[11.168s] -- Up-to-date symlink: /home/jsmoon/yax_jeju/install/interfaces_pkg/local/lib/python3.10/dist-packages/interfaces_pkg/interfaces_pkg_s__rosidl_typesupport_c.cpython-310-x86_64-linux-gnu.so
[11.168s] -- Symlinking: /home/jsmoon/yax_jeju/install/interfaces_pkg/share/interfaces_pkg/msg/Point2D.idl
[11.176s] -- Symlinking: /home/jsmoon/yax_jeju/install/interfaces_pkg/share/interfaces_pkg/msg/Vector2.idl
[11.185s] -- Symlinking: /home/jsmoon/yax_jeju/install/interfaces_pkg/share/interfaces_pkg/msg/Pose2D.idl
[11.193s] -- Symlinking: /home/jsmoon/yax_jeju/install/interfaces_pkg/share/interfaces_pkg/msg/BoundingBox2D.idl
[11.201s] -- Symlinking: /home/jsmoon/yax_jeju/install/interfaces_pkg/share/interfaces_pkg/msg/BoundingBox3D.idl
[11.209s] -- Symlinking: /home/jsmoon/yax_jeju/install/interfaces_pkg/share/interfaces_pkg/msg/Mask.idl
[11.216s] -- Symlinking: /home/jsmoon/yax_jeju/install/interfaces_pkg/share/interfaces_pkg/msg/KeyPoint2D.idl
[11.225s] -- Symlinking: /home/jsmoon/yax_jeju/install/interfaces_pkg/share/interfaces_pkg/msg/KeyPoint2DArray.idl
[11.234s] -- Symlinking: /home/jsmoon/yax_jeju/install/interfaces_pkg/share/interfaces_pkg/msg/KeyPoint3D.idl
[11.243s] -- Symlinking: /home/jsmoon/yax_jeju/install/interfaces_pkg/share/interfaces_pkg/msg/KeyPoint3DArray.idl
[11.253s] -- Symlinking: /home/jsmoon/yax_jeju/install/interfaces_pkg/share/interfaces_pkg/msg/Detection.idl
[11.262s] -- Symlinking: /home/jsmoon/yax_jeju/install/interfaces_pkg/share/interfaces_pkg/msg/DetectionArray.idl
[11.269s] -- Symlinking: /home/jsmoon/yax_jeju/install/interfaces_pkg/share/interfaces_pkg/msg/LaneInfo.idl
[11.278s] -- Symlinking: /home/jsmoon/yax_jeju/install/interfaces_pkg/share/interfaces_pkg/msg/MotionCommand.idl
[11.286s] -- Symlinking: /home/jsmoon/yax_jeju/install/interfaces_pkg/share/interfaces_pkg/msg/TargetPoint.idl
[11.295s] -- Symlinking: /home/jsmoon/yax_jeju/install/interfaces_pkg/share/interfaces_pkg/msg/PathPlanningResult.idl
[11.305s] -- Symlinking: /home/jsmoon/yax_jeju/install/interfaces_pkg/share/interfaces_pkg/msg/Point2D.msg
[11.316s] -- Symlinking: /home/jsmoon/yax_jeju/install/interfaces_pkg/share/interfaces_pkg/msg/Vector2.msg
[11.325s] -- Symlinking: /home/jsmoon/yax_jeju/install/interfaces_pkg/share/interfaces_pkg/msg/Pose2D.msg
[11.334s] -- Symlinking: /home/jsmoon/yax_jeju/install/interfaces_pkg/share/interfaces_pkg/msg/BoundingBox2D.msg
[11.342s] -- Symlinking: /home/jsmoon/yax_jeju/install/interfaces_pkg/share/interfaces_pkg/msg/BoundingBox3D.msg
[11.350s] -- Symlinking: /home/jsmoon/yax_jeju/install/interfaces_pkg/share/interfaces_pkg/msg/Mask.msg
[11.359s] -- Symlinking: /home/jsmoon/yax_jeju/install/interfaces_pkg/share/interfaces_pkg/msg/KeyPoint2D.msg
[11.368s] -- Symlinking: /home/jsmoon/yax_jeju/install/interfaces_pkg/share/interfaces_pkg/msg/KeyPoint2DArray.msg
[11.375s] -- Symlinking: /home/jsmoon/yax_jeju/install/interfaces_pkg/share/interfaces_pkg/msg/KeyPoint3D.msg
[11.383s] -- Symlinking: /home/jsmoon/yax_jeju/install/interfaces_pkg/share/interfaces_pkg/msg/KeyPoint3DArray.msg
[11.391s] -- Symlinking: /home/jsmoon/yax_jeju/install/interfaces_pkg/share/interfaces_pkg/msg/Detection.msg
[11.400s] -- Symlinking: /home/jsmoon/yax_jeju/install/interfaces_pkg/share/interfaces_pkg/msg/DetectionArray.msg
[11.409s] -- Symlinking: /home/jsmoon/yax_jeju/install/interfaces_pkg/share/interfaces_pkg/msg/LaneInfo.msg
[11.416s] -- Symlinking: /home/jsmoon/yax_jeju/install/interfaces_pkg/share/interfaces_pkg/msg/MotionCommand.msg
[11.423s] -- Symlinking: /home/jsmoon/yax_jeju/install/interfaces_pkg/share/interfaces_pkg/msg/TargetPoint.msg
[11.430s] -- Symlinking: /home/jsmoon/yax_jeju/install/interfaces_pkg/share/interfaces_pkg/msg/PathPlanningResult.msg
[11.439s] -- Symlinking: /home/jsmoon/yax_jeju/install/interfaces_pkg/share/ament_index/resource_index/package_run_dependencies/interfaces_pkg
[11.448s] -- Symlinking: /home/jsmoon/yax_jeju/install/interfaces_pkg/share/ament_index/resource_index/parent_prefix_path/interfaces_pkg
[11.455s] -- Symlinking: /home/jsmoon/yax_jeju/install/interfaces_pkg/share/interfaces_pkg/environment/ament_prefix_path.sh
[11.463s] -- Symlinking: /home/jsmoon/yax_jeju/install/interfaces_pkg/share/interfaces_pkg/environment/ament_prefix_path.dsv
[11.471s] -- Symlinking: /home/jsmoon/yax_jeju/install/interfaces_pkg/share/interfaces_pkg/environment/path.sh
[11.479s] -- Symlinking: /home/jsmoon/yax_jeju/install/interfaces_pkg/share/interfaces_pkg/environment/path.dsv
[11.486s] -- Symlinking: /home/jsmoon/yax_jeju/install/interfaces_pkg/share/interfaces_pkg/local_setup.bash
[11.495s] -- Symlinking: /home/jsmoon/yax_jeju/install/interfaces_pkg/share/interfaces_pkg/local_setup.sh
[11.502s] -- Symlinking: /home/jsmoon/yax_jeju/install/interfaces_pkg/share/interfaces_pkg/local_setup.zsh
[11.510s] -- Symlinking: /home/jsmoon/yax_jeju/install/interfaces_pkg/share/interfaces_pkg/local_setup.dsv
[11.521s] -- Symlinking: /home/jsmoon/yax_jeju/install/interfaces_pkg/share/interfaces_pkg/package.dsv
[11.530s] -- Symlinking: /home/jsmoon/yax_jeju/install/interfaces_pkg/share/ament_index/resource_index/packages/interfaces_pkg
[11.539s] -- Symlinking: /home/jsmoon/yax_jeju/install/interfaces_pkg/share/interfaces_pkg/cmake/rosidl_cmake-extras.cmake
[11.548s] -- Symlinking: /home/jsmoon/yax_jeju/install/interfaces_pkg/share/interfaces_pkg/cmake/ament_cmake_export_dependencies-extras.cmake
[11.556s] -- Symlinking: /home/jsmoon/yax_jeju/install/interfaces_pkg/share/interfaces_pkg/cmake/ament_cmake_export_include_directories-extras.cmake
[11.563s] -- Symlinking: /home/jsmoon/yax_jeju/install/interfaces_pkg/share/interfaces_pkg/cmake/ament_cmake_export_libraries-extras.cmake
[11.571s] -- Symlinking: /home/jsmoon/yax_jeju/install/interfaces_pkg/share/interfaces_pkg/cmake/ament_cmake_export_targets-extras.cmake
[11.579s] -- Symlinking: /home/jsmoon/yax_jeju/install/interfaces_pkg/share/interfaces_pkg/cmake/rosidl_cmake_export_typesupport_targets-extras.cmake
[11.588s] -- Symlinking: /home/jsmoon/yax_jeju/install/interfaces_pkg/share/interfaces_pkg/cmake/rosidl_cmake_export_typesupport_libraries-extras.cmake
[11.595s] -- Symlinking: /home/jsmoon/yax_jeju/install/interfaces_pkg/share/interfaces_pkg/cmake/interfaces_pkgConfig.cmake
[11.605s] -- Symlinking: /home/jsmoon/yax_jeju/install/interfaces_pkg/share/interfaces_pkg/cmake/interfaces_pkgConfig-version.cmake
[11.613s] -- Symlinking: /home/jsmoon/yax_jeju/install/interfaces_pkg/share/interfaces_pkg/package.xml
[11.621s] -- Installing: /home/jsmoon/yax_jeju/install/interfaces_pkg/lib/libinterfaces_pkg__rosidl_generator_c.so
[11.622s] -- Set runtime path of "/home/jsmoon/yax_jeju/install/interfaces_pkg/lib/libinterfaces_pkg__rosidl_generator_c.so" to ""
[11.622s] -- Installing: /home/jsmoon/yax_jeju/install/interfaces_pkg/lib/libinterfaces_pkg__rosidl_typesupport_fastrtps_c.so
[11.623s] -- Set runtime path of "/home/jsmoon/yax_jeju/install/interfaces_pkg/lib/libinterfaces_pkg__rosidl_typesupport_fastrtps_c.so" to ""
[11.623s] -- Installing: /home/jsmoon/yax_jeju/install/interfaces_pkg/lib/libinterfaces_pkg__rosidl_typesupport_introspection_c.so
[11.623s] -- Set runtime path of "/home/jsmoon/yax_jeju/install/interfaces_pkg/lib/libinterfaces_pkg__rosidl_typesupport_introspection_c.so" to ""
[11.623s] -- Installing: /home/jsmoon/yax_jeju/install/interfaces_pkg/lib/libinterfaces_pkg__rosidl_typesupport_c.so
[11.623s] -- Set runtime path of "/home/jsmoon/yax_jeju/install/interfaces_pkg/lib/libinterfaces_pkg__rosidl_typesupport_c.so" to ""
[11.623s] -- Installing: /home/jsmoon/yax_jeju/install/interfaces_pkg/lib/libinterfaces_pkg__rosidl_typesupport_fastrtps_cpp.so
[11.624s] -- Set runtime path of "/home/jsmoon/yax_jeju/install/interfaces_pkg/lib/libinterfaces_pkg__rosidl_typesupport_fastrtps_cpp.so" to ""
[11.624s] -- Installing: /home/jsmoon/yax_jeju/install/interfaces_pkg/lib/libinterfaces_pkg__rosidl_typesupport_introspection_cpp.so
[11.624s] -- Set runtime path of "/home/jsmoon/yax_jeju/install/interfaces_pkg/lib/libinterfaces_pkg__rosidl_typesupport_introspection_cpp.so" to ""
[11.624s] -- Installing: /home/jsmoon/yax_jeju/install/interfaces_pkg/lib/libinterfaces_pkg__rosidl_typesupport_cpp.so
[11.625s] -- Set runtime path of "/home/jsmoon/yax_jeju/install/interfaces_pkg/lib/libinterfaces_pkg__rosidl_typesupport_cpp.so" to ""
[11.717s] Listing '/home/jsmoon/yax_jeju/install/interfaces_pkg/local/lib/python3.10/dist-packages/interfaces_pkg'...
[11.717s] Compiling '/home/jsmoon/yax_jeju/install/interfaces_pkg/local/lib/python3.10/dist-packages/interfaces_pkg/__init__.py'...
[11.717s] Listing '/home/jsmoon/yax_jeju/install/interfaces_pkg/local/lib/python3.10/dist-packages/interfaces_pkg/msg'...
[11.717s] Compiling '/home/jsmoon/yax_jeju/install/interfaces_pkg/local/lib/python3.10/dist-packages/interfaces_pkg/msg/__init__.py'...
[11.717s] Compiling '/home/jsmoon/yax_jeju/install/interfaces_pkg/local/lib/python3.10/dist-packages/interfaces_pkg/msg/_bounding_box2_d.py'...
[11.717s] Compiling '/home/jsmoon/yax_jeju/install/interfaces_pkg/local/lib/python3.10/dist-packages/interfaces_pkg/msg/_bounding_box3_d.py'...
[11.717s] Compiling '/home/jsmoon/yax_jeju/install/interfaces_pkg/local/lib/python3.10/dist-packages/interfaces_pkg/msg/_detection.py'...
[11.717s] Compiling '/home/jsmoon/yax_jeju/install/interfaces_pkg/local/lib/python3.10/dist-packages/interfaces_pkg/msg/_detection_array.py'...
[11.717s] Compiling '/home/jsmoon/yax_jeju/install/interfaces_pkg/local/lib/python3.10/dist-packages/interfaces_pkg/msg/_key_point2_d.py'...
[11.718s] Compiling '/home/jsmoon/yax_jeju/install/interfaces_pkg/local/lib/python3.10/dist-packages/interfaces_pkg/msg/_key_point2_d_array.py'...
[11.718s] Compiling '/home/jsmoon/yax_jeju/install/interfaces_pkg/local/lib/python3.10/dist-packages/interfaces_pkg/msg/_key_point3_d.py'...
[11.718s] Compiling '/home/jsmoon/yax_jeju/install/interfaces_pkg/local/lib/python3.10/dist-packages/interfaces_pkg/msg/_key_point3_d_array.py'...
[11.718s] Compiling '/home/jsmoon/yax_jeju/install/interfaces_pkg/local/lib/python3.10/dist-packages/interfaces_pkg/msg/_lane_info.py'...
[11.718s] Compiling '/home/jsmoon/yax_jeju/install/interfaces_pkg/local/lib/python3.10/dist-packages/interfaces_pkg/msg/_mask.py'...
[11.718s] Compiling '/home/jsmoon/yax_jeju/install/interfaces_pkg/local/lib/python3.10/dist-packages/interfaces_pkg/msg/_motion_command.py'...
[11.718s] Compiling '/home/jsmoon/yax_jeju/install/interfaces_pkg/local/lib/python3.10/dist-packages/interfaces_pkg/msg/_path_planning_result.py'...
[11.718s] Compiling '/home/jsmoon/yax_jeju/install/interfaces_pkg/local/lib/python3.10/dist-packages/interfaces_pkg/msg/_point2_d.py'...
[11.718s] Compiling '/home/jsmoon/yax_jeju/install/interfaces_pkg/local/lib/python3.10/dist-packages/interfaces_pkg/msg/_pose2_d.py'...
[11.718s] Compiling '/home/jsmoon/yax_jeju/install/interfaces_pkg/local/lib/python3.10/dist-packages/interfaces_pkg/msg/_target_point.py'...
[11.718s] Compiling '/home/jsmoon/yax_jeju/install/interfaces_pkg/local/lib/python3.10/dist-packages/interfaces_pkg/msg/_vector2.py'...
[11.721s] -- Installing: /home/jsmoon/yax_jeju/install/interfaces_pkg/lib/libinterfaces_pkg__rosidl_generator_py.so
[11.721s] -- Set runtime path of "/home/jsmoon/yax_jeju/install/interfaces_pkg/lib/libinterfaces_pkg__rosidl_generator_py.so" to ""
[11.721s] -- Installing: /home/jsmoon/yax_jeju/install/interfaces_pkg/share/interfaces_pkg/cmake/export_interfaces_pkg__rosidl_generator_cExport.cmake
[11.721s] -- Installing: /home/jsmoon/yax_jeju/install/interfaces_pkg/share/interfaces_pkg/cmake/export_interfaces_pkg__rosidl_generator_cExport-noconfig.cmake
[11.721s] -- Installing: /home/jsmoon/yax_jeju/install/interfaces_pkg/share/interfaces_pkg/cmake/export_interfaces_pkg__rosidl_typesupport_fastrtps_cExport.cmake
[11.721s] -- Installing: /home/jsmoon/yax_jeju/install/interfaces_pkg/share/interfaces_pkg/cmake/export_interfaces_pkg__rosidl_typesupport_fastrtps_cExport-noconfig.cmake
[11.721s] -- Installing: /home/jsmoon/yax_jeju/install/interfaces_pkg/share/interfaces_pkg/cmake/interfaces_pkg__rosidl_typesupport_introspection_cExport.cmake
[11.722s] -- Installing: /home/jsmoon/yax_jeju/install/interfaces_pkg/share/interfaces_pkg/cmake/interfaces_pkg__rosidl_typesupport_introspection_cExport-noconfig.cmake
[11.722s] -- Installing: /home/jsmoon/yax_jeju/install/interfaces_pkg/share/interfaces_pkg/cmake/interfaces_pkg__rosidl_typesupport_cExport.cmake
[11.722s] -- Installing: /home/jsmoon/yax_jeju/install/interfaces_pkg/share/interfaces_pkg/cmake/interfaces_pkg__rosidl_typesupport_cExport-noconfig.cmake
[11.722s] -- Installing: /home/jsmoon/yax_jeju/install/interfaces_pkg/share/interfaces_pkg/cmake/export_interfaces_pkg__rosidl_generator_cppExport.cmake
[11.722s] -- Installing: /home/jsmoon/yax_jeju/install/interfaces_pkg/share/interfaces_pkg/cmake/export_interfaces_pkg__rosidl_typesupport_fastrtps_cppExport.cmake
[11.722s] -- Installing: /home/jsmoon/yax_jeju/install/interfaces_pkg/share/interfaces_pkg/cmake/export_interfaces_pkg__rosidl_typesupport_fastrtps_cppExport-noconfig.cmake
[11.722s] -- Installing: /home/jsmoon/yax_jeju/install/interfaces_pkg/share/interfaces_pkg/cmake/interfaces_pkg__rosidl_typesupport_introspection_cppExport.cmake
[11.722s] -- Installing: /home/jsmoon/yax_jeju/install/interfaces_pkg/share/interfaces_pkg/cmake/interfaces_pkg__rosidl_typesupport_introspection_cppExport-noconfig.cmake
[11.722s] -- Installing: /home/jsmoon/yax_jeju/install/interfaces_pkg/share/interfaces_pkg/cmake/interfaces_pkg__rosidl_typesupport_cppExport.cmake
[11.722s] -- Installing: /home/jsmoon/yax_jeju/install/interfaces_pkg/share/interfaces_pkg/cmake/interfaces_pkg__rosidl_typesupport_cppExport-noconfig.cmake
[11.723s] -- Installing: /home/jsmoon/yax_jeju/install/interfaces_pkg/share/interfaces_pkg/cmake/export_interfaces_pkg__rosidl_generator_pyExport.cmake
[11.723s] -- Installing: /home/jsmoon/yax_jeju/install/interfaces_pkg/share/interfaces_pkg/cmake/export_interfaces_pkg__rosidl_generator_pyExport-noconfig.cmake
[11.726s] Invoked command in '/home/jsmoon/yax_jeju/build/interfaces_pkg' returned '0': CMAKE_PREFIX_PATH=${CMAKE_PREFIX_PATH}:/opt/ros/humble /usr/bin/cmake --install /home/jsmoon/yax_jeju/build/interfaces_pkg
