running egg_info
writing ../../build/my_custom_pkg/my_custom_pkg.egg-info/PKG-INFO
writing dependency_links to ../../build/my_custom_pkg/my_custom_pkg.egg-info/dependency_links.txt
writing entry points to ../../build/my_custom_pkg/my_custom_pkg.egg-info/entry_points.txt
writing requirements to ../../build/my_custom_pkg/my_custom_pkg.egg-info/requires.txt
writing top-level names to ../../build/my_custom_pkg/my_custom_pkg.egg-info/top_level.txt
reading manifest file '../../build/my_custom_pkg/my_custom_pkg.egg-info/SOURCES.txt'
writing manifest file '../../build/my_custom_pkg/my_custom_pkg.egg-info/SOURCES.txt'
running build
running build_py
copying my_custom_pkg/tunnel_nav_node.py -> /home/jsmoon/yax_jeju/build/my_custom_pkg/build/lib/my_custom_pkg
running install
running install_lib
copying /home/jsmoon/yax_jeju/build/my_custom_pkg/build/lib/my_custom_pkg/tunnel_nav_node.py -> /home/jsmoon/yax_jeju/install/my_custom_pkg/lib/python3.10/site-packages/my_custom_pkg
byte-compiling /home/jsmoon/yax_jeju/install/my_custom_pkg/lib/python3.10/site-packages/my_custom_pkg/tunnel_nav_node.py to tunnel_nav_node.cpython-310.pyc
running install_data
running install_egg_info
removing '/home/jsmoon/yax_jeju/install/my_custom_pkg/lib/python3.10/site-packages/my_custom_pkg-0.0.1-py3.10.egg-info' (and everything under it)
Copying ../../build/my_custom_pkg/my_custom_pkg.egg-info to /home/jsmoon/yax_jeju/install/my_custom_pkg/lib/python3.10/site-packages/my_custom_pkg-0.0.1-py3.10.egg-info
running install_scripts
Installing lane_detection_node script to /home/jsmoon/yax_jeju/install/my_custom_pkg/lib/my_custom_pkg
Installing mission_controller_node script to /home/jsmoon/yax_jeju/install/my_custom_pkg/lib/my_custom_pkg
Installing obstacle_detect_node script to /home/jsmoon/yax_jeju/install/my_custom_pkg/lib/my_custom_pkg
Installing tunnel_nav_node script to /home/jsmoon/yax_jeju/install/my_custom_pkg/lib/my_custom_pkg
Installing waypoint_follower_node script to /home/jsmoon/yax_jeju/install/my_custom_pkg/lib/my_custom_pkg
writing list of installed files to '/home/jsmoon/yax_jeju/build/my_custom_pkg/install.log'
