[0.715s] Invoking command in '/home/jsmoon/yax_jeju/build/interfaces_pkg': CMAKE_PREFIX_PATH=${CMAKE_PREFIX_PATH}:/home/jsmoon/yax_jeju/install/my_custom_pkg:/home/jsmoon/yax_jeju/install/serial_communication_pkg:/home/jsmoon/yax_jeju/install/ntrip_client:/home/jsmoon/yax_jeju/install/lidar_perception_pkg:/home/jsmoon/yax_jeju/install/latlong_utm:/home/jsmoon/yax_jeju/install/decision_making_pkg:/home/jsmoon/yax_jeju/install/debug_pkg:/home/jsmoon/yax_jeju/install/camera_perception_pkg:/opt/ros/humble /usr/bin/cmake --build /home/jsmoon/yax_jeju/build/interfaces_pkg -- -j16 -l16
[1.720s] [  0%] Built target interfaces_pkg__cpp
[1.720s] [ 12%] Built target interfaces_pkg__rosidl_generator_c
[1.720s] [ 12%] Built target ament_cmake_python_symlink_interfaces_pkg
[1.720s] [ 43%] Built target interfaces_pkg__rosidl_typesupport_cpp
[1.720s] [ 45%] Built target interfaces_pkg__rosidl_typesupport_introspection_cpp
[1.720s] [ 48%] Built target interfaces_pkg__rosidl_typesupport_fastrtps_cpp
[1.720s] [ 84%] Built target interfaces_pkg__rosidl_typesupport_introspection_c
[1.720s] [ 84%] Built target interfaces_pkg__rosidl_typesupport_fastrtps_c
[1.720s] [ 84%] Built target interfaces_pkg__rosidl_typesupport_c
[1.720s] [ 84%] Built target interfaces_pkg
[1.720s] [ 85%] Built target interfaces_pkg__py
[1.720s] [ 96%] Built target interfaces_pkg__rosidl_generator_py
[1.720s] [ 98%] Built target interfaces_pkg__rosidl_typesupport_fastrtps_c__pyext
[1.720s] [100%] Built target interfaces_pkg__rosidl_typesupport_introspection_c__pyext
[1.720s] [100%] Built target interfaces_pkg__rosidl_typesupport_c__pyext
[1.720s] running egg_info
[1.720s] writing interfaces_pkg.egg-info/PKG-INFO
[1.720s] writing dependency_links to interfaces_pkg.egg-info/dependency_links.txt
[1.720s] writing top-level names to interfaces_pkg.egg-info/top_level.txt
[1.720s] reading manifest file 'interfaces_pkg.egg-info/SOURCES.txt'
[1.720s] writing manifest file 'interfaces_pkg.egg-info/SOURCES.txt'
[1.720s] [100%] Built target ament_cmake_python_build_interfaces_pkg_egg
[1.937s] Invoked command in '/home/jsmoon/yax_jeju/build/interfaces_pkg' returned '0': CMAKE_PREFIX_PATH=${CMAKE_PREFIX_PATH}:/home/jsmoon/yax_jeju/install/my_custom_pkg:/home/jsmoon/yax_jeju/install/serial_communication_pkg:/home/jsmoon/yax_jeju/install/ntrip_client:/home/jsmoon/yax_jeju/install/lidar_perception_pkg:/home/jsmoon/yax_jeju/install/latlong_utm:/home/jsmoon/yax_jeju/install/decision_making_pkg:/home/jsmoon/yax_jeju/install/debug_pkg:/home/jsmoon/yax_jeju/install/camera_perception_pkg:/opt/ros/humble /usr/bin/cmake --build /home/jsmoon/yax_jeju/build/interfaces_pkg -- -j16 -l16
[1.938s] Invoking command in '/home/jsmoon/yax_jeju/build/interfaces_pkg': CMAKE_PREFIX_PATH=${CMAKE_PREFIX_PATH}:/home/jsmoon/yax_jeju/install/my_custom_pkg:/home/jsmoon/yax_jeju/install/serial_communication_pkg:/home/jsmoon/yax_jeju/install/ntrip_client:/home/jsmoon/yax_jeju/install/lidar_perception_pkg:/home/jsmoon/yax_jeju/install/latlong_utm:/home/jsmoon/yax_jeju/install/decision_making_pkg:/home/jsmoon/yax_jeju/install/debug_pkg:/home/jsmoon/yax_jeju/install/camera_perception_pkg:/opt/ros/humble /usr/bin/cmake --install /home/jsmoon/yax_jeju/build/interfaces_pkg
[1.962s] -- Install configuration: ""
[1.963s] -- Execute custom install script
[1.963s] -- Up-to-date symlink: /home/jsmoon/yax_jeju/install/interfaces_pkg/share/ament_index/resource_index/rosidl_interfaces/interfaces_pkg
[1.963s] -- Up-to-date symlink: /home/jsmoon/yax_jeju/install/interfaces_pkg/include/interfaces_pkg/interfaces_pkg/msg/bounding_box2_d.h
[1.963s] -- Up-to-date symlink: /home/jsmoon/yax_jeju/install/interfaces_pkg/include/interfaces_pkg/interfaces_pkg/msg/bounding_box3_d.h
[1.963s] -- Up-to-date symlink: /home/jsmoon/yax_jeju/install/interfaces_pkg/include/interfaces_pkg/interfaces_pkg/msg/detail/bounding_box2_d__functions.h
[1.963s] -- Up-to-date symlink: /home/jsmoon/yax_jeju/install/interfaces_pkg/include/interfaces_pkg/interfaces_pkg/msg/detail/bounding_box2_d__struct.h
[1.964s] -- Up-to-date symlink: /home/jsmoon/yax_jeju/install/interfaces_pkg/include/interfaces_pkg/interfaces_pkg/msg/detail/bounding_box2_d__type_support.h
[1.964s] -- Up-to-date symlink: /home/jsmoon/yax_jeju/install/interfaces_pkg/include/interfaces_pkg/interfaces_pkg/msg/detail/bounding_box3_d__functions.h
[1.964s] -- Up-to-date symlink: /home/jsmoon/yax_jeju/install/interfaces_pkg/include/interfaces_pkg/interfaces_pkg/msg/detail/bounding_box3_d__struct.h
[1.964s] -- Up-to-date symlink: /home/jsmoon/yax_jeju/install/interfaces_pkg/include/interfaces_pkg/interfaces_pkg/msg/detail/bounding_box3_d__type_support.h
[1.964s] -- Up-to-date symlink: /home/jsmoon/yax_jeju/install/interfaces_pkg/include/interfaces_pkg/interfaces_pkg/msg/detail/detection__functions.h
[1.964s] -- Up-to-date symlink: /home/jsmoon/yax_jeju/install/interfaces_pkg/include/interfaces_pkg/interfaces_pkg/msg/detail/detection__struct.h
[1.964s] -- Up-to-date symlink: /home/jsmoon/yax_jeju/install/interfaces_pkg/include/interfaces_pkg/interfaces_pkg/msg/detail/detection__type_support.h
[1.964s] -- Up-to-date symlink: /home/jsmoon/yax_jeju/install/interfaces_pkg/include/interfaces_pkg/interfaces_pkg/msg/detail/detection_array__functions.h
[1.965s] -- Up-to-date symlink: /home/jsmoon/yax_jeju/install/interfaces_pkg/include/interfaces_pkg/interfaces_pkg/msg/detail/detection_array__struct.h
[1.965s] -- Up-to-date symlink: /home/jsmoon/yax_jeju/install/interfaces_pkg/include/interfaces_pkg/interfaces_pkg/msg/detail/detection_array__type_support.h
[1.965s] -- Up-to-date symlink: /home/jsmoon/yax_jeju/install/interfaces_pkg/include/interfaces_pkg/interfaces_pkg/msg/detail/key_point2_d__functions.h
[1.965s] -- Up-to-date symlink: /home/jsmoon/yax_jeju/install/interfaces_pkg/include/interfaces_pkg/interfaces_pkg/msg/detail/key_point2_d__struct.h
[1.965s] -- Up-to-date symlink: /home/jsmoon/yax_jeju/install/interfaces_pkg/include/interfaces_pkg/interfaces_pkg/msg/detail/key_point2_d__type_support.h
[1.965s] -- Up-to-date symlink: /home/jsmoon/yax_jeju/install/interfaces_pkg/include/interfaces_pkg/interfaces_pkg/msg/detail/key_point2_d_array__functions.h
[1.965s] -- Up-to-date symlink: /home/jsmoon/yax_jeju/install/interfaces_pkg/include/interfaces_pkg/interfaces_pkg/msg/detail/key_point2_d_array__struct.h
[1.966s] -- Up-to-date symlink: /home/jsmoon/yax_jeju/install/interfaces_pkg/include/interfaces_pkg/interfaces_pkg/msg/detail/key_point2_d_array__type_support.h
[1.966s] -- Up-to-date symlink: /home/jsmoon/yax_jeju/install/interfaces_pkg/include/interfaces_pkg/interfaces_pkg/msg/detail/key_point3_d__functions.h
[1.966s] -- Up-to-date symlink: /home/jsmoon/yax_jeju/install/interfaces_pkg/include/interfaces_pkg/interfaces_pkg/msg/detail/key_point3_d__struct.h
[1.966s] -- Up-to-date symlink: /home/jsmoon/yax_jeju/install/interfaces_pkg/include/interfaces_pkg/interfaces_pkg/msg/detail/key_point3_d__type_support.h
[1.966s] -- Up-to-date symlink: /home/jsmoon/yax_jeju/install/interfaces_pkg/include/interfaces_pkg/interfaces_pkg/msg/detail/key_point3_d_array__functions.h
[1.966s] -- Up-to-date symlink: /home/jsmoon/yax_jeju/install/interfaces_pkg/include/interfaces_pkg/interfaces_pkg/msg/detail/key_point3_d_array__struct.h
[1.966s] -- Up-to-date symlink: /home/jsmoon/yax_jeju/install/interfaces_pkg/include/interfaces_pkg/interfaces_pkg/msg/detail/key_point3_d_array__type_support.h
[1.966s] -- Up-to-date symlink: /home/jsmoon/yax_jeju/install/interfaces_pkg/include/interfaces_pkg/interfaces_pkg/msg/detail/lane_info__functions.h
[1.966s] -- Up-to-date symlink: /home/jsmoon/yax_jeju/install/interfaces_pkg/include/interfaces_pkg/interfaces_pkg/msg/detail/lane_info__struct.h
[1.966s] -- Up-to-date symlink: /home/jsmoon/yax_jeju/install/interfaces_pkg/include/interfaces_pkg/interfaces_pkg/msg/detail/lane_info__type_support.h
[1.966s] -- Up-to-date symlink: /home/jsmoon/yax_jeju/install/interfaces_pkg/include/interfaces_pkg/interfaces_pkg/msg/detail/mask__functions.h
[1.966s] -- Up-to-date symlink: /home/jsmoon/yax_jeju/install/interfaces_pkg/include/interfaces_pkg/interfaces_pkg/msg/detail/mask__struct.h
[1.966s] -- Up-to-date symlink: /home/jsmoon/yax_jeju/install/interfaces_pkg/include/interfaces_pkg/interfaces_pkg/msg/detail/mask__type_support.h
[1.966s] -- Up-to-date symlink: /home/jsmoon/yax_jeju/install/interfaces_pkg/include/interfaces_pkg/interfaces_pkg/msg/detail/motion_command__functions.h
[1.967s] -- Up-to-date symlink: /home/jsmoon/yax_jeju/install/interfaces_pkg/include/interfaces_pkg/interfaces_pkg/msg/detail/motion_command__struct.h
[1.967s] -- Up-to-date symlink: /home/jsmoon/yax_jeju/install/interfaces_pkg/include/interfaces_pkg/interfaces_pkg/msg/detail/motion_command__type_support.h
[1.967s] -- Up-to-date symlink: /home/jsmoon/yax_jeju/install/interfaces_pkg/include/interfaces_pkg/interfaces_pkg/msg/detail/path_planning_result__functions.h
[1.967s] -- Up-to-date symlink: /home/jsmoon/yax_jeju/install/interfaces_pkg/include/interfaces_pkg/interfaces_pkg/msg/detail/path_planning_result__struct.h
[1.967s] -- Up-to-date symlink: /home/jsmoon/yax_jeju/install/interfaces_pkg/include/interfaces_pkg/interfaces_pkg/msg/detail/path_planning_result__type_support.h
[1.968s] -- Up-to-date symlink: /home/jsmoon/yax_jeju/install/interfaces_pkg/include/interfaces_pkg/interfaces_pkg/msg/detail/point2_d__functions.h
[1.968s] -- Up-to-date symlink: /home/jsmoon/yax_jeju/install/interfaces_pkg/include/interfaces_pkg/interfaces_pkg/msg/detail/point2_d__struct.h
[1.968s] -- Up-to-date symlink: /home/jsmoon/yax_jeju/install/interfaces_pkg/include/interfaces_pkg/interfaces_pkg/msg/detail/point2_d__type_support.h
[1.968s] -- Up-to-date symlink: /home/jsmoon/yax_jeju/install/interfaces_pkg/include/interfaces_pkg/interfaces_pkg/msg/detail/pose2_d__functions.h
[1.968s] -- Up-to-date symlink: /home/jsmoon/yax_jeju/install/interfaces_pkg/include/interfaces_pkg/interfaces_pkg/msg/detail/pose2_d__struct.h
[1.968s] -- Up-to-date symlink: /home/jsmoon/yax_jeju/install/interfaces_pkg/include/interfaces_pkg/interfaces_pkg/msg/detail/pose2_d__type_support.h
[1.968s] -- Up-to-date symlink: /home/jsmoon/yax_jeju/install/interfaces_pkg/include/interfaces_pkg/interfaces_pkg/msg/detail/target_point__functions.h
[1.968s] -- Up-to-date symlink: /home/jsmoon/yax_jeju/install/interfaces_pkg/include/interfaces_pkg/interfaces_pkg/msg/detail/target_point__struct.h
[1.968s] -- Up-to-date symlink: /home/jsmoon/yax_jeju/install/interfaces_pkg/include/interfaces_pkg/interfaces_pkg/msg/detail/target_point__type_support.h
[1.968s] -- Up-to-date symlink: /home/jsmoon/yax_jeju/install/interfaces_pkg/include/interfaces_pkg/interfaces_pkg/msg/detail/vector2__functions.h
[1.969s] -- Up-to-date symlink: /home/jsmoon/yax_jeju/install/interfaces_pkg/include/interfaces_pkg/interfaces_pkg/msg/detail/vector2__struct.h
[1.969s] -- Up-to-date symlink: /home/jsmoon/yax_jeju/install/interfaces_pkg/include/interfaces_pkg/interfaces_pkg/msg/detail/vector2__type_support.h
[1.969s] -- Up-to-date symlink: /home/jsmoon/yax_jeju/install/interfaces_pkg/include/interfaces_pkg/interfaces_pkg/msg/detection.h
[1.969s] -- Up-to-date symlink: /home/jsmoon/yax_jeju/install/interfaces_pkg/include/interfaces_pkg/interfaces_pkg/msg/detection_array.h
[1.969s] -- Up-to-date symlink: /home/jsmoon/yax_jeju/install/interfaces_pkg/include/interfaces_pkg/interfaces_pkg/msg/key_point2_d.h
[1.969s] -- Up-to-date symlink: /home/jsmoon/yax_jeju/install/interfaces_pkg/include/interfaces_pkg/interfaces_pkg/msg/key_point2_d_array.h
[1.969s] -- Up-to-date symlink: /home/jsmoon/yax_jeju/install/interfaces_pkg/include/interfaces_pkg/interfaces_pkg/msg/key_point3_d.h
[1.969s] -- Up-to-date symlink: /home/jsmoon/yax_jeju/install/interfaces_pkg/include/interfaces_pkg/interfaces_pkg/msg/key_point3_d_array.h
[1.969s] -- Up-to-date symlink: /home/jsmoon/yax_jeju/install/interfaces_pkg/include/interfaces_pkg/interfaces_pkg/msg/lane_info.h
[1.969s] -- Up-to-date symlink: /home/jsmoon/yax_jeju/install/interfaces_pkg/include/interfaces_pkg/interfaces_pkg/msg/mask.h
[1.969s] -- Up-to-date symlink: /home/jsmoon/yax_jeju/install/interfaces_pkg/include/interfaces_pkg/interfaces_pkg/msg/motion_command.h
[1.969s] -- Up-to-date symlink: /home/jsmoon/yax_jeju/install/interfaces_pkg/include/interfaces_pkg/interfaces_pkg/msg/path_planning_result.h
[1.969s] -- Up-to-date symlink: /home/jsmoon/yax_jeju/install/interfaces_pkg/include/interfaces_pkg/interfaces_pkg/msg/point2_d.h
[1.969s] -- Up-to-date symlink: /home/jsmoon/yax_jeju/install/interfaces_pkg/include/interfaces_pkg/interfaces_pkg/msg/pose2_d.h
[1.969s] -- Up-to-date symlink: /home/jsmoon/yax_jeju/install/interfaces_pkg/include/interfaces_pkg/interfaces_pkg/msg/rosidl_generator_c__visibility_control.h
[1.969s] -- Up-to-date symlink: /home/jsmoon/yax_jeju/install/interfaces_pkg/include/interfaces_pkg/interfaces_pkg/msg/target_point.h
[1.969s] -- Up-to-date symlink: /home/jsmoon/yax_jeju/install/interfaces_pkg/include/interfaces_pkg/interfaces_pkg/msg/vector2.h
[1.970s] -- Up-to-date symlink: /home/jsmoon/yax_jeju/install/interfaces_pkg/share/interfaces_pkg/environment/library_path.sh
[1.970s] -- Up-to-date symlink: /home/jsmoon/yax_jeju/install/interfaces_pkg/share/interfaces_pkg/environment/library_path.dsv
[1.970s] -- Up-to-date symlink: /home/jsmoon/yax_jeju/install/interfaces_pkg/include/interfaces_pkg/interfaces_pkg/msg/detail/bounding_box2_d__rosidl_typesupport_fastrtps_c.h
[1.970s] -- Up-to-date symlink: /home/jsmoon/yax_jeju/install/interfaces_pkg/include/interfaces_pkg/interfaces_pkg/msg/detail/bounding_box3_d__rosidl_typesupport_fastrtps_c.h
[1.970s] -- Up-to-date symlink: /home/jsmoon/yax_jeju/install/interfaces_pkg/include/interfaces_pkg/interfaces_pkg/msg/detail/detection__rosidl_typesupport_fastrtps_c.h
[1.970s] -- Up-to-date symlink: /home/jsmoon/yax_jeju/install/interfaces_pkg/include/interfaces_pkg/interfaces_pkg/msg/detail/detection_array__rosidl_typesupport_fastrtps_c.h
[1.970s] -- Up-to-date symlink: /home/jsmoon/yax_jeju/install/interfaces_pkg/include/interfaces_pkg/interfaces_pkg/msg/detail/key_point2_d__rosidl_typesupport_fastrtps_c.h
[1.970s] -- Up-to-date symlink: /home/jsmoon/yax_jeju/install/interfaces_pkg/include/interfaces_pkg/interfaces_pkg/msg/detail/key_point2_d_array__rosidl_typesupport_fastrtps_c.h
[1.970s] -- Up-to-date symlink: /home/jsmoon/yax_jeju/install/interfaces_pkg/include/interfaces_pkg/interfaces_pkg/msg/detail/key_point3_d__rosidl_typesupport_fastrtps_c.h
[1.970s] -- Up-to-date symlink: /home/jsmoon/yax_jeju/install/interfaces_pkg/include/interfaces_pkg/interfaces_pkg/msg/detail/key_point3_d_array__rosidl_typesupport_fastrtps_c.h
[1.970s] -- Up-to-date symlink: /home/jsmoon/yax_jeju/install/interfaces_pkg/include/interfaces_pkg/interfaces_pkg/msg/detail/lane_info__rosidl_typesupport_fastrtps_c.h
[1.970s] -- Up-to-date symlink: /home/jsmoon/yax_jeju/install/interfaces_pkg/include/interfaces_pkg/interfaces_pkg/msg/detail/mask__rosidl_typesupport_fastrtps_c.h
[1.970s] -- Up-to-date symlink: /home/jsmoon/yax_jeju/install/interfaces_pkg/include/interfaces_pkg/interfaces_pkg/msg/detail/motion_command__rosidl_typesupport_fastrtps_c.h
[1.970s] -- Up-to-date symlink: /home/jsmoon/yax_jeju/install/interfaces_pkg/include/interfaces_pkg/interfaces_pkg/msg/detail/path_planning_result__rosidl_typesupport_fastrtps_c.h
[1.970s] -- Up-to-date symlink: /home/jsmoon/yax_jeju/install/interfaces_pkg/include/interfaces_pkg/interfaces_pkg/msg/detail/point2_d__rosidl_typesupport_fastrtps_c.h
[1.970s] -- Up-to-date symlink: /home/jsmoon/yax_jeju/install/interfaces_pkg/include/interfaces_pkg/interfaces_pkg/msg/detail/pose2_d__rosidl_typesupport_fastrtps_c.h
[1.972s] -- Up-to-date symlink: /home/jsmoon/yax_jeju/install/interfaces_pkg/include/interfaces_pkg/interfaces_pkg/msg/detail/target_point__rosidl_typesupport_fastrtps_c.h
[1.972s] -- Up-to-date symlink: /home/jsmoon/yax_jeju/install/interfaces_pkg/include/interfaces_pkg/interfaces_pkg/msg/detail/vector2__rosidl_typesupport_fastrtps_c.h
[1.972s] -- Up-to-date symlink: /home/jsmoon/yax_jeju/install/interfaces_pkg/include/interfaces_pkg/interfaces_pkg/msg/rosidl_typesupport_fastrtps_c__visibility_control.h
[1.972s] -- Up-to-date symlink: /home/jsmoon/yax_jeju/install/interfaces_pkg/include/interfaces_pkg/interfaces_pkg/msg/detail/bounding_box2_d__rosidl_typesupport_introspection_c.h
[1.972s] -- Up-to-date symlink: /home/jsmoon/yax_jeju/install/interfaces_pkg/include/interfaces_pkg/interfaces_pkg/msg/detail/bounding_box3_d__rosidl_typesupport_introspection_c.h
[1.972s] -- Up-to-date symlink: /home/jsmoon/yax_jeju/install/interfaces_pkg/include/interfaces_pkg/interfaces_pkg/msg/detail/detection__rosidl_typesupport_introspection_c.h
[1.972s] -- Up-to-date symlink: /home/jsmoon/yax_jeju/install/interfaces_pkg/include/interfaces_pkg/interfaces_pkg/msg/detail/detection_array__rosidl_typesupport_introspection_c.h
[1.972s] -- Up-to-date symlink: /home/jsmoon/yax_jeju/install/interfaces_pkg/include/interfaces_pkg/interfaces_pkg/msg/detail/key_point2_d__rosidl_typesupport_introspection_c.h
[1.972s] -- Up-to-date symlink: /home/jsmoon/yax_jeju/install/interfaces_pkg/include/interfaces_pkg/interfaces_pkg/msg/detail/key_point2_d_array__rosidl_typesupport_introspection_c.h
[1.972s] -- Up-to-date symlink: /home/jsmoon/yax_jeju/install/interfaces_pkg/include/interfaces_pkg/interfaces_pkg/msg/detail/key_point3_d__rosidl_typesupport_introspection_c.h
[1.972s] -- Up-to-date symlink: /home/jsmoon/yax_jeju/install/interfaces_pkg/include/interfaces_pkg/interfaces_pkg/msg/detail/key_point3_d_array__rosidl_typesupport_introspection_c.h
[1.972s] -- Up-to-date symlink: /home/jsmoon/yax_jeju/install/interfaces_pkg/include/interfaces_pkg/interfaces_pkg/msg/detail/lane_info__rosidl_typesupport_introspection_c.h
[1.972s] -- Up-to-date symlink: /home/jsmoon/yax_jeju/install/interfaces_pkg/include/interfaces_pkg/interfaces_pkg/msg/detail/mask__rosidl_typesupport_introspection_c.h
[1.972s] -- Up-to-date symlink: /home/jsmoon/yax_jeju/install/interfaces_pkg/include/interfaces_pkg/interfaces_pkg/msg/detail/motion_command__rosidl_typesupport_introspection_c.h
[1.972s] -- Up-to-date symlink: /home/jsmoon/yax_jeju/install/interfaces_pkg/include/interfaces_pkg/interfaces_pkg/msg/detail/path_planning_result__rosidl_typesupport_introspection_c.h
[1.972s] -- Up-to-date symlink: /home/jsmoon/yax_jeju/install/interfaces_pkg/include/interfaces_pkg/interfaces_pkg/msg/detail/point2_d__rosidl_typesupport_introspection_c.h
[1.972s] -- Up-to-date symlink: /home/jsmoon/yax_jeju/install/interfaces_pkg/include/interfaces_pkg/interfaces_pkg/msg/detail/pose2_d__rosidl_typesupport_introspection_c.h
[1.976s] -- Up-to-date symlink: /home/jsmoon/yax_jeju/install/interfaces_pkg/include/interfaces_pkg/interfaces_pkg/msg/detail/target_point__rosidl_typesupport_introspection_c.h
[1.976s] -- Up-to-date symlink: /home/jsmoon/yax_jeju/install/interfaces_pkg/include/interfaces_pkg/interfaces_pkg/msg/detail/vector2__rosidl_typesupport_introspection_c.h
[1.976s] -- Up-to-date symlink: /home/jsmoon/yax_jeju/install/interfaces_pkg/include/interfaces_pkg/interfaces_pkg/msg/rosidl_typesupport_introspection_c__visibility_control.h
[1.977s] -- Up-to-date symlink: /home/jsmoon/yax_jeju/install/interfaces_pkg/include/interfaces_pkg/interfaces_pkg/msg/bounding_box2_d.hpp
[1.978s] -- Up-to-date symlink: /home/jsmoon/yax_jeju/install/interfaces_pkg/include/interfaces_pkg/interfaces_pkg/msg/bounding_box3_d.hpp
[1.978s] -- Up-to-date symlink: /home/jsmoon/yax_jeju/install/interfaces_pkg/include/interfaces_pkg/interfaces_pkg/msg/detail/bounding_box2_d__builder.hpp
[1.978s] -- Up-to-date symlink: /home/jsmoon/yax_jeju/install/interfaces_pkg/include/interfaces_pkg/interfaces_pkg/msg/detail/bounding_box2_d__struct.hpp
[1.978s] -- Up-to-date symlink: /home/jsmoon/yax_jeju/install/interfaces_pkg/include/interfaces_pkg/interfaces_pkg/msg/detail/bounding_box2_d__traits.hpp
[1.978s] -- Up-to-date symlink: /home/jsmoon/yax_jeju/install/interfaces_pkg/include/interfaces_pkg/interfaces_pkg/msg/detail/bounding_box2_d__type_support.hpp
[1.978s] -- Up-to-date symlink: /home/jsmoon/yax_jeju/install/interfaces_pkg/include/interfaces_pkg/interfaces_pkg/msg/detail/bounding_box3_d__builder.hpp
[1.979s] -- Up-to-date symlink: /home/jsmoon/yax_jeju/install/interfaces_pkg/include/interfaces_pkg/interfaces_pkg/msg/detail/bounding_box3_d__struct.hpp
[1.979s] -- Up-to-date symlink: /home/jsmoon/yax_jeju/install/interfaces_pkg/include/interfaces_pkg/interfaces_pkg/msg/detail/bounding_box3_d__traits.hpp
[1.979s] -- Up-to-date symlink: /home/jsmoon/yax_jeju/install/interfaces_pkg/include/interfaces_pkg/interfaces_pkg/msg/detail/bounding_box3_d__type_support.hpp
[1.979s] -- Up-to-date symlink: /home/jsmoon/yax_jeju/install/interfaces_pkg/include/interfaces_pkg/interfaces_pkg/msg/detail/detection__builder.hpp
[1.992s] -- Up-to-date symlink: /home/jsmoon/yax_jeju/install/interfaces_pkg/include/interfaces_pkg/interfaces_pkg/msg/detail/detection__struct.hpp
[1.992s] -- Up-to-date symlink: /home/jsmoon/yax_jeju/install/interfaces_pkg/include/interfaces_pkg/interfaces_pkg/msg/detail/detection__traits.hpp
[1.992s] -- Up-to-date symlink: /home/jsmoon/yax_jeju/install/interfaces_pkg/include/interfaces_pkg/interfaces_pkg/msg/detail/detection__type_support.hpp
[1.992s] -- Up-to-date symlink: /home/jsmoon/yax_jeju/install/interfaces_pkg/include/interfaces_pkg/interfaces_pkg/msg/detail/detection_array__builder.hpp
[1.993s] -- Up-to-date symlink: /home/jsmoon/yax_jeju/install/interfaces_pkg/include/interfaces_pkg/interfaces_pkg/msg/detail/detection_array__struct.hpp
[1.993s] -- Up-to-date symlink: /home/jsmoon/yax_jeju/install/interfaces_pkg/include/interfaces_pkg/interfaces_pkg/msg/detail/detection_array__traits.hpp
[1.993s] -- Up-to-date symlink: /home/jsmoon/yax_jeju/install/interfaces_pkg/include/interfaces_pkg/interfaces_pkg/msg/detail/detection_array__type_support.hpp
[1.993s] -- Up-to-date symlink: /home/jsmoon/yax_jeju/install/interfaces_pkg/include/interfaces_pkg/interfaces_pkg/msg/detail/key_point2_d__builder.hpp
[1.993s] -- Up-to-date symlink: /home/jsmoon/yax_jeju/install/interfaces_pkg/include/interfaces_pkg/interfaces_pkg/msg/detail/key_point2_d__struct.hpp
[1.993s] -- Up-to-date symlink: /home/jsmoon/yax_jeju/install/interfaces_pkg/include/interfaces_pkg/interfaces_pkg/msg/detail/key_point2_d__traits.hpp
[1.993s] -- Up-to-date symlink: /home/jsmoon/yax_jeju/install/interfaces_pkg/include/interfaces_pkg/interfaces_pkg/msg/detail/key_point2_d__type_support.hpp
[1.993s] -- Up-to-date symlink: /home/jsmoon/yax_jeju/install/interfaces_pkg/include/interfaces_pkg/interfaces_pkg/msg/detail/key_point2_d_array__builder.hpp
[1.993s] -- Up-to-date symlink: /home/jsmoon/yax_jeju/install/interfaces_pkg/include/interfaces_pkg/interfaces_pkg/msg/detail/key_point2_d_array__struct.hpp
[1.993s] -- Up-to-date symlink: /home/jsmoon/yax_jeju/install/interfaces_pkg/include/interfaces_pkg/interfaces_pkg/msg/detail/key_point2_d_array__traits.hpp
[1.993s] -- Up-to-date symlink: /home/jsmoon/yax_jeju/install/interfaces_pkg/include/interfaces_pkg/interfaces_pkg/msg/detail/key_point2_d_array__type_support.hpp
[1.993s] -- Up-to-date symlink: /home/jsmoon/yax_jeju/install/interfaces_pkg/include/interfaces_pkg/interfaces_pkg/msg/detail/key_point3_d__builder.hpp
[1.993s] -- Up-to-date symlink: /home/jsmoon/yax_jeju/install/interfaces_pkg/include/interfaces_pkg/interfaces_pkg/msg/detail/key_point3_d__struct.hpp
[1.993s] -- Up-to-date symlink: /home/jsmoon/yax_jeju/install/interfaces_pkg/include/interfaces_pkg/interfaces_pkg/msg/detail/key_point3_d__traits.hpp
[1.993s] -- Up-to-date symlink: /home/jsmoon/yax_jeju/install/interfaces_pkg/include/interfaces_pkg/interfaces_pkg/msg/detail/key_point3_d__type_support.hpp
[1.993s] -- Up-to-date symlink: /home/jsmoon/yax_jeju/install/interfaces_pkg/include/interfaces_pkg/interfaces_pkg/msg/detail/key_point3_d_array__builder.hpp
[1.993s] -- Up-to-date symlink: /home/jsmoon/yax_jeju/install/interfaces_pkg/include/interfaces_pkg/interfaces_pkg/msg/detail/key_point3_d_array__struct.hpp
[1.993s] -- Up-to-date symlink: /home/jsmoon/yax_jeju/install/interfaces_pkg/include/interfaces_pkg/interfaces_pkg/msg/detail/key_point3_d_array__traits.hpp
[1.993s] -- Up-to-date symlink: /home/jsmoon/yax_jeju/install/interfaces_pkg/include/interfaces_pkg/interfaces_pkg/msg/detail/key_point3_d_array__type_support.hpp
[1.993s] -- Up-to-date symlink: /home/jsmoon/yax_jeju/install/interfaces_pkg/include/interfaces_pkg/interfaces_pkg/msg/detail/lane_info__builder.hpp
[1.993s] -- Up-to-date symlink: /home/jsmoon/yax_jeju/install/interfaces_pkg/include/interfaces_pkg/interfaces_pkg/msg/detail/lane_info__struct.hpp
[1.993s] -- Up-to-date symlink: /home/jsmoon/yax_jeju/install/interfaces_pkg/include/interfaces_pkg/interfaces_pkg/msg/detail/lane_info__traits.hpp
[1.993s] -- Up-to-date symlink: /home/jsmoon/yax_jeju/install/interfaces_pkg/include/interfaces_pkg/interfaces_pkg/msg/detail/lane_info__type_support.hpp
[1.993s] -- Up-to-date symlink: /home/jsmoon/yax_jeju/install/interfaces_pkg/include/interfaces_pkg/interfaces_pkg/msg/detail/mask__builder.hpp
[1.993s] -- Up-to-date symlink: /home/jsmoon/yax_jeju/install/interfaces_pkg/include/interfaces_pkg/interfaces_pkg/msg/detail/mask__struct.hpp
[1.993s] -- Up-to-date symlink: /home/jsmoon/yax_jeju/install/interfaces_pkg/include/interfaces_pkg/interfaces_pkg/msg/detail/mask__traits.hpp
[1.994s] -- Up-to-date symlink: /home/jsmoon/yax_jeju/install/interfaces_pkg/include/interfaces_pkg/interfaces_pkg/msg/detail/mask__type_support.hpp
[1.994s] -- Up-to-date symlink: /home/jsmoon/yax_jeju/install/interfaces_pkg/include/interfaces_pkg/interfaces_pkg/msg/detail/motion_command__builder.hpp
[1.994s] -- Up-to-date symlink: /home/jsmoon/yax_jeju/install/interfaces_pkg/include/interfaces_pkg/interfaces_pkg/msg/detail/motion_command__struct.hpp
[1.994s] -- Up-to-date symlink: /home/jsmoon/yax_jeju/install/interfaces_pkg/include/interfaces_pkg/interfaces_pkg/msg/detail/motion_command__traits.hpp
[1.994s] -- Up-to-date symlink: /home/jsmoon/yax_jeju/install/interfaces_pkg/include/interfaces_pkg/interfaces_pkg/msg/detail/motion_command__type_support.hpp
[1.994s] -- Up-to-date symlink: /home/jsmoon/yax_jeju/install/interfaces_pkg/include/interfaces_pkg/interfaces_pkg/msg/detail/path_planning_result__builder.hpp
[1.994s] -- Up-to-date symlink: /home/jsmoon/yax_jeju/install/interfaces_pkg/include/interfaces_pkg/interfaces_pkg/msg/detail/path_planning_result__struct.hpp
[1.994s] -- Up-to-date symlink: /home/jsmoon/yax_jeju/install/interfaces_pkg/include/interfaces_pkg/interfaces_pkg/msg/detail/path_planning_result__traits.hpp
[1.994s] -- Up-to-date symlink: /home/jsmoon/yax_jeju/install/interfaces_pkg/include/interfaces_pkg/interfaces_pkg/msg/detail/path_planning_result__type_support.hpp
[1.994s] -- Up-to-date symlink: /home/jsmoon/yax_jeju/install/interfaces_pkg/include/interfaces_pkg/interfaces_pkg/msg/detail/point2_d__builder.hpp
[1.994s] -- Up-to-date symlink: /home/jsmoon/yax_jeju/install/interfaces_pkg/include/interfaces_pkg/interfaces_pkg/msg/detail/point2_d__struct.hpp
[1.994s] -- Up-to-date symlink: /home/jsmoon/yax_jeju/install/interfaces_pkg/include/interfaces_pkg/interfaces_pkg/msg/detail/point2_d__traits.hpp
[1.994s] -- Up-to-date symlink: /home/jsmoon/yax_jeju/install/interfaces_pkg/include/interfaces_pkg/interfaces_pkg/msg/detail/point2_d__type_support.hpp
[1.994s] -- Up-to-date symlink: /home/jsmoon/yax_jeju/install/interfaces_pkg/include/interfaces_pkg/interfaces_pkg/msg/detail/pose2_d__builder.hpp
[1.994s] -- Up-to-date symlink: /home/jsmoon/yax_jeju/install/interfaces_pkg/include/interfaces_pkg/interfaces_pkg/msg/detail/pose2_d__struct.hpp
[1.994s] -- Up-to-date symlink: /home/jsmoon/yax_jeju/install/interfaces_pkg/include/interfaces_pkg/interfaces_pkg/msg/detail/pose2_d__traits.hpp
[1.995s] -- Up-to-date symlink: /home/jsmoon/yax_jeju/install/interfaces_pkg/include/interfaces_pkg/interfaces_pkg/msg/detail/pose2_d__type_support.hpp
[1.995s] -- Up-to-date symlink: /home/jsmoon/yax_jeju/install/interfaces_pkg/include/interfaces_pkg/interfaces_pkg/msg/detail/target_point__builder.hpp
[1.995s] -- Up-to-date symlink: /home/jsmoon/yax_jeju/install/interfaces_pkg/include/interfaces_pkg/interfaces_pkg/msg/detail/target_point__struct.hpp
[1.996s] -- Up-to-date symlink: /home/jsmoon/yax_jeju/install/interfaces_pkg/include/interfaces_pkg/interfaces_pkg/msg/detail/target_point__traits.hpp
[1.996s] -- Up-to-date symlink: /home/jsmoon/yax_jeju/install/interfaces_pkg/include/interfaces_pkg/interfaces_pkg/msg/detail/target_point__type_support.hpp
[1.997s] -- Up-to-date symlink: /home/jsmoon/yax_jeju/install/interfaces_pkg/include/interfaces_pkg/interfaces_pkg/msg/detail/vector2__builder.hpp
[1.997s] -- Up-to-date symlink: /home/jsmoon/yax_jeju/install/interfaces_pkg/include/interfaces_pkg/interfaces_pkg/msg/detail/vector2__struct.hpp
[1.997s] -- Up-to-date symlink: /home/jsmoon/yax_jeju/install/interfaces_pkg/include/interfaces_pkg/interfaces_pkg/msg/detail/vector2__traits.hpp
[1.997s] -- Up-to-date symlink: /home/jsmoon/yax_jeju/install/interfaces_pkg/include/interfaces_pkg/interfaces_pkg/msg/detail/vector2__type_support.hpp
[1.997s] -- Up-to-date symlink: /home/jsmoon/yax_jeju/install/interfaces_pkg/include/interfaces_pkg/interfaces_pkg/msg/detection.hpp
[1.997s] -- Up-to-date symlink: /home/jsmoon/yax_jeju/install/interfaces_pkg/include/interfaces_pkg/interfaces_pkg/msg/detection_array.hpp
[1.997s] -- Up-to-date symlink: /home/jsmoon/yax_jeju/install/interfaces_pkg/include/interfaces_pkg/interfaces_pkg/msg/key_point2_d.hpp
[1.997s] -- Up-to-date symlink: /home/jsmoon/yax_jeju/install/interfaces_pkg/include/interfaces_pkg/interfaces_pkg/msg/key_point2_d_array.hpp
[1.997s] -- Up-to-date symlink: /home/jsmoon/yax_jeju/install/interfaces_pkg/include/interfaces_pkg/interfaces_pkg/msg/key_point3_d.hpp
[1.997s] -- Up-to-date symlink: /home/jsmoon/yax_jeju/install/interfaces_pkg/include/interfaces_pkg/interfaces_pkg/msg/key_point3_d_array.hpp
[1.997s] -- Up-to-date symlink: /home/jsmoon/yax_jeju/install/interfaces_pkg/include/interfaces_pkg/interfaces_pkg/msg/lane_info.hpp
[1.997s] -- Up-to-date symlink: /home/jsmoon/yax_jeju/install/interfaces_pkg/include/interfaces_pkg/interfaces_pkg/msg/mask.hpp
[1.997s] -- Up-to-date symlink: /home/jsmoon/yax_jeju/install/interfaces_pkg/include/interfaces_pkg/interfaces_pkg/msg/motion_command.hpp
[1.997s] -- Up-to-date symlink: /home/jsmoon/yax_jeju/install/interfaces_pkg/include/interfaces_pkg/interfaces_pkg/msg/path_planning_result.hpp
[1.997s] -- Up-to-date symlink: /home/jsmoon/yax_jeju/install/interfaces_pkg/include/interfaces_pkg/interfaces_pkg/msg/point2_d.hpp
[1.997s] -- Up-to-date symlink: /home/jsmoon/yax_jeju/install/interfaces_pkg/include/interfaces_pkg/interfaces_pkg/msg/pose2_d.hpp
[1.997s] -- Up-to-date symlink: /home/jsmoon/yax_jeju/install/interfaces_pkg/include/interfaces_pkg/interfaces_pkg/msg/rosidl_generator_cpp__visibility_control.hpp
[1.997s] -- Up-to-date symlink: /home/jsmoon/yax_jeju/install/interfaces_pkg/include/interfaces_pkg/interfaces_pkg/msg/target_point.hpp
[1.998s] -- Up-to-date symlink: /home/jsmoon/yax_jeju/install/interfaces_pkg/include/interfaces_pkg/interfaces_pkg/msg/vector2.hpp
[1.998s] -- Up-to-date symlink: /home/jsmoon/yax_jeju/install/interfaces_pkg/include/interfaces_pkg/interfaces_pkg/msg/detail/bounding_box2_d__rosidl_typesupport_fastrtps_cpp.hpp
[1.998s] -- Up-to-date symlink: /home/jsmoon/yax_jeju/install/interfaces_pkg/include/interfaces_pkg/interfaces_pkg/msg/detail/bounding_box3_d__rosidl_typesupport_fastrtps_cpp.hpp
[1.998s] -- Up-to-date symlink: /home/jsmoon/yax_jeju/install/interfaces_pkg/include/interfaces_pkg/interfaces_pkg/msg/detail/detection__rosidl_typesupport_fastrtps_cpp.hpp
[1.998s] -- Up-to-date symlink: /home/jsmoon/yax_jeju/install/interfaces_pkg/include/interfaces_pkg/interfaces_pkg/msg/detail/detection_array__rosidl_typesupport_fastrtps_cpp.hpp
[1.998s] -- Up-to-date symlink: /home/jsmoon/yax_jeju/install/interfaces_pkg/include/interfaces_pkg/interfaces_pkg/msg/detail/key_point2_d__rosidl_typesupport_fastrtps_cpp.hpp
[1.998s] -- Up-to-date symlink: /home/jsmoon/yax_jeju/install/interfaces_pkg/include/interfaces_pkg/interfaces_pkg/msg/detail/key_point2_d_array__rosidl_typesupport_fastrtps_cpp.hpp
[1.998s] -- Up-to-date symlink: /home/jsmoon/yax_jeju/install/interfaces_pkg/include/interfaces_pkg/interfaces_pkg/msg/detail/key_point3_d__rosidl_typesupport_fastrtps_cpp.hpp
[1.998s] -- Up-to-date symlink: /home/jsmoon/yax_jeju/install/interfaces_pkg/include/interfaces_pkg/interfaces_pkg/msg/detail/key_point3_d_array__rosidl_typesupport_fastrtps_cpp.hpp
[1.998s] -- Up-to-date symlink: /home/jsmoon/yax_jeju/install/interfaces_pkg/include/interfaces_pkg/interfaces_pkg/msg/detail/lane_info__rosidl_typesupport_fastrtps_cpp.hpp
[1.998s] -- Up-to-date symlink: /home/jsmoon/yax_jeju/install/interfaces_pkg/include/interfaces_pkg/interfaces_pkg/msg/detail/mask__rosidl_typesupport_fastrtps_cpp.hpp
[1.998s] -- Up-to-date symlink: /home/jsmoon/yax_jeju/install/interfaces_pkg/include/interfaces_pkg/interfaces_pkg/msg/detail/motion_command__rosidl_typesupport_fastrtps_cpp.hpp
[1.998s] -- Up-to-date symlink: /home/jsmoon/yax_jeju/install/interfaces_pkg/include/interfaces_pkg/interfaces_pkg/msg/detail/path_planning_result__rosidl_typesupport_fastrtps_cpp.hpp
[1.998s] -- Up-to-date symlink: /home/jsmoon/yax_jeju/install/interfaces_pkg/include/interfaces_pkg/interfaces_pkg/msg/detail/point2_d__rosidl_typesupport_fastrtps_cpp.hpp
[1.998s] -- Up-to-date symlink: /home/jsmoon/yax_jeju/install/interfaces_pkg/include/interfaces_pkg/interfaces_pkg/msg/detail/pose2_d__rosidl_typesupport_fastrtps_cpp.hpp
[1.998s] -- Up-to-date symlink: /home/jsmoon/yax_jeju/install/interfaces_pkg/include/interfaces_pkg/interfaces_pkg/msg/detail/target_point__rosidl_typesupport_fastrtps_cpp.hpp
[1.999s] -- Up-to-date symlink: /home/jsmoon/yax_jeju/install/interfaces_pkg/include/interfaces_pkg/interfaces_pkg/msg/detail/vector2__rosidl_typesupport_fastrtps_cpp.hpp
[1.999s] -- Up-to-date symlink: /home/jsmoon/yax_jeju/install/interfaces_pkg/include/interfaces_pkg/interfaces_pkg/msg/rosidl_typesupport_fastrtps_cpp__visibility_control.h
[1.999s] -- Up-to-date symlink: /home/jsmoon/yax_jeju/install/interfaces_pkg/include/interfaces_pkg/interfaces_pkg/msg/detail/bounding_box2_d__rosidl_typesupport_introspection_cpp.hpp
[1.999s] -- Up-to-date symlink: /home/jsmoon/yax_jeju/install/interfaces_pkg/include/interfaces_pkg/interfaces_pkg/msg/detail/bounding_box3_d__rosidl_typesupport_introspection_cpp.hpp
[1.999s] -- Up-to-date symlink: /home/jsmoon/yax_jeju/install/interfaces_pkg/include/interfaces_pkg/interfaces_pkg/msg/detail/detection__rosidl_typesupport_introspection_cpp.hpp
[1.999s] -- Up-to-date symlink: /home/jsmoon/yax_jeju/install/interfaces_pkg/include/interfaces_pkg/interfaces_pkg/msg/detail/detection_array__rosidl_typesupport_introspection_cpp.hpp
[1.999s] -- Up-to-date symlink: /home/jsmoon/yax_jeju/install/interfaces_pkg/include/interfaces_pkg/interfaces_pkg/msg/detail/key_point2_d__rosidl_typesupport_introspection_cpp.hpp
[1.999s] -- Up-to-date symlink: /home/jsmoon/yax_jeju/install/interfaces_pkg/include/interfaces_pkg/interfaces_pkg/msg/detail/key_point2_d_array__rosidl_typesupport_introspection_cpp.hpp
[1.999s] -- Up-to-date symlink: /home/jsmoon/yax_jeju/install/interfaces_pkg/include/interfaces_pkg/interfaces_pkg/msg/detail/key_point3_d__rosidl_typesupport_introspection_cpp.hpp
[1.999s] -- Up-to-date symlink: /home/jsmoon/yax_jeju/install/interfaces_pkg/include/interfaces_pkg/interfaces_pkg/msg/detail/key_point3_d_array__rosidl_typesupport_introspection_cpp.hpp
[1.999s] -- Up-to-date symlink: /home/jsmoon/yax_jeju/install/interfaces_pkg/include/interfaces_pkg/interfaces_pkg/msg/detail/lane_info__rosidl_typesupport_introspection_cpp.hpp
[1.999s] -- Up-to-date symlink: /home/jsmoon/yax_jeju/install/interfaces_pkg/include/interfaces_pkg/interfaces_pkg/msg/detail/mask__rosidl_typesupport_introspection_cpp.hpp
[1.999s] -- Up-to-date symlink: /home/jsmoon/yax_jeju/install/interfaces_pkg/include/interfaces_pkg/interfaces_pkg/msg/detail/motion_command__rosidl_typesupport_introspection_cpp.hpp
[1.999s] -- Up-to-date symlink: /home/jsmoon/yax_jeju/install/interfaces_pkg/include/interfaces_pkg/interfaces_pkg/msg/detail/path_planning_result__rosidl_typesupport_introspection_cpp.hpp
[2.000s] -- Up-to-date symlink: /home/jsmoon/yax_jeju/install/interfaces_pkg/include/interfaces_pkg/interfaces_pkg/msg/detail/point2_d__rosidl_typesupport_introspection_cpp.hpp
[2.000s] -- Up-to-date symlink: /home/jsmoon/yax_jeju/install/interfaces_pkg/include/interfaces_pkg/interfaces_pkg/msg/detail/pose2_d__rosidl_typesupport_introspection_cpp.hpp
[2.000s] -- Up-to-date symlink: /home/jsmoon/yax_jeju/install/interfaces_pkg/include/interfaces_pkg/interfaces_pkg/msg/detail/target_point__rosidl_typesupport_introspection_cpp.hpp
[2.000s] -- Up-to-date symlink: /home/jsmoon/yax_jeju/install/interfaces_pkg/include/interfaces_pkg/interfaces_pkg/msg/detail/vector2__rosidl_typesupport_introspection_cpp.hpp
[2.000s] -- Up-to-date symlink: /home/jsmoon/yax_jeju/install/interfaces_pkg/share/interfaces_pkg/environment/pythonpath.sh
[2.000s] -- Up-to-date symlink: /home/jsmoon/yax_jeju/install/interfaces_pkg/share/interfaces_pkg/environment/pythonpath.dsv
[2.000s] -- Up-to-date symlink: /home/jsmoon/yax_jeju/install/interfaces_pkg/local/lib/python3.10/dist-packages/interfaces_pkg-0.0.0-py3.10.egg-info/PKG-INFO
[2.000s] -- Up-to-date symlink: /home/jsmoon/yax_jeju/install/interfaces_pkg/local/lib/python3.10/dist-packages/interfaces_pkg-0.0.0-py3.10.egg-info/SOURCES.txt
[2.000s] -- Up-to-date symlink: /home/jsmoon/yax_jeju/install/interfaces_pkg/local/lib/python3.10/dist-packages/interfaces_pkg-0.0.0-py3.10.egg-info/dependency_links.txt
[2.000s] -- Up-to-date symlink: /home/jsmoon/yax_jeju/install/interfaces_pkg/local/lib/python3.10/dist-packages/interfaces_pkg-0.0.0-py3.10.egg-info/top_level.txt
[2.000s] -- Up-to-date symlink: /home/jsmoon/yax_jeju/install/interfaces_pkg/local/lib/python3.10/dist-packages/interfaces_pkg/__init__.py
[2.000s] -- Up-to-date symlink: /home/jsmoon/yax_jeju/install/interfaces_pkg/local/lib/python3.10/dist-packages/interfaces_pkg/_interfaces_pkg_s.ep.rosidl_typesupport_c.c
[2.000s] -- Up-to-date symlink: /home/jsmoon/yax_jeju/install/interfaces_pkg/local/lib/python3.10/dist-packages/interfaces_pkg/_interfaces_pkg_s.ep.rosidl_typesupport_fastrtps_c.c
[2.000s] -- Up-to-date symlink: /home/jsmoon/yax_jeju/install/interfaces_pkg/local/lib/python3.10/dist-packages/interfaces_pkg/_interfaces_pkg_s.ep.rosidl_typesupport_introspection_c.c
[2.000s] -- Up-to-date symlink: /home/jsmoon/yax_jeju/install/interfaces_pkg/local/lib/python3.10/dist-packages/interfaces_pkg/interfaces_pkg_s__rosidl_typesupport_c.cpython-310-x86_64-linux-gnu.so
[2.000s] -- Up-to-date symlink: /home/jsmoon/yax_jeju/install/interfaces_pkg/local/lib/python3.10/dist-packages/interfaces_pkg/interfaces_pkg_s__rosidl_typesupport_fastrtps_c.cpython-310-x86_64-linux-gnu.so
[2.000s] -- Up-to-date symlink: /home/jsmoon/yax_jeju/install/interfaces_pkg/local/lib/python3.10/dist-packages/interfaces_pkg/interfaces_pkg_s__rosidl_typesupport_introspection_c.cpython-310-x86_64-linux-gnu.so
[2.000s] -- Up-to-date symlink: /home/jsmoon/yax_jeju/install/interfaces_pkg/local/lib/python3.10/dist-packages/interfaces_pkg/libinterfaces_pkg__rosidl_generator_py.so
[2.000s] -- Up-to-date symlink: /home/jsmoon/yax_jeju/install/interfaces_pkg/local/lib/python3.10/dist-packages/interfaces_pkg/msg/__init__.py
[2.000s] -- Up-to-date symlink: /home/jsmoon/yax_jeju/install/interfaces_pkg/local/lib/python3.10/dist-packages/interfaces_pkg/msg/_bounding_box2_d.py
[2.000s] -- Up-to-date symlink: /home/jsmoon/yax_jeju/install/interfaces_pkg/local/lib/python3.10/dist-packages/interfaces_pkg/msg/_bounding_box2_d_s.c
[2.000s] -- Up-to-date symlink: /home/jsmoon/yax_jeju/install/interfaces_pkg/local/lib/python3.10/dist-packages/interfaces_pkg/msg/_bounding_box3_d.py
[2.000s] -- Up-to-date symlink: /home/jsmoon/yax_jeju/install/interfaces_pkg/local/lib/python3.10/dist-packages/interfaces_pkg/msg/_bounding_box3_d_s.c
[2.000s] -- Up-to-date symlink: /home/jsmoon/yax_jeju/install/interfaces_pkg/local/lib/python3.10/dist-packages/interfaces_pkg/msg/_detection.py
[2.000s] -- Up-to-date symlink: /home/jsmoon/yax_jeju/install/interfaces_pkg/local/lib/python3.10/dist-packages/interfaces_pkg/msg/_detection_array.py
[2.000s] -- Up-to-date symlink: /home/jsmoon/yax_jeju/install/interfaces_pkg/local/lib/python3.10/dist-packages/interfaces_pkg/msg/_detection_array_s.c
[2.000s] -- Up-to-date symlink: /home/jsmoon/yax_jeju/install/interfaces_pkg/local/lib/python3.10/dist-packages/interfaces_pkg/msg/_detection_s.c
[2.001s] -- Up-to-date symlink: /home/jsmoon/yax_jeju/install/interfaces_pkg/local/lib/python3.10/dist-packages/interfaces_pkg/msg/_key_point2_d.py
[2.001s] -- Up-to-date symlink: /home/jsmoon/yax_jeju/install/interfaces_pkg/local/lib/python3.10/dist-packages/interfaces_pkg/msg/_key_point2_d_array.py
[2.001s] -- Up-to-date symlink: /home/jsmoon/yax_jeju/install/interfaces_pkg/local/lib/python3.10/dist-packages/interfaces_pkg/msg/_key_point2_d_array_s.c
[2.001s] -- Up-to-date symlink: /home/jsmoon/yax_jeju/install/interfaces_pkg/local/lib/python3.10/dist-packages/interfaces_pkg/msg/_key_point2_d_s.c
[2.001s] -- Up-to-date symlink: /home/jsmoon/yax_jeju/install/interfaces_pkg/local/lib/python3.10/dist-packages/interfaces_pkg/msg/_key_point3_d.py
[2.001s] -- Up-to-date symlink: /home/jsmoon/yax_jeju/install/interfaces_pkg/local/lib/python3.10/dist-packages/interfaces_pkg/msg/_key_point3_d_array.py
[2.001s] -- Up-to-date symlink: /home/jsmoon/yax_jeju/install/interfaces_pkg/local/lib/python3.10/dist-packages/interfaces_pkg/msg/_key_point3_d_array_s.c
[2.001s] -- Up-to-date symlink: /home/jsmoon/yax_jeju/install/interfaces_pkg/local/lib/python3.10/dist-packages/interfaces_pkg/msg/_key_point3_d_s.c
[2.001s] -- Up-to-date symlink: /home/jsmoon/yax_jeju/install/interfaces_pkg/local/lib/python3.10/dist-packages/interfaces_pkg/msg/_lane_info.py
[2.001s] -- Up-to-date symlink: /home/jsmoon/yax_jeju/install/interfaces_pkg/local/lib/python3.10/dist-packages/interfaces_pkg/msg/_lane_info_s.c
[2.001s] -- Up-to-date symlink: /home/jsmoon/yax_jeju/install/interfaces_pkg/local/lib/python3.10/dist-packages/interfaces_pkg/msg/_mask.py
[2.001s] -- Up-to-date symlink: /home/jsmoon/yax_jeju/install/interfaces_pkg/local/lib/python3.10/dist-packages/interfaces_pkg/msg/_mask_s.c
[2.001s] -- Up-to-date symlink: /home/jsmoon/yax_jeju/install/interfaces_pkg/local/lib/python3.10/dist-packages/interfaces_pkg/msg/_motion_command.py
[2.001s] -- Up-to-date symlink: /home/jsmoon/yax_jeju/install/interfaces_pkg/local/lib/python3.10/dist-packages/interfaces_pkg/msg/_motion_command_s.c
[2.001s] -- Up-to-date symlink: /home/jsmoon/yax_jeju/install/interfaces_pkg/local/lib/python3.10/dist-packages/interfaces_pkg/msg/_path_planning_result.py
[2.001s] -- Up-to-date symlink: /home/jsmoon/yax_jeju/install/interfaces_pkg/local/lib/python3.10/dist-packages/interfaces_pkg/msg/_path_planning_result_s.c
[2.001s] -- Up-to-date symlink: /home/jsmoon/yax_jeju/install/interfaces_pkg/local/lib/python3.10/dist-packages/interfaces_pkg/msg/_point2_d.py
[2.001s] -- Up-to-date symlink: /home/jsmoon/yax_jeju/install/interfaces_pkg/local/lib/python3.10/dist-packages/interfaces_pkg/msg/_point2_d_s.c
[2.001s] -- Up-to-date symlink: /home/jsmoon/yax_jeju/install/interfaces_pkg/local/lib/python3.10/dist-packages/interfaces_pkg/msg/_pose2_d.py
[2.001s] -- Up-to-date symlink: /home/jsmoon/yax_jeju/install/interfaces_pkg/local/lib/python3.10/dist-packages/interfaces_pkg/msg/_pose2_d_s.c
[2.001s] -- Up-to-date symlink: /home/jsmoon/yax_jeju/install/interfaces_pkg/local/lib/python3.10/dist-packages/interfaces_pkg/msg/_target_point.py
[2.001s] -- Up-to-date symlink: /home/jsmoon/yax_jeju/install/interfaces_pkg/local/lib/python3.10/dist-packages/interfaces_pkg/msg/_target_point_s.c
[2.001s] -- Up-to-date symlink: /home/jsmoon/yax_jeju/install/interfaces_pkg/local/lib/python3.10/dist-packages/interfaces_pkg/msg/_vector2.py
[2.001s] -- Up-to-date symlink: /home/jsmoon/yax_jeju/install/interfaces_pkg/local/lib/python3.10/dist-packages/interfaces_pkg/msg/_vector2_s.c
[2.001s] -- Up-to-date symlink: /home/jsmoon/yax_jeju/install/interfaces_pkg/local/lib/python3.10/dist-packages/interfaces_pkg/interfaces_pkg_s__rosidl_typesupport_fastrtps_c.cpython-310-x86_64-linux-gnu.so
[2.001s] -- Up-to-date symlink: /home/jsmoon/yax_jeju/install/interfaces_pkg/local/lib/python3.10/dist-packages/interfaces_pkg/interfaces_pkg_s__rosidl_typesupport_introspection_c.cpython-310-x86_64-linux-gnu.so
[2.001s] -- Up-to-date symlink: /home/jsmoon/yax_jeju/install/interfaces_pkg/local/lib/python3.10/dist-packages/interfaces_pkg/interfaces_pkg_s__rosidl_typesupport_c.cpython-310-x86_64-linux-gnu.so
[2.001s] -- Up-to-date symlink: /home/jsmoon/yax_jeju/install/interfaces_pkg/share/interfaces_pkg/msg/Point2D.idl
[2.001s] -- Up-to-date symlink: /home/jsmoon/yax_jeju/install/interfaces_pkg/share/interfaces_pkg/msg/Vector2.idl
[2.001s] -- Up-to-date symlink: /home/jsmoon/yax_jeju/install/interfaces_pkg/share/interfaces_pkg/msg/Pose2D.idl
[2.001s] -- Up-to-date symlink: /home/jsmoon/yax_jeju/install/interfaces_pkg/share/interfaces_pkg/msg/BoundingBox2D.idl
[2.001s] -- Up-to-date symlink: /home/jsmoon/yax_jeju/install/interfaces_pkg/share/interfaces_pkg/msg/BoundingBox3D.idl
[2.001s] -- Up-to-date symlink: /home/jsmoon/yax_jeju/install/interfaces_pkg/share/interfaces_pkg/msg/Mask.idl
[2.001s] -- Up-to-date symlink: /home/jsmoon/yax_jeju/install/interfaces_pkg/share/interfaces_pkg/msg/KeyPoint2D.idl
[2.002s] -- Up-to-date symlink: /home/jsmoon/yax_jeju/install/interfaces_pkg/share/interfaces_pkg/msg/KeyPoint2DArray.idl
[2.002s] -- Up-to-date symlink: /home/jsmoon/yax_jeju/install/interfaces_pkg/share/interfaces_pkg/msg/KeyPoint3D.idl
[2.002s] -- Up-to-date symlink: /home/jsmoon/yax_jeju/install/interfaces_pkg/share/interfaces_pkg/msg/KeyPoint3DArray.idl
[2.002s] -- Up-to-date symlink: /home/jsmoon/yax_jeju/install/interfaces_pkg/share/interfaces_pkg/msg/Detection.idl
[2.002s] -- Up-to-date symlink: /home/jsmoon/yax_jeju/install/interfaces_pkg/share/interfaces_pkg/msg/DetectionArray.idl
[2.002s] -- Up-to-date symlink: /home/jsmoon/yax_jeju/install/interfaces_pkg/share/interfaces_pkg/msg/LaneInfo.idl
[2.002s] -- Up-to-date symlink: /home/jsmoon/yax_jeju/install/interfaces_pkg/share/interfaces_pkg/msg/MotionCommand.idl
[2.002s] -- Up-to-date symlink: /home/jsmoon/yax_jeju/install/interfaces_pkg/share/interfaces_pkg/msg/TargetPoint.idl
[2.002s] -- Up-to-date symlink: /home/jsmoon/yax_jeju/install/interfaces_pkg/share/interfaces_pkg/msg/PathPlanningResult.idl
[2.002s] -- Up-to-date symlink: /home/jsmoon/yax_jeju/install/interfaces_pkg/share/interfaces_pkg/msg/Point2D.msg
[2.002s] -- Up-to-date symlink: /home/jsmoon/yax_jeju/install/interfaces_pkg/share/interfaces_pkg/msg/Vector2.msg
[2.002s] -- Up-to-date symlink: /home/jsmoon/yax_jeju/install/interfaces_pkg/share/interfaces_pkg/msg/Pose2D.msg
[2.002s] -- Up-to-date symlink: /home/jsmoon/yax_jeju/install/interfaces_pkg/share/interfaces_pkg/msg/BoundingBox2D.msg
[2.002s] -- Up-to-date symlink: /home/jsmoon/yax_jeju/install/interfaces_pkg/share/interfaces_pkg/msg/BoundingBox3D.msg
[2.002s] -- Up-to-date symlink: /home/jsmoon/yax_jeju/install/interfaces_pkg/share/interfaces_pkg/msg/Mask.msg
[2.002s] -- Up-to-date symlink: /home/jsmoon/yax_jeju/install/interfaces_pkg/share/interfaces_pkg/msg/KeyPoint2D.msg
[2.002s] -- Up-to-date symlink: /home/jsmoon/yax_jeju/install/interfaces_pkg/share/interfaces_pkg/msg/KeyPoint2DArray.msg
[2.002s] -- Up-to-date symlink: /home/jsmoon/yax_jeju/install/interfaces_pkg/share/interfaces_pkg/msg/KeyPoint3D.msg
[2.002s] -- Up-to-date symlink: /home/jsmoon/yax_jeju/install/interfaces_pkg/share/interfaces_pkg/msg/KeyPoint3DArray.msg
[2.002s] -- Up-to-date symlink: /home/jsmoon/yax_jeju/install/interfaces_pkg/share/interfaces_pkg/msg/Detection.msg
[2.002s] -- Up-to-date symlink: /home/jsmoon/yax_jeju/install/interfaces_pkg/share/interfaces_pkg/msg/DetectionArray.msg
[2.002s] -- Up-to-date symlink: /home/jsmoon/yax_jeju/install/interfaces_pkg/share/interfaces_pkg/msg/LaneInfo.msg
[2.002s] -- Up-to-date symlink: /home/jsmoon/yax_jeju/install/interfaces_pkg/share/interfaces_pkg/msg/MotionCommand.msg
[2.002s] -- Up-to-date symlink: /home/jsmoon/yax_jeju/install/interfaces_pkg/share/interfaces_pkg/msg/TargetPoint.msg
[2.002s] -- Up-to-date symlink: /home/jsmoon/yax_jeju/install/interfaces_pkg/share/interfaces_pkg/msg/PathPlanningResult.msg
[2.002s] -- Up-to-date symlink: /home/jsmoon/yax_jeju/install/interfaces_pkg/share/ament_index/resource_index/package_run_dependencies/interfaces_pkg
[2.002s] -- Up-to-date symlink: /home/jsmoon/yax_jeju/install/interfaces_pkg/share/ament_index/resource_index/parent_prefix_path/interfaces_pkg
[2.003s] -- Up-to-date symlink: /home/jsmoon/yax_jeju/install/interfaces_pkg/share/interfaces_pkg/environment/ament_prefix_path.sh
[2.003s] -- Up-to-date symlink: /home/jsmoon/yax_jeju/install/interfaces_pkg/share/interfaces_pkg/environment/ament_prefix_path.dsv
[2.003s] -- Up-to-date symlink: /home/jsmoon/yax_jeju/install/interfaces_pkg/share/interfaces_pkg/environment/path.sh
[2.003s] -- Up-to-date symlink: /home/jsmoon/yax_jeju/install/interfaces_pkg/share/interfaces_pkg/environment/path.dsv
[2.003s] -- Up-to-date symlink: /home/jsmoon/yax_jeju/install/interfaces_pkg/share/interfaces_pkg/local_setup.bash
[2.003s] -- Up-to-date symlink: /home/jsmoon/yax_jeju/install/interfaces_pkg/share/interfaces_pkg/local_setup.sh
[2.003s] -- Up-to-date symlink: /home/jsmoon/yax_jeju/install/interfaces_pkg/share/interfaces_pkg/local_setup.zsh
[2.003s] -- Up-to-date symlink: /home/jsmoon/yax_jeju/install/interfaces_pkg/share/interfaces_pkg/local_setup.dsv
[2.003s] -- Symlinking: /home/jsmoon/yax_jeju/install/interfaces_pkg/share/interfaces_pkg/package.dsv
[2.004s] -- Up-to-date symlink: /home/jsmoon/yax_jeju/install/interfaces_pkg/share/ament_index/resource_index/packages/interfaces_pkg
[2.004s] -- Up-to-date symlink: /home/jsmoon/yax_jeju/install/interfaces_pkg/share/interfaces_pkg/cmake/rosidl_cmake-extras.cmake
[2.004s] -- Up-to-date symlink: /home/jsmoon/yax_jeju/install/interfaces_pkg/share/interfaces_pkg/cmake/ament_cmake_export_dependencies-extras.cmake
[2.004s] -- Up-to-date symlink: /home/jsmoon/yax_jeju/install/interfaces_pkg/share/interfaces_pkg/cmake/ament_cmake_export_include_directories-extras.cmake
[2.004s] -- Up-to-date symlink: /home/jsmoon/yax_jeju/install/interfaces_pkg/share/interfaces_pkg/cmake/ament_cmake_export_libraries-extras.cmake
[2.004s] -- Up-to-date symlink: /home/jsmoon/yax_jeju/install/interfaces_pkg/share/interfaces_pkg/cmake/ament_cmake_export_targets-extras.cmake
[2.004s] -- Up-to-date symlink: /home/jsmoon/yax_jeju/install/interfaces_pkg/share/interfaces_pkg/cmake/rosidl_cmake_export_typesupport_targets-extras.cmake
[2.004s] -- Up-to-date symlink: /home/jsmoon/yax_jeju/install/interfaces_pkg/share/interfaces_pkg/cmake/rosidl_cmake_export_typesupport_libraries-extras.cmake
[2.004s] -- Up-to-date symlink: /home/jsmoon/yax_jeju/install/interfaces_pkg/share/interfaces_pkg/cmake/interfaces_pkgConfig.cmake
[2.004s] -- Up-to-date symlink: /home/jsmoon/yax_jeju/install/interfaces_pkg/share/interfaces_pkg/cmake/interfaces_pkgConfig-version.cmake
[2.004s] -- Up-to-date symlink: /home/jsmoon/yax_jeju/install/interfaces_pkg/share/interfaces_pkg/package.xml
[2.004s] -- Up-to-date: /home/jsmoon/yax_jeju/install/interfaces_pkg/lib/libinterfaces_pkg__rosidl_generator_c.so
[2.004s] -- Up-to-date: /home/jsmoon/yax_jeju/install/interfaces_pkg/lib/libinterfaces_pkg__rosidl_typesupport_fastrtps_c.so
[2.004s] -- Up-to-date: /home/jsmoon/yax_jeju/install/interfaces_pkg/lib/libinterfaces_pkg__rosidl_typesupport_introspection_c.so
[2.004s] -- Up-to-date: /home/jsmoon/yax_jeju/install/interfaces_pkg/lib/libinterfaces_pkg__rosidl_typesupport_c.so
[2.004s] -- Up-to-date: /home/jsmoon/yax_jeju/install/interfaces_pkg/lib/libinterfaces_pkg__rosidl_typesupport_fastrtps_cpp.so
[2.004s] -- Up-to-date: /home/jsmoon/yax_jeju/install/interfaces_pkg/lib/libinterfaces_pkg__rosidl_typesupport_introspection_cpp.so
[2.004s] -- Up-to-date: /home/jsmoon/yax_jeju/install/interfaces_pkg/lib/libinterfaces_pkg__rosidl_typesupport_cpp.so
[2.096s] Listing '/home/jsmoon/yax_jeju/install/interfaces_pkg/local/lib/python3.10/dist-packages/interfaces_pkg'...
[2.097s] Listing '/home/jsmoon/yax_jeju/install/interfaces_pkg/local/lib/python3.10/dist-packages/interfaces_pkg/msg'...
[2.097s] -- Up-to-date: /home/jsmoon/yax_jeju/install/interfaces_pkg/lib/libinterfaces_pkg__rosidl_generator_py.so
[2.097s] -- Up-to-date: /home/jsmoon/yax_jeju/install/interfaces_pkg/share/interfaces_pkg/cmake/export_interfaces_pkg__rosidl_generator_cExport.cmake
[2.097s] -- Up-to-date: /home/jsmoon/yax_jeju/install/interfaces_pkg/share/interfaces_pkg/cmake/export_interfaces_pkg__rosidl_generator_cExport-noconfig.cmake
[2.097s] -- Up-to-date: /home/jsmoon/yax_jeju/install/interfaces_pkg/share/interfaces_pkg/cmake/export_interfaces_pkg__rosidl_typesupport_fastrtps_cExport.cmake
[2.097s] -- Up-to-date: /home/jsmoon/yax_jeju/install/interfaces_pkg/share/interfaces_pkg/cmake/export_interfaces_pkg__rosidl_typesupport_fastrtps_cExport-noconfig.cmake
[2.097s] -- Up-to-date: /home/jsmoon/yax_jeju/install/interfaces_pkg/share/interfaces_pkg/cmake/interfaces_pkg__rosidl_typesupport_introspection_cExport.cmake
[2.097s] -- Up-to-date: /home/jsmoon/yax_jeju/install/interfaces_pkg/share/interfaces_pkg/cmake/interfaces_pkg__rosidl_typesupport_introspection_cExport-noconfig.cmake
[2.097s] -- Up-to-date: /home/jsmoon/yax_jeju/install/interfaces_pkg/share/interfaces_pkg/cmake/interfaces_pkg__rosidl_typesupport_cExport.cmake
[2.097s] -- Up-to-date: /home/jsmoon/yax_jeju/install/interfaces_pkg/share/interfaces_pkg/cmake/interfaces_pkg__rosidl_typesupport_cExport-noconfig.cmake
[2.097s] -- Up-to-date: /home/jsmoon/yax_jeju/install/interfaces_pkg/share/interfaces_pkg/cmake/export_interfaces_pkg__rosidl_generator_cppExport.cmake
[2.097s] -- Up-to-date: /home/jsmoon/yax_jeju/install/interfaces_pkg/share/interfaces_pkg/cmake/export_interfaces_pkg__rosidl_typesupport_fastrtps_cppExport.cmake
[2.097s] -- Up-to-date: /home/jsmoon/yax_jeju/install/interfaces_pkg/share/interfaces_pkg/cmake/export_interfaces_pkg__rosidl_typesupport_fastrtps_cppExport-noconfig.cmake
[2.097s] -- Up-to-date: /home/jsmoon/yax_jeju/install/interfaces_pkg/share/interfaces_pkg/cmake/interfaces_pkg__rosidl_typesupport_introspection_cppExport.cmake
[2.097s] -- Up-to-date: /home/jsmoon/yax_jeju/install/interfaces_pkg/share/interfaces_pkg/cmake/interfaces_pkg__rosidl_typesupport_introspection_cppExport-noconfig.cmake
[2.097s] -- Up-to-date: /home/jsmoon/yax_jeju/install/interfaces_pkg/share/interfaces_pkg/cmake/interfaces_pkg__rosidl_typesupport_cppExport.cmake
[2.098s] -- Up-to-date: /home/jsmoon/yax_jeju/install/interfaces_pkg/share/interfaces_pkg/cmake/interfaces_pkg__rosidl_typesupport_cppExport-noconfig.cmake
[2.098s] -- Up-to-date: /home/jsmoon/yax_jeju/install/interfaces_pkg/share/interfaces_pkg/cmake/export_interfaces_pkg__rosidl_generator_pyExport.cmake
[2.098s] -- Up-to-date: /home/jsmoon/yax_jeju/install/interfaces_pkg/share/interfaces_pkg/cmake/export_interfaces_pkg__rosidl_generator_pyExport-noconfig.cmake
[2.098s] Invoked command in '/home/jsmoon/yax_jeju/build/interfaces_pkg' returned '0': CMAKE_PREFIX_PATH=${CMAKE_PREFIX_PATH}:/home/jsmoon/yax_jeju/install/my_custom_pkg:/home/jsmoon/yax_jeju/install/serial_communication_pkg:/home/jsmoon/yax_jeju/install/ntrip_client:/home/jsmoon/yax_jeju/install/lidar_perception_pkg:/home/jsmoon/yax_jeju/install/latlong_utm:/home/jsmoon/yax_jeju/install/decision_making_pkg:/home/jsmoon/yax_jeju/install/debug_pkg:/home/jsmoon/yax_jeju/install/camera_perception_pkg:/opt/ros/humble /usr/bin/cmake --install /home/jsmoon/yax_jeju/build/interfaces_pkg
