[0.084s] Invoking command in '/home/jsmoon/yax_jeju/build/rtcm_msgs': CMAKE_PREFIX_PATH=${CMAKE_PREFIX_PATH}:/home/jsmoon/yax_jeju/install/my_custom_pkg:/home/jsmoon/yax_jeju/install/serial_communication_pkg:/home/jsmoon/yax_jeju/install/ntrip_client:/home/jsmoon/yax_jeju/install/lidar_perception_pkg:/home/jsmoon/yax_jeju/install/latlong_utm:/home/jsmoon/yax_jeju/install/decision_making_pkg:/home/jsmoon/yax_jeju/install/debug_pkg:/home/jsmoon/yax_jeju/install/camera_perception_pkg:/opt/ros/humble /usr/bin/cmake --build /home/jsmoon/yax_jeju/build/rtcm_msgs -- -j16 -l16
[1.621s] [ 12%] Built target rtcm_msgs__rosidl_generator_c
[1.621s] [  9%] Built target rtcm_msgs__cpp
[1.621s] [ 12%] Built target ament_cmake_python_symlink_rtcm_msgs
[1.622s] [ 61%] Built target rtcm_msgs__rosidl_typesupport_fastrtps_cpp
[1.622s] [ 61%] Built target rtcm_msgs__rosidl_typesupport_c
[1.622s] [ 61%] Built target rtcm_msgs__rosidl_typesupport_introspection_cpp
[1.622s] [ 61%] Built target rtcm_msgs__rosidl_typesupport_cpp
[1.622s] [ 61%] Built target rtcm_msgs__rosidl_typesupport_introspection_c
[1.622s] [ 70%] Built target rtcm_msgs__rosidl_typesupport_fastrtps_c
[1.622s] [ 70%] Built target rtcm_msgs
[1.622s] [ 74%] Built target rtcm_msgs__py
[1.622s] [ 80%] Built target rtcm_msgs__rosidl_generator_py
[1.622s] [100%] Built target rtcm_msgs__rosidl_typesupport_fastrtps_c__pyext
[1.622s] [100%] Built target rtcm_msgs__rosidl_typesupport_c__pyext
[1.622s] [100%] Built target rtcm_msgs__rosidl_typesupport_introspection_c__pyext
[1.622s] running egg_info
[1.622s] writing rtcm_msgs.egg-info/PKG-INFO
[1.622s] writing dependency_links to rtcm_msgs.egg-info/dependency_links.txt
[1.622s] writing top-level names to rtcm_msgs.egg-info/top_level.txt
[1.622s] reading manifest file 'rtcm_msgs.egg-info/SOURCES.txt'
[1.622s] writing manifest file 'rtcm_msgs.egg-info/SOURCES.txt'
[1.622s] [100%] Built target ament_cmake_python_build_rtcm_msgs_egg
[1.634s] Invoked command in '/home/jsmoon/yax_jeju/build/rtcm_msgs' returned '0': CMAKE_PREFIX_PATH=${CMAKE_PREFIX_PATH}:/home/jsmoon/yax_jeju/install/my_custom_pkg:/home/jsmoon/yax_jeju/install/serial_communication_pkg:/home/jsmoon/yax_jeju/install/ntrip_client:/home/jsmoon/yax_jeju/install/lidar_perception_pkg:/home/jsmoon/yax_jeju/install/latlong_utm:/home/jsmoon/yax_jeju/install/decision_making_pkg:/home/jsmoon/yax_jeju/install/debug_pkg:/home/jsmoon/yax_jeju/install/camera_perception_pkg:/opt/ros/humble /usr/bin/cmake --build /home/jsmoon/yax_jeju/build/rtcm_msgs -- -j16 -l16
[1.635s] Invoking command in '/home/jsmoon/yax_jeju/build/rtcm_msgs': CMAKE_PREFIX_PATH=${CMAKE_PREFIX_PATH}:/home/jsmoon/yax_jeju/install/my_custom_pkg:/home/jsmoon/yax_jeju/install/serial_communication_pkg:/home/jsmoon/yax_jeju/install/ntrip_client:/home/jsmoon/yax_jeju/install/lidar_perception_pkg:/home/jsmoon/yax_jeju/install/latlong_utm:/home/jsmoon/yax_jeju/install/decision_making_pkg:/home/jsmoon/yax_jeju/install/debug_pkg:/home/jsmoon/yax_jeju/install/camera_perception_pkg:/opt/ros/humble /usr/bin/cmake --install /home/jsmoon/yax_jeju/build/rtcm_msgs
[1.654s] -- Install configuration: ""
[1.654s] -- Execute custom install script
[1.654s] -- Up-to-date symlink: /home/jsmoon/yax_jeju/install/rtcm_msgs/share/ament_index/resource_index/rosidl_interfaces/rtcm_msgs
[1.654s] -- Up-to-date symlink: /home/jsmoon/yax_jeju/install/rtcm_msgs/include/rtcm_msgs/rtcm_msgs/msg/detail/message__functions.h
[1.654s] -- Up-to-date symlink: /home/jsmoon/yax_jeju/install/rtcm_msgs/include/rtcm_msgs/rtcm_msgs/msg/detail/message__struct.h
[1.654s] -- Up-to-date symlink: /home/jsmoon/yax_jeju/install/rtcm_msgs/include/rtcm_msgs/rtcm_msgs/msg/detail/message__type_support.h
[1.654s] -- Up-to-date symlink: /home/jsmoon/yax_jeju/install/rtcm_msgs/include/rtcm_msgs/rtcm_msgs/msg/message.h
[1.654s] -- Up-to-date symlink: /home/jsmoon/yax_jeju/install/rtcm_msgs/include/rtcm_msgs/rtcm_msgs/msg/rosidl_generator_c__visibility_control.h
[1.654s] -- Up-to-date symlink: /home/jsmoon/yax_jeju/install/rtcm_msgs/share/rtcm_msgs/environment/library_path.sh
[1.654s] -- Up-to-date symlink: /home/jsmoon/yax_jeju/install/rtcm_msgs/share/rtcm_msgs/environment/library_path.dsv
[1.654s] -- Up-to-date symlink: /home/jsmoon/yax_jeju/install/rtcm_msgs/include/rtcm_msgs/rtcm_msgs/msg/detail/message__rosidl_typesupport_fastrtps_c.h
[1.654s] -- Up-to-date symlink: /home/jsmoon/yax_jeju/install/rtcm_msgs/include/rtcm_msgs/rtcm_msgs/msg/rosidl_typesupport_fastrtps_c__visibility_control.h
[1.654s] -- Up-to-date symlink: /home/jsmoon/yax_jeju/install/rtcm_msgs/include/rtcm_msgs/rtcm_msgs/msg/detail/message__builder.hpp
[1.654s] -- Up-to-date symlink: /home/jsmoon/yax_jeju/install/rtcm_msgs/include/rtcm_msgs/rtcm_msgs/msg/detail/message__struct.hpp
[1.654s] -- Up-to-date symlink: /home/jsmoon/yax_jeju/install/rtcm_msgs/include/rtcm_msgs/rtcm_msgs/msg/detail/message__traits.hpp
[1.654s] -- Up-to-date symlink: /home/jsmoon/yax_jeju/install/rtcm_msgs/include/rtcm_msgs/rtcm_msgs/msg/detail/message__type_support.hpp
[1.654s] -- Up-to-date symlink: /home/jsmoon/yax_jeju/install/rtcm_msgs/include/rtcm_msgs/rtcm_msgs/msg/message.hpp
[1.654s] -- Up-to-date symlink: /home/jsmoon/yax_jeju/install/rtcm_msgs/include/rtcm_msgs/rtcm_msgs/msg/rosidl_generator_cpp__visibility_control.hpp
[1.654s] -- Up-to-date symlink: /home/jsmoon/yax_jeju/install/rtcm_msgs/include/rtcm_msgs/rtcm_msgs/msg/detail/message__rosidl_typesupport_fastrtps_cpp.hpp
[1.654s] -- Up-to-date symlink: /home/jsmoon/yax_jeju/install/rtcm_msgs/include/rtcm_msgs/rtcm_msgs/msg/rosidl_typesupport_fastrtps_cpp__visibility_control.h
[1.654s] -- Up-to-date symlink: /home/jsmoon/yax_jeju/install/rtcm_msgs/include/rtcm_msgs/rtcm_msgs/msg/detail/message__rosidl_typesupport_introspection_c.h
[1.654s] -- Up-to-date symlink: /home/jsmoon/yax_jeju/install/rtcm_msgs/include/rtcm_msgs/rtcm_msgs/msg/rosidl_typesupport_introspection_c__visibility_control.h
[1.654s] -- Up-to-date symlink: /home/jsmoon/yax_jeju/install/rtcm_msgs/include/rtcm_msgs/rtcm_msgs/msg/detail/message__rosidl_typesupport_introspection_cpp.hpp
[1.655s] -- Up-to-date symlink: /home/jsmoon/yax_jeju/install/rtcm_msgs/share/rtcm_msgs/environment/pythonpath.sh
[1.655s] -- Up-to-date symlink: /home/jsmoon/yax_jeju/install/rtcm_msgs/share/rtcm_msgs/environment/pythonpath.dsv
[1.655s] -- Up-to-date symlink: /home/jsmoon/yax_jeju/install/rtcm_msgs/local/lib/python3.10/dist-packages/rtcm_msgs-1.1.6-py3.10.egg-info/PKG-INFO
[1.655s] -- Up-to-date symlink: /home/jsmoon/yax_jeju/install/rtcm_msgs/local/lib/python3.10/dist-packages/rtcm_msgs-1.1.6-py3.10.egg-info/SOURCES.txt
[1.655s] -- Up-to-date symlink: /home/jsmoon/yax_jeju/install/rtcm_msgs/local/lib/python3.10/dist-packages/rtcm_msgs-1.1.6-py3.10.egg-info/dependency_links.txt
[1.655s] -- Up-to-date symlink: /home/jsmoon/yax_jeju/install/rtcm_msgs/local/lib/python3.10/dist-packages/rtcm_msgs-1.1.6-py3.10.egg-info/top_level.txt
[1.655s] -- Up-to-date symlink: /home/jsmoon/yax_jeju/install/rtcm_msgs/local/lib/python3.10/dist-packages/rtcm_msgs/__init__.py
[1.655s] -- Up-to-date symlink: /home/jsmoon/yax_jeju/install/rtcm_msgs/local/lib/python3.10/dist-packages/rtcm_msgs/_rtcm_msgs_s.ep.rosidl_typesupport_c.c
[1.655s] -- Up-to-date symlink: /home/jsmoon/yax_jeju/install/rtcm_msgs/local/lib/python3.10/dist-packages/rtcm_msgs/_rtcm_msgs_s.ep.rosidl_typesupport_fastrtps_c.c
[1.655s] -- Up-to-date symlink: /home/jsmoon/yax_jeju/install/rtcm_msgs/local/lib/python3.10/dist-packages/rtcm_msgs/_rtcm_msgs_s.ep.rosidl_typesupport_introspection_c.c
[1.655s] -- Up-to-date symlink: /home/jsmoon/yax_jeju/install/rtcm_msgs/local/lib/python3.10/dist-packages/rtcm_msgs/librtcm_msgs__rosidl_generator_py.so
[1.655s] -- Up-to-date symlink: /home/jsmoon/yax_jeju/install/rtcm_msgs/local/lib/python3.10/dist-packages/rtcm_msgs/msg/__init__.py
[1.655s] -- Up-to-date symlink: /home/jsmoon/yax_jeju/install/rtcm_msgs/local/lib/python3.10/dist-packages/rtcm_msgs/msg/_message.py
[1.655s] -- Up-to-date symlink: /home/jsmoon/yax_jeju/install/rtcm_msgs/local/lib/python3.10/dist-packages/rtcm_msgs/msg/_message_s.c
[1.655s] -- Up-to-date symlink: /home/jsmoon/yax_jeju/install/rtcm_msgs/local/lib/python3.10/dist-packages/rtcm_msgs/rtcm_msgs_s__rosidl_typesupport_c.cpython-310-x86_64-linux-gnu.so
[1.655s] -- Up-to-date symlink: /home/jsmoon/yax_jeju/install/rtcm_msgs/local/lib/python3.10/dist-packages/rtcm_msgs/rtcm_msgs_s__rosidl_typesupport_fastrtps_c.cpython-310-x86_64-linux-gnu.so
[1.655s] -- Up-to-date symlink: /home/jsmoon/yax_jeju/install/rtcm_msgs/local/lib/python3.10/dist-packages/rtcm_msgs/rtcm_msgs_s__rosidl_typesupport_introspection_c.cpython-310-x86_64-linux-gnu.so
[1.655s] -- Up-to-date symlink: /home/jsmoon/yax_jeju/install/rtcm_msgs/local/lib/python3.10/dist-packages/rtcm_msgs/rtcm_msgs_s__rosidl_typesupport_fastrtps_c.cpython-310-x86_64-linux-gnu.so
[1.655s] -- Up-to-date symlink: /home/jsmoon/yax_jeju/install/rtcm_msgs/local/lib/python3.10/dist-packages/rtcm_msgs/rtcm_msgs_s__rosidl_typesupport_introspection_c.cpython-310-x86_64-linux-gnu.so
[1.655s] -- Up-to-date symlink: /home/jsmoon/yax_jeju/install/rtcm_msgs/local/lib/python3.10/dist-packages/rtcm_msgs/rtcm_msgs_s__rosidl_typesupport_c.cpython-310-x86_64-linux-gnu.so
[1.655s] -- Up-to-date symlink: /home/jsmoon/yax_jeju/install/rtcm_msgs/share/rtcm_msgs/msg/Message.idl
[1.655s] -- Up-to-date symlink: /home/jsmoon/yax_jeju/install/rtcm_msgs/share/rtcm_msgs/msg/Message.msg
[1.655s] -- Up-to-date symlink: /home/jsmoon/yax_jeju/install/rtcm_msgs/share/ament_index/resource_index/package_run_dependencies/rtcm_msgs
[1.655s] -- Up-to-date symlink: /home/jsmoon/yax_jeju/install/rtcm_msgs/share/ament_index/resource_index/parent_prefix_path/rtcm_msgs
[1.655s] -- Up-to-date symlink: /home/jsmoon/yax_jeju/install/rtcm_msgs/share/rtcm_msgs/environment/ament_prefix_path.sh
[1.656s] -- Up-to-date symlink: /home/jsmoon/yax_jeju/install/rtcm_msgs/share/rtcm_msgs/environment/ament_prefix_path.dsv
[1.656s] -- Up-to-date symlink: /home/jsmoon/yax_jeju/install/rtcm_msgs/share/rtcm_msgs/environment/path.sh
[1.656s] -- Up-to-date symlink: /home/jsmoon/yax_jeju/install/rtcm_msgs/share/rtcm_msgs/environment/path.dsv
[1.656s] -- Up-to-date symlink: /home/jsmoon/yax_jeju/install/rtcm_msgs/share/rtcm_msgs/local_setup.bash
[1.656s] -- Up-to-date symlink: /home/jsmoon/yax_jeju/install/rtcm_msgs/share/rtcm_msgs/local_setup.sh
[1.656s] -- Up-to-date symlink: /home/jsmoon/yax_jeju/install/rtcm_msgs/share/rtcm_msgs/local_setup.zsh
[1.656s] -- Up-to-date symlink: /home/jsmoon/yax_jeju/install/rtcm_msgs/share/rtcm_msgs/local_setup.dsv
[1.661s] -- Symlinking: /home/jsmoon/yax_jeju/install/rtcm_msgs/share/rtcm_msgs/package.dsv
[1.670s] -- Up-to-date symlink: /home/jsmoon/yax_jeju/install/rtcm_msgs/share/ament_index/resource_index/packages/rtcm_msgs
[1.670s] -- Up-to-date symlink: /home/jsmoon/yax_jeju/install/rtcm_msgs/share/rtcm_msgs/cmake/rosidl_cmake-extras.cmake
[1.682s] -- Up-to-date symlink: /home/jsmoon/yax_jeju/install/rtcm_msgs/share/rtcm_msgs/cmake/ament_cmake_export_dependencies-extras.cmake
[1.703s] -- Up-to-date symlink: /home/jsmoon/yax_jeju/install/rtcm_msgs/share/rtcm_msgs/cmake/ament_cmake_export_include_directories-extras.cmake
[1.703s] -- Up-to-date symlink: /home/jsmoon/yax_jeju/install/rtcm_msgs/share/rtcm_msgs/cmake/ament_cmake_export_libraries-extras.cmake
[1.703s] -- Up-to-date symlink: /home/jsmoon/yax_jeju/install/rtcm_msgs/share/rtcm_msgs/cmake/ament_cmake_export_targets-extras.cmake
[1.703s] -- Up-to-date symlink: /home/jsmoon/yax_jeju/install/rtcm_msgs/share/rtcm_msgs/cmake/rosidl_cmake_export_typesupport_targets-extras.cmake
[1.703s] -- Up-to-date symlink: /home/jsmoon/yax_jeju/install/rtcm_msgs/share/rtcm_msgs/cmake/rosidl_cmake_export_typesupport_libraries-extras.cmake
[1.703s] -- Up-to-date symlink: /home/jsmoon/yax_jeju/install/rtcm_msgs/share/rtcm_msgs/cmake/rtcm_msgsConfig.cmake
[1.703s] -- Up-to-date symlink: /home/jsmoon/yax_jeju/install/rtcm_msgs/share/rtcm_msgs/cmake/rtcm_msgsConfig-version.cmake
[1.703s] -- Up-to-date symlink: /home/jsmoon/yax_jeju/install/rtcm_msgs/share/rtcm_msgs/package.xml
[1.703s] -- Up-to-date: /home/jsmoon/yax_jeju/install/rtcm_msgs/lib/librtcm_msgs__rosidl_generator_c.so
[1.703s] -- Up-to-date: /home/jsmoon/yax_jeju/install/rtcm_msgs/lib/librtcm_msgs__rosidl_typesupport_fastrtps_c.so
[1.703s] -- Up-to-date: /home/jsmoon/yax_jeju/install/rtcm_msgs/lib/librtcm_msgs__rosidl_typesupport_fastrtps_cpp.so
[1.703s] -- Up-to-date: /home/jsmoon/yax_jeju/install/rtcm_msgs/lib/librtcm_msgs__rosidl_typesupport_introspection_c.so
[1.703s] -- Up-to-date: /home/jsmoon/yax_jeju/install/rtcm_msgs/lib/librtcm_msgs__rosidl_typesupport_c.so
[1.704s] -- Up-to-date: /home/jsmoon/yax_jeju/install/rtcm_msgs/lib/librtcm_msgs__rosidl_typesupport_introspection_cpp.so
[1.704s] -- Up-to-date: /home/jsmoon/yax_jeju/install/rtcm_msgs/lib/librtcm_msgs__rosidl_typesupport_cpp.so
[1.756s] Listing '/home/jsmoon/yax_jeju/install/rtcm_msgs/local/lib/python3.10/dist-packages/rtcm_msgs'...
[1.756s] Listing '/home/jsmoon/yax_jeju/install/rtcm_msgs/local/lib/python3.10/dist-packages/rtcm_msgs/msg'...
[1.761s] -- Up-to-date: /home/jsmoon/yax_jeju/install/rtcm_msgs/lib/librtcm_msgs__rosidl_generator_py.so
[1.761s] -- Up-to-date: /home/jsmoon/yax_jeju/install/rtcm_msgs/share/rtcm_msgs/cmake/export_rtcm_msgs__rosidl_generator_cExport.cmake
[1.761s] -- Up-to-date: /home/jsmoon/yax_jeju/install/rtcm_msgs/share/rtcm_msgs/cmake/export_rtcm_msgs__rosidl_generator_cExport-noconfig.cmake
[1.761s] -- Up-to-date: /home/jsmoon/yax_jeju/install/rtcm_msgs/share/rtcm_msgs/cmake/export_rtcm_msgs__rosidl_typesupport_fastrtps_cExport.cmake
[1.761s] -- Up-to-date: /home/jsmoon/yax_jeju/install/rtcm_msgs/share/rtcm_msgs/cmake/export_rtcm_msgs__rosidl_typesupport_fastrtps_cExport-noconfig.cmake
[1.761s] -- Up-to-date: /home/jsmoon/yax_jeju/install/rtcm_msgs/share/rtcm_msgs/cmake/export_rtcm_msgs__rosidl_generator_cppExport.cmake
[1.761s] -- Up-to-date: /home/jsmoon/yax_jeju/install/rtcm_msgs/share/rtcm_msgs/cmake/export_rtcm_msgs__rosidl_typesupport_fastrtps_cppExport.cmake
[1.761s] -- Up-to-date: /home/jsmoon/yax_jeju/install/rtcm_msgs/share/rtcm_msgs/cmake/export_rtcm_msgs__rosidl_typesupport_fastrtps_cppExport-noconfig.cmake
[1.761s] -- Up-to-date: /home/jsmoon/yax_jeju/install/rtcm_msgs/share/rtcm_msgs/cmake/rtcm_msgs__rosidl_typesupport_introspection_cExport.cmake
[1.762s] -- Up-to-date: /home/jsmoon/yax_jeju/install/rtcm_msgs/share/rtcm_msgs/cmake/rtcm_msgs__rosidl_typesupport_introspection_cExport-noconfig.cmake
[1.762s] -- Up-to-date: /home/jsmoon/yax_jeju/install/rtcm_msgs/share/rtcm_msgs/cmake/rtcm_msgs__rosidl_typesupport_cExport.cmake
[1.762s] -- Up-to-date: /home/jsmoon/yax_jeju/install/rtcm_msgs/share/rtcm_msgs/cmake/rtcm_msgs__rosidl_typesupport_cExport-noconfig.cmake
[1.762s] -- Up-to-date: /home/jsmoon/yax_jeju/install/rtcm_msgs/share/rtcm_msgs/cmake/rtcm_msgs__rosidl_typesupport_introspection_cppExport.cmake
[1.762s] -- Up-to-date: /home/jsmoon/yax_jeju/install/rtcm_msgs/share/rtcm_msgs/cmake/rtcm_msgs__rosidl_typesupport_introspection_cppExport-noconfig.cmake
[1.762s] -- Up-to-date: /home/jsmoon/yax_jeju/install/rtcm_msgs/share/rtcm_msgs/cmake/rtcm_msgs__rosidl_typesupport_cppExport.cmake
[1.762s] -- Up-to-date: /home/jsmoon/yax_jeju/install/rtcm_msgs/share/rtcm_msgs/cmake/rtcm_msgs__rosidl_typesupport_cppExport-noconfig.cmake
[1.762s] -- Up-to-date: /home/jsmoon/yax_jeju/install/rtcm_msgs/share/rtcm_msgs/cmake/export_rtcm_msgs__rosidl_generator_pyExport.cmake
[1.762s] -- Up-to-date: /home/jsmoon/yax_jeju/install/rtcm_msgs/share/rtcm_msgs/cmake/export_rtcm_msgs__rosidl_generator_pyExport-noconfig.cmake
[1.763s] Invoked command in '/home/jsmoon/yax_jeju/build/rtcm_msgs' returned '0': CMAKE_PREFIX_PATH=${CMAKE_PREFIX_PATH}:/home/jsmoon/yax_jeju/install/my_custom_pkg:/home/jsmoon/yax_jeju/install/serial_communication_pkg:/home/jsmoon/yax_jeju/install/ntrip_client:/home/jsmoon/yax_jeju/install/lidar_perception_pkg:/home/jsmoon/yax_jeju/install/latlong_utm:/home/jsmoon/yax_jeju/install/decision_making_pkg:/home/jsmoon/yax_jeju/install/debug_pkg:/home/jsmoon/yax_jeju/install/camera_perception_pkg:/opt/ros/humble /usr/bin/cmake --install /home/jsmoon/yax_jeju/build/rtcm_msgs
